Component: ARM Compiler 5.06 update 7 (build 960) Tool: armlink [4d3601]

==============================================================================

Section Cross References

    system_at32f425.o(i.system_core_clock_update) refers to at32f425_crm.o(i.crm_sysclk_switch_status_get) for crm_sysclk_switch_status_get
    system_at32f425.o(i.system_core_clock_update) refers to lludivv7m.o(.text) for __aeabi_uldivmod
    system_at32f425.o(i.system_core_clock_update) refers to system_at32f425.o(.data) for system_core_clock
    system_at32f425.o(i.system_core_clock_update) refers to system_at32f425.o(.constdata) for sys_ahb_div_table
    startup_at32f425.o(STACK) refers (Special) to heapauxi.o(.text) for __use_two_region_memory
    startup_at32f425.o(HEAP) refers (Special) to heapauxi.o(.text) for __use_two_region_memory
    startup_at32f425.o(RESET) refers (Special) to heapauxi.o(.text) for __use_two_region_memory
    startup_at32f425.o(RESET) refers to startup_at32f425.o(STACK) for __initial_sp
    startup_at32f425.o(RESET) refers to startup_at32f425.o(.text) for Reset_Handler
    startup_at32f425.o(RESET) refers to at32f425_int.o(i.NMI_Handler) for NMI_Handler
    startup_at32f425.o(RESET) refers to at32f425_int.o(i.HardFault_Handler) for HardFault_Handler
    startup_at32f425.o(RESET) refers to at32f425_int.o(i.MemManage_Handler) for MemManage_Handler
    startup_at32f425.o(RESET) refers to at32f425_int.o(i.BusFault_Handler) for BusFault_Handler
    startup_at32f425.o(RESET) refers to at32f425_int.o(i.UsageFault_Handler) for UsageFault_Handler
    startup_at32f425.o(RESET) refers to at32f425_int.o(i.SVC_Handler) for SVC_Handler
    startup_at32f425.o(RESET) refers to at32f425_int.o(i.DebugMon_Handler) for DebugMon_Handler
    startup_at32f425.o(RESET) refers to at32f425_int.o(i.PendSV_Handler) for PendSV_Handler
    startup_at32f425.o(RESET) refers to at32f425_int.o(i.SysTick_Handler) for SysTick_Handler
    startup_at32f425.o(RESET) refers to bsp_mcu_tim.o(i.TMR2_GLOBAL_IRQHandler) for TMR2_GLOBAL_IRQHandler
    startup_at32f425.o(RESET) refers to bsp_usart3_dma_txrx.o(i.USART4_3_IRQHandler) for USART4_3_IRQHandler
    startup_at32f425.o(.text) refers (Special) to heapauxi.o(.text) for __use_two_region_memory
    startup_at32f425.o(.text) refers to system_at32f425.o(i.SystemInit) for SystemInit
    startup_at32f425.o(.text) refers to __main.o(!!!main) for __main
    startup_at32f425.o(.text) refers to startup_at32f425.o(HEAP) for Heap_Mem
    startup_at32f425.o(.text) refers to startup_at32f425.o(STACK) for Stack_Mem
    at32f425_crm.o(i.crm_clocks_freq_get) refers to at32f425_crm.o(i.crm_sysclk_switch_status_get) for crm_sysclk_switch_status_get
    at32f425_crm.o(i.crm_clocks_freq_get) refers to lludivv7m.o(.text) for __aeabi_uldivmod
    at32f425_crm.o(i.crm_clocks_freq_get) refers to at32f425_crm.o(.constdata) for sclk_ahb_div_table
    at32f425_crm.o(i.crm_hext_stable_wait) refers to at32f425_crm.o(i.crm_flag_get) for crm_flag_get
    at32f425_crm.o(i.crm_hick_sclk_frequency_select) refers to at32f425_crm.o(i.crm_hick_divider_select) for crm_hick_divider_select
    at32f425_crm.o(i.crm_usb_clock_source_select) refers to at32f425_crm.o(i.crm_hick_sclk_frequency_select) for crm_hick_sclk_frequency_select
    at32f425_gpio.o(i.gpio_reset) refers to at32f425_crm.o(i.crm_periph_reset) for crm_periph_reset
    at32f425_usart.o(i.usart_init) refers to at32f425_crm.o(i.crm_clocks_freq_get) for crm_clocks_freq_get
    at32f425_usart.o(i.usart_reset) refers to at32f425_crm.o(i.crm_periph_reset) for crm_periph_reset
    at32f425_adc.o(i.adc_reset) refers to at32f425_crm.o(i.crm_periph_reset) for crm_periph_reset
    at32f425_can.o(i.can_interrupt_flag_get) refers to at32f425_can.o(i.can_flag_get) for can_flag_get
    at32f425_can.o(i.can_message_receive) refers to at32f425_can.o(i.can_receive_fifo_release) for can_receive_fifo_release
    at32f425_can.o(i.can_reset) refers to at32f425_crm.o(i.crm_periph_reset) for crm_periph_reset
    at32f425_ertc.o(i.ertc_alarm_enable) refers to at32f425_ertc.o(i.ertc_write_protect_disable) for ertc_write_protect_disable
    at32f425_ertc.o(i.ertc_alarm_enable) refers to at32f425_ertc.o(i.ertc_wait_flag) for ertc_wait_flag
    at32f425_ertc.o(i.ertc_alarm_enable) refers to at32f425_ertc.o(i.ertc_write_protect_enable) for ertc_write_protect_enable
    at32f425_ertc.o(i.ertc_alarm_get) refers to at32f425_ertc.o(i.ertc_bcd_to_num) for ertc_bcd_to_num
    at32f425_ertc.o(i.ertc_alarm_mask_set) refers to at32f425_ertc.o(i.ertc_write_protect_disable) for ertc_write_protect_disable
    at32f425_ertc.o(i.ertc_alarm_mask_set) refers to at32f425_ertc.o(i.ertc_write_protect_enable) for ertc_write_protect_enable
    at32f425_ertc.o(i.ertc_alarm_set) refers to at32f425_ertc.o(i.ertc_num_to_bcd) for ertc_num_to_bcd
    at32f425_ertc.o(i.ertc_alarm_set) refers to at32f425_ertc.o(i.ertc_write_protect_disable) for ertc_write_protect_disable
[...]
    i.flash_write                            0x08003140   Section        0  bsp_mcu_flash.o(i.flash_write)
    i.gpio_default_para_init                 0x08003158   Section        0  at32f425_gpio.o(i.gpio_default_para_init)
    i.gpio_init                              0x0800316c   Section        0  at32f425_gpio.o(i.gpio_init)
    i.gpio_init1                             0x080031e8   Section        0  bsp_usart3_dma_txrx.o(i.gpio_init1)
    gpio_init1                               0x080031e9   Thumb Code    66  bsp_usart3_dma_txrx.o(i.gpio_init1)
    i.gpio_input_data_bit_read               0x08003230   Section        0  at32f425_gpio.o(i.gpio_input_data_bit_read)
    i.gpio_pin_mux_config                    0x08003242   Section        0  at32f425_gpio.o(i.gpio_pin_mux_config)
    i.handle_running_state                   0x08003284   Section        0  kboard.o(i.handle_running_state)
    i.interaction_kboard_init                0x080032fc   Section        0  kboard.o(i.interaction_kboard_init)
    i.interaction_kboard_update              0x08003324   Section        0  kboard.o(i.interaction_kboard_update)
    i.led_set                                0x08003340   Section        0  led_handler.o(i.led_set)
    i.led_start_show                         0x0800337c   Section        0  led_handler.o(i.led_start_show)
    i.main                                   0x080033b0   Section        0  main.o(i.main)
    i.nvic_init                              0x080033ca   Section        0  bsp_usart3_dma_txrx.o(i.nvic_init)
    nvic_init                                0x080033cb   Thumb Code    20  bsp_usart3_dma_txrx.o(i.nvic_init)
    i.nvic_irq_disable                       0x080033e0   Section        0  at32f425_misc.o(i.nvic_irq_disable)
    i.nvic_irq_enable                        0x0800340c   Section        0  at32f425_misc.o(i.nvic_irq_enable)
    i.nvic_priority_group_config             0x080034d4   Section        0  at32f425_misc.o(i.nvic_priority_group_config)
    i.nvic_vector_table_set                  0x080034fc   Section        0  at32f425_misc.o(i.nvic_vector_table_set)
    i.ota_resend_logic                       0x08003510   Section        0  ota_handler.o(i.ota_resend_logic)
    ota_resend_logic                         0x08003511   Thumb Code    50  ota_handler.o(i.ota_resend_logic)
    i.ota_start                              0x08003550   Section        0  ota_handler.o(i.ota_start)
    i.ota_task                               0x08003594   Section        0  ota_handler.o(i.ota_task)
    ota_task                                 0x08003595   Thumb Code   328  ota_handler.o(i.ota_task)
    i.ota_update                             0x080036fc   Section        0  ota_handler.o(i.ota_update)
    i.ota_upgrade                            0x0800372c   Section        0  ota_handler.o(i.ota_upgrade)
    i.ota_upgrade_flag                       0x0800376c   Section        0  ota_handler.o(i.ota_upgrade_flag)
    i.perhi_init                             0x080037c0   Section        0  bsp_usart3_dma_txrx.o(i.perhi_init)
    perhi_init                               0x080037c1   Thumb Code    58  bsp_usart3_dma_txrx.o(i.perhi_init)
    i.protocol_tlvc_regist                   0x08003808   Section        0  protocol_tlvc.o(i.protocol_tlvc_regist)
    i.prototol_tlvc_decode                   0x080038a8   Section        0  protocol_tlvc.o(i.prototol_tlvc_decode)
    i.prototol_tlvc_pack                     0x080038ce   Section        0  protocol_tlvc.o(i.prototol_tlvc_pack)
    i.rcc_init                               0x0800393c   Section        0  bsp_usart3_dma_txrx.o(i.rcc_init)
    rcc_init                                 0x0800393d   Thumb Code    30  bsp_usart3_dma_txrx.o(i.rcc_init)
    i.read_key                               0x08003964   Section        0  bsp_gpio_key.o(i.read_key)
    i.send_fw                                0x08003c88   Section        0  firmware.o(i.send_fw)
    i.send_uid                               0x08003cc4   Section        0  firmware.o(i.send_uid)
    i.send_ver                               0x08003d18   Section        0  firmware.o(i.send_ver)
    i.sqrt                                   0x08003d54   Section        0  sqrt.o(i.sqrt)
    i.system_clock_config                    0x08003da0   Section        0  at32f425_clock_1.o(i.system_clock_config)
    i.system_core_clock_update               0x08003e08   Section        0  system_at32f425.o(i.system_core_clock_update)
    i.systick_clock_source_config            0x08003f5c   Section        0  at32f425_misc.o(i.systick_clock_source_config)
    i.timer_config                           0x08003f84   Section        0  bsp_pixel_led.o(i.timer_config)
    timer_config                             0x08003f85   Thumb Code   174  bsp_pixel_led.o(i.timer_config)
    i.tlvc_regist                            0x08004048   Section        0  protocol_handler.o(i.tlvc_regist)
    i.tlvc_reset                             0x08004074   Section        0  protocol_tlvc.o(i.tlvc_reset)
    i.tmr_base_init                          0x0800407a   Section        0  at32f425_tmr.o(i.tmr_base_init)
    i.tmr_cnt_dir_set                        0x0800408a   Section        0  at32f425_tmr.o(i.tmr_cnt_dir_set)
    i.tmr_counter_enable                     0x08004094   Section        0  at32f425_tmr.o(i.tmr_counter_enable)
    i.tmr_dma_request_enable                 0x0800409e   Section        0  at32f425_tmr.o(i.tmr_dma_request_enable)
    i.tmr_flag_clear                         0x080040b4   Section        0  at32f425_tmr.o(i.tmr_flag_clear)
    i.tmr_flag_get                           0x080040ba   Section        0  at32f425_tmr.o(i.tmr_flag_get)
    i.tmr_interrupt_enable                   0x080040cc   Section        0  at32f425_tmr.o(i.tmr_interrupt_enable)
    i.tmr_output_channel_config              0x080040e2   Section        0  at32f425_tmr.o(i.tmr_output_channel_config)
    i.tmr_output_default_para_init           0x08004282   Section        0  at32f425_tmr.o(i.tmr_output_default_para_init)
    i.tmr_output_enable                      0x08004294   Section        0  at32f425_tmr.o(i.tmr_output_enable)
    i.transer_send_keyboard                  0x080042a0   Section        0  data_transer_local.o(i.transer_send_keyboard)
    i.usart_data_call                        0x08004374   Section        0  kboard.o(i.usart_data_call)
    usart_data_call                          0x08004375   Thumb Code    32  kboard.o(i.usart_data_call)
    i.usart_data_receive                     0x080043a0   Section        0  at32f425_usart.o(i.usart_data_receive)
    i.usart_dma_transmitter_enable           0x080043a8   Section        0  at32f425_usart.o(i.usart_dma_transmitter_enable)
    i.usart_enable                           0x080043b2   Section        0  at32f425_usart.o(i.usart_enable)
    i.usart_flag_clear                       0x080043bc   Section        0  at32f425_usart.o(i.usart_flag_clear)
    i.usart_init                             0x080043d0   Section        0  at32f425_usart.o(i.usart_init)
    i.usart_interrupt_enable                 0x08004474   Section        0  at32f425_usart.o(i.usart_interrupt_enable)
    i.usart_interrupt_flag_get               0x080044aa   Section        0  at32f425_usart.o(i.usart_interrupt_flag_get)
    i.usart_receiver_enable                  0x0800455a   Section        0  at32f425_usart.o(i.usart_receiver_enable)
    i.usart_transmitter_enable               0x08004564   Section        0  at32f425_usart.o(i.usart_transmitter_enable)
    x$fpl$d2f                                0x08004570   Section       98  d2f.o(x$fpl$d2f)
    x$fpl$dadd                               0x080045d4   Section      336  daddsub_clz.o(x$fpl$dadd)
    _dadd1                                   0x080045e5   Thumb Code     0  daddsub_clz.o(x$fpl$dadd)
    x$fpl$dcmpinf                            0x08004724   Section       24  dcmpi.o(x$fpl$dcmpinf)
    x$fpl$ddiv                               0x0800473c   Section      688  ddiv.o(x$fpl$ddiv)
    ddiv_entry                               0x08004743   Thumb Code     0  ddiv.o(x$fpl$ddiv)
    x$fpl$dfltu                              0x080049ec   Section       38  dflt_clz.o(x$fpl$dfltu)
    x$fpl$dleqf                              0x08004a14   Section      120  dleqf.o(x$fpl$dleqf)
    x$fpl$dmul                               0x08004a8c   Section      340  dmul.o(x$fpl$dmul)
    x$fpl$dnaninf                            0x08004be0   Section      156  dnaninf.o(x$fpl$dnaninf)
    x$fpl$dretinf                            0x08004c7c   Section       12  dretinf.o(x$fpl$dretinf)
    x$fpl$drleqf                             0x08004c88   Section      108  drleqf.o(x$fpl$drleqf)
    x$fpl$dsqrt                              0x08004cf4   Section      408  dsqrt_umaal.o(x$fpl$dsqrt)
    x$fpl$dsub                               0x08004e8c   Section      468  daddsub_clz.o(x$fpl$dsub)
    _dsub1                                   0x08004e9d   Thumb Code     0  daddsub_clz.o(x$fpl$dsub)
    x$fpl$f2d                                0x08005060   Section       86  f2d.o(x$fpl$f2d)
    x$fpl$fadd                               0x080050b8   Section      196  faddsub_clz.o(x$fpl$fadd)
    _fadd1                                   0x080050c7   Thumb Code     0  faddsub_clz.o(x$fpl$fadd)
    x$fpl$fcmpinf                            0x0800517c   Section       24  fcmpi.o(x$fpl$fcmpinf)
    x$fpl$fdiv                               0x08005194   Section      388  fdiv.o(x$fpl$fdiv)
    _fdiv1                                   0x08005195   Thumb Code     0  fdiv.o(x$fpl$fdiv)
    x$fpl$ffltu                              0x08005318   Section       38  fflt_clz.o(x$fpl$ffltu)
    x$fpl$fleqf                              0x08005340   Section      104  fleqf.o(x$fpl$fleqf)
    x$fpl$fmul                               0x080053a8   Section      258  fmul.o(x$fpl$fmul)
    x$fpl$fnaninf                            0x080054aa   Section      140  fnaninf.o(x$fpl$fnaninf)
    x$fpl$fretinf                            0x08005536   Section       10  fretinf.o(x$fpl$fretinf)
    x$fpl$frleqf                             0x08005540   Section       98  frleqf.o(x$fpl$frleqf)
    x$fpl$fsub                               0x080055a4   Section      234  faddsub_clz.o(x$fpl$fsub)
    _fsub1                                   0x080055b3   Thumb Code     0  faddsub_clz.o(x$fpl$fsub)
    .constdata                               0x0800568e   Section       16  system_at32f425.o(.constdata)
    x$fpl$usenofp                            0x0800568e   Section        0  usenofp.o(x$fpl$usenofp)
    sys_ahb_div_table                        0x0800568e   Data          16  system_at32f425.o(.constdata)
    .constdata                               0x0800569e   Section       40  at32f425_crm.o(.constdata)
    sclk_ahb_div_table                       0x0800569e   Data          16  at32f425_crm.o(.constdata)
    ahb_apb1_div_table                       0x080056ae   Data           8  at32f425_crm.o(.constdata)
    ahb_apb2_div_table                       0x080056b6   Data           8  at32f425_crm.o(.constdata)
    adc_div_table                            0x080056be   Data           8  at32f425_crm.o(.constdata)
    .constdata                               0x080056c8   Section     1792  crc.o(.constdata)
    crc16tab                                 0x080056c8   Data         512  crc.o(.constdata)
    crc8tab_msb                              0x080058c8   Data         256  crc.o(.constdata)
    crc32_tab                                0x080059c8   Data        1024  crc.o(.constdata)
    .conststring                             0x08005dc8   Section       26  protocol_handler.o(.conststring)
    .data                                    0x20000000   Section        4  system_at32f425.o(.data)
    .data                                    0x20000004   Section        8  at32f425_clock_1.o(.data)
    fac_us                                   0x20000004   Data           4  at32f425_clock_1.o(.data)
    fac_ms                                   0x20000008   Data           4  at32f425_clock_1.o(.data)
    .data                                    0x2000000c   Section        4  bsp_usart3_dma_txrx.o(.data)
    .data                                    0x20000010   Section        4  bsp_mcu_iap.o(.data)
    .data                                    0x20000014   Section        4  bsp_mcu_tim.o(.data)
    .data                                    0x20000018   Section       37  ota_handler.o(.data)
    packet_retry_count                       0x2000003c   Data           1  ota_handler.o(.data)
    .data                                    0x20000040   Section       84  protocol_handler.o(.data)
    .data                                    0x20000094   Section       12  key_handler.o(.data)
    .data                                    0x200000a0   Section        4  kboard.o(.data)
    .data                                    0x200000a4   Section        4  main.o(.data)
    .bss                                     0x200000a8   Section      160  bsp_mcu_adc.o(.bss)
    .bss                                     0x20000148   Section       20  bsp_usart3_dma_txrx.o(.bss)
    .bss                                     0x2000015c   Section      722  bsp_pixel_led.o(.bss)
    .bss                                     0x2000042e   Section       47  led_handler.o(.bss)
    .bss                                     0x2000045d   Section     1037  ota_handler.o(.bss)
    .bss                                     0x2000086c   Section     1188  protocol_handler.o(.bss)
    .bss                                     0x20000d10   Section       80  key_handler.o(.bss)
    .bss                                     0x20000d60   Section       17  data_transer_local.o(.bss)
    .bss                                     0x20000d74   Section       96  libspace.o(.bss)
    HEAP                                     0x20000dd8   Section      512  startup_at32f425.o(HEAP)
    Heap_Mem                                 0x20000dd8   Data         512  startup_at32f425.o(HEAP)
    STACK                                    0x20000fd8   Section     1024  startup_at32f425.o(STACK)
    Stack_Mem                                0x20000fd8   Data        1024  startup_at32f425.o(STACK)
    __initial_sp                             0x200013d8   Data           0  startup_at32f425.o(STACK)

    Global Symbols

    Symbol Name                              Value     Ov Type        Size  Object(Section)

    BuildAttributes$$THM_ISAv4$E$P$D$K$B$S$7EM$PE$A:L22UL41UL21$X:L11$S22US41US21$IEEE1$IW$USESV6$~STKCKD$USESV7$~SHL$OTIME$ROPI$IEEEJ$EBA8$UX$STANDARDLIB$REQ8$PRES8$EABIv2 0x00000000   Number         0  anon$$obj.o ABSOLUTE
    __ARM_use_no_argv                        0x00000000   Number         0  main.o ABSOLUTE
    __ARM_exceptions_init                     - Undefined Weak Reference
    __alloca_initialize                       - Undefined Weak Reference
    __arm_fini_                               - Undefined Weak Reference
    __arm_preinit_                            - Undefined Weak Reference
    __cpp_initialize__aeabi_                  - Undefined Weak Reference
    __cxa_finalize                            - Undefined Weak Reference
    __rt_locale                               - Undefined Weak Reference
    __sigvec_lookup                           - Undefined Weak Reference
    __user_heap_extent                        - Undefined Weak Reference
    _atexit_init                              - Undefined Weak Reference
    _call_atexit_fns                          - Undefined Weak Reference
    _clock_init                               - Undefined Weak Reference
    _fp_trap_init                             - Undefined Weak Reference
    _fp_trap_shutdown                         - Undefined Weak Reference
    _get_lc_collate                           - Undefined Weak Reference
    _get_lc_ctype                             - Undefined Weak Reference
    _get_lc_monetary                          - Undefined Weak Reference
    _get_lc_numeric                           - Undefined Weak Reference
    _get_lc_time                              - Undefined Weak Reference
    _getenv_init                              - Undefined Weak Reference
    _handle_redirection                       - Undefined Weak Reference
    _initio                                   - Undefined Weak Reference
    _mutex_acquire                            - Undefined Weak Reference
    _mutex_free                               - Undefined Weak Reference
    _mutex_release                            - Undefined Weak Reference
    _rand_init                                - Undefined Weak Reference
    _signal_finish                            - Undefined Weak Reference
    _signal_init                              - Undefined Weak Reference
    _terminateio                              - Undefined Weak Reference
    __Vectors_Size                           0x000000d0   Number         0  startup_at32f425.o ABSOLUTE
    __Vectors                                0x08001000   Data           4  startup_at32f425.o(RESET)
    __Vectors_End                            0x080010d0   Data           0  startup_at32f425.o(RESET)
    __main                                   0x080010d1   Thumb Code     8  __main.o(!!!main)
    __scatterload                            0x080010d9   Thumb Code     0  __scatter.o(!!!scatter)
    __scatterload_rt2                        0x080010d9   Thumb Code    44  __scatter.o(!!!scatter)
    __scatterload_rt2_thumb_only             0x080010d9   Thumb Code     0  __scatter.o(!!!scatter)
    __scatterload_null                       0x080010e7   Thumb Code     0  __scatter.o(!!!scatter)
    __scatterload_copy                       0x0800110d   Thumb Code    26  __scatter_copy.o(!!handler_copy)
    __scatterload_zeroinit                   0x08001129   Thumb Code    28  __scatter_zi.o(!!handler_zi)
    __rt_lib_init                            0x08001145   Thumb Code     0  libinit.o(.ARM.Collect$$libinit$$00000000)
    __rt_lib_init_fp_1                       0x08001147   Thumb Code     0  libinit2.o(.ARM.Collect$$libinit$$00000002)
    __rt_lib_init_heap_2                     0x08001147   Thumb Code     0  libinit2.o(.ARM.Collect$$libinit$$00000005)
    __rt_lib_init_preinit_1                  0x08001147   Thumb Code     0  libinit2.o(.ARM.Collect$$libinit$$00000004)
    __rt_lib_init_alloca_1                   0x0800114f   Thumb Code     0  libinit2.o(.ARM.Collect$$libinit$$0000002E)
    __rt_lib_init_argv_1                     0x0800114f   Thumb Code     0  libinit2.o(.ARM.Collect$$libinit$$0000002C)
    __rt_lib_init_atexit_1                   0x0800114f   Thumb Code     0  libinit2.o(.ARM.Collect$$libinit$$0000001B)
    __rt_lib_init_clock_1                    0x0800114f   Thumb Code     0  libinit2.o(.ARM.Collect$$libinit$$00000021)
    __rt_lib_init_cpp_1                      0x0800114f   Thumb Code     0  libinit2.o(.ARM.Collect$$libinit$$00000032)
    __rt_lib_init_exceptions_1               0x0800114f   Thumb Code     0  libinit2.o(.ARM.Collect$$libinit$$00000030)
    __rt_lib_init_fp_trap_1                  0x0800114f   Thumb Code     0  libinit2.o(.ARM.Collect$$libinit$$0000001F)
    __rt_lib_init_getenv_1                   0x0800114f   Thumb Code     0  libinit2.o(.ARM.Collect$$libinit$$00000023)
    __rt_lib_init_heap_1                     0x0800114f   Thumb Code     0  libinit2.o(.ARM.Collect$$libinit$$0000000A)
    __rt_lib_init_lc_collate_1               0x0800114f   Thumb Code     0  libinit2.o(.ARM.Collect$$libinit$$00000011)
    __rt_lib_init_lc_ctype_1                 0x0800114f   Thumb Code     0  libinit2.o(.ARM.Collect$$libinit$$00000013)
    __rt_lib_init_lc_monetary_1              0x0800114f   Thumb Code     0  libinit2.o(.ARM.Collect$$libinit$$00000015)
    __rt_lib_init_lc_numeric_1               0x0800114f   Thumb Code     0  libinit2.o(.ARM.Collect$$libinit$$00000017)
    __rt_lib_init_lc_time_1                  0x0800114f   Thumb Code     0  libinit2.o(.ARM.Collect$$libinit$$00000019)
    __rt_lib_init_rand_1                     0x0800114f   Thumb Code     0  libinit2.o(.ARM.Collect$$libinit$$0000000E)
    __rt_lib_init_return                     0x0800114f   Thumb Code     0  libinit2.o(.ARM.Collect$$libinit$$00000033)
    __rt_lib_init_signal_1                   0x0800114f   Thumb Code     0  libinit2.o(.ARM.Collect$$libinit$$0000001D)
    __rt_lib_init_stdio_1                    0x0800114f   Thumb Code     0  libinit2.o(.ARM.Collect$$libinit$$00000025)
    __rt_lib_init_user_alloc_1               0x0800114f   Thumb Code     0  libinit2.o(.ARM.Collect$$libinit$$0000000C)
    __rt_lib_shutdown                        0x08001151   Thumb Code     0  libshutdown.o(.ARM.Collect$$libshutdown$$00000000)
    __rt_lib_shutdown_cpp_1                  0x08001153   Thumb Code     0  libshutdown2.o(.ARM.Collect$$libshutdown$$00000004)
    __rt_lib_shutdown_fini_1                 0x08001153   Thumb Code     0  libshutdown2.o(.ARM.Collect$$libshutdown$$00000002)
    __rt_lib_shutdown_fp_trap_1              0x08001153   Thumb Code     0  libshutdown2.o(.ARM.Collect$$libshutdown$$00000009)
    __rt_lib_shutdown_heap_1                 0x08001153   Thumb Code     0  libshutdown2.o(.ARM.Collect$$libshutdown$$00000011)
    __rt_lib_shutdown_return                 0x08001153   Thumb Code     0  libshutdown2.o(.ARM.Collect$$libshutdown$$00000012)
    __rt_lib_shutdown_signal_1               0x08001153   Thumb Code     0  libshutdown2.o(.ARM.Collect$$libshutdown$$0000000C)
    __rt_lib_shutdown_stdio_1                0x08001153   Thumb Code     0  libshutdown2.o(.ARM.Collect$$libshutdown$$00000006)
    __rt_lib_shutdown_user_alloc_1           0x08001153   Thumb Code     0  libshutdown2.o(.ARM.Collect$$libshutdown$$0000000E)
    __rt_entry                               0x08001155   Thumb Code     0  __rtentry.o(.ARM.Collect$$rtentry$$00000000)
    __rt_entry_presh_1                       0x08001155   Thumb Code     0  __rtentry2.o(.ARM.Collect$$rtentry$$00000002)
    __rt_entry_sh                            0x08001155   Thumb Code     0  __rtentry4.o(.ARM.Collect$$rtentry$$00000004)
    __rt_entry_li                            0x0800115b   Thumb Code     0  __rtentry2.o(.ARM.Collect$$rtentry$$0000000A)
    __rt_entry_postsh_1                      0x0800115b   Thumb Code     0  __rtentry2.o(.ARM.Collect$$rtentry$$00000009)
    __rt_entry_main                          0x0800115f   Thumb Code     0  __rtentry2.o(.ARM.Collect$$rtentry$$0000000D)
    __rt_entry_postli_1                      0x0800115f   Thumb Code     0  __rtentry2.o(.ARM.Collect$$rtentry$$0000000C)
    __rt_exit                                0x08001167   Thumb Code     0  rtexit.o(.ARM.Collect$$rtexit$$00000000)
    __rt_exit_ls                             0x08001169   Thumb Code     0  rtexit2.o(.ARM.Collect$$rtexit$$00000003)
    __rt_exit_prels_1                        0x08001169   Thumb Code     0  rtexit2.o(.ARM.Collect$$rtexit$$00000002)
    __rt_exit_exit                           0x0800116d   Thumb Code     0  rtexit2.o(.ARM.Collect$$rtexit$$00000004)
    Reset_Handler                            0x08001175   Thumb Code     8  startup_at32f425.o(.text)
    _maybe_terminate_alloc                   0x08001175   Thumb Code     0  maybetermalloc1.o(.emb_text)
    ACC_IRQHandler                           0x0800118f   Thumb Code     0  startup_at32f425.o(.text)
    ADC1_IRQHandler                          0x0800118f   Thumb Code     0  startup_at32f425.o(.text)
    CAN1_IRQHandler                          0x0800118f   Thumb Code     0  startup_at32f425.o(.text)
    CRM_IRQHandler                           0x0800118f   Thumb Code     0  startup_at32f425.o(.text)
    DMA1_Channel1_IRQHandler                 0x0800118f   Thumb Code     0  startup_at32f425.o(.text)
    DMA1_Channel3_2_IRQHandler               0x0800118f   Thumb Code     0  startup_at32f425.o(.text)
    DMA1_Channel7_4_IRQHandler               0x0800118f   Thumb Code     0  startup_at32f425.o(.text)
    ERTC_IRQHandler                          0x0800118f   Thumb Code     0  startup_at32f425.o(.text)
    EXINT15_4_IRQHandler                     0x0800118f   Thumb Code     0  startup_at32f425.o(.text)
    EXINT1_0_IRQHandler                      0x0800118f   Thumb Code     0  startup_at32f425.o(.text)
    EXINT3_2_IRQHandler                      0x0800118f   Thumb Code     0  startup_at32f425.o(.text)
    FLASH_IRQHandler                         0x0800118f   Thumb Code     0  startup_at32f425.o(.text)
    I2C1_ERR_IRQHandler                      0x0800118f   Thumb Code     0  startup_at32f425.o(.text)
    I2C1_EVT_IRQHandler                      0x0800118f   Thumb Code     0  startup_at32f425.o(.text)
    I2C2_ERR_IRQHandler                      0x0800118f   Thumb Code     0  startup_at32f425.o(.text)
    I2C2_EVT_IRQHandler                      0x0800118f   Thumb Code     0  startup_at32f425.o(.text)
    OTGFS1_IRQHandler                        0x0800118f   Thumb Code     0  startup_at32f425.o(.text)
    PVM_IRQHandler                           0x0800118f   Thumb Code     0  startup_at32f425.o(.text)
    SPI1_IRQHandler                          0x0800118f   Thumb Code     0  startup_at32f425.o(.text)
    SPI2_IRQHandler                          0x0800118f   Thumb Code     0  startup_at32f425.o(.text)
    SPI3_IRQHandler                          0x0800118f   Thumb Code     0  startup_at32f425.o(.text)
    TMR13_GLOBAL_IRQHandler                  0x0800118f   Thumb Code     0  startup_at32f425.o(.text)
    TMR14_GLOBAL_IRQHandler                  0x0800118f   Thumb Code     0  startup_at32f425.o(.text)
    TMR15_GLOBAL_IRQHandler                  0x0800118f   Thumb Code     0  startup_at32f425.o(.text)
    TMR16_GLOBAL_IRQHandler                  0x0800118f   Thumb Code     0  startup_at32f425.o(.text)
    TMR17_GLOBAL_IRQHandler                  0x0800118f   Thumb Code     0  startup_at32f425.o(.text)
    TMR1_BRK_OVF_TRG_HALL_IRQHandler         0x0800118f   Thumb Code     0  startup_at32f425.o(.text)
    TMR1_CH_IRQHandler                       0x0800118f   Thumb Code     0  startup_at32f425.o(.text)
    TMR3_GLOBAL_IRQHandler                   0x0800118f   Thumb Code     0  startup_at32f425.o(.text)
    TMR6_GLOBAL_IRQHandler                   0x0800118f   Thumb Code     0  startup_at32f425.o(.text)
    TMR7_GLOBAL_IRQHandler                   0x0800118f   Thumb Code     0  startup_at32f425.o(.text)
    USART1_IRQHandler                        0x0800118f   Thumb Code     0  startup_at32f425.o(.text)
    USART2_IRQHandler                        0x0800118f   Thumb Code     0  startup_at32f425.o(.text)
    WWDT_IRQHandler                          0x0800118f   Thumb Code     0  startup_at32f425.o(.text)
    __user_initial_stackheap                 0x08001191   Thumb Code     0  startup_at32f425.o(.text)
    malloc                                   0x080011b5   Thumb Code    94  h1_alloc.o(.text)
    __aeabi_uldivmod                         0x08001213   Thumb Code     0  lludivv7m.o(.text)
    _ll_udiv                                 0x08001213   Thumb Code   238  lludivv7m.o(.text)
    strncmp                                  0x08001301   Thumb Code   150  strncmp.o(.text)
    __aeabi_memcpy                           0x08001397   Thumb Code     0  rt_memcpy_v6.o(.text)
    __rt_memcpy                              0x08001397   Thumb Code   138  rt_memcpy_v6.o(.text)
    _memcpy_lastbytes                        0x080013fd   Thumb Code     0  rt_memcpy_v6.o(.text)
    __aeabi_memclr                           0x08001421   Thumb Code     0  rt_memclr.o(.text)
    __rt_memclr                              0x08001421   Thumb Code    68  rt_memclr.o(.text)
    _memset                                  0x08001425   Thumb Code     0  rt_memclr.o(.text)
    __aeabi_memclr4                          0x08001465   Thumb Code     0  rt_memclr_w.o(.text)
    __aeabi_memclr8                          0x08001465   Thumb Code     0  rt_memclr_w.o(.text)
    __rt_memclr_w                            0x08001465   Thumb Code    78  rt_memclr_w.o(.text)
    _memset_w                                0x08001469   Thumb Code     0  rt_memclr_w.o(.text)
    __use_two_region_memory                  0x080014b3   Thumb Code     2  heapauxi.o(.text)
    __rt_heap_escrow                         0x080014b5   Thumb Code     2  heapauxi.o(.text)
    __rt_heap_expand                         0x080014b7   Thumb Code     2  heapauxi.o(.text)
    __rt_heap_descriptor                     0x080014b9   Thumb Code     8  rt_heap_descriptor_intlibspace.o(.text)
    __use_no_heap                            0x080014c1   Thumb Code     2  hguard.o(.text)
    __heap$guard                             0x080014c3   Thumb Code     2  hguard.o(.text)
    _terminate_user_alloc                    0x080014c5   Thumb Code     2  init_alloc.o(.text)
    _init_user_alloc                         0x080014c7   Thumb Code     2  init_alloc.o(.text)
    __Heap_Full                              0x080014c9   Thumb Code    34  init_alloc.o(.text)
    __Heap_Broken                            0x080014eb   Thumb Code     6  init_alloc.o(.text)
    _init_alloc                              0x080014f1   Thumb Code    94  init_alloc.o(.text)
    __Heap_Initialize                        0x0800154f   Thumb Code    10  h1_init.o(.text)
    __Heap_DescSize                          0x08001559   Thumb Code     4  h1_init.o(.text)
    free                                     0x0800155d   Thumb Code    78  h1_free.o(.text)
    __read_errno                             0x080015ab   Thumb Code    10  _rserrno.o(.text)
    __set_errno                              0x080015b5   Thumb Code    12  _rserrno.o(.text)
    __aeabi_memcpy4                          0x080015c1   Thumb Code     0  rt_memcpy_w.o(.text)
    __aeabi_memcpy8                          0x080015c1   Thumb Code     0  rt_memcpy_w.o(.text)
    __rt_memcpy_w                            0x080015c1   Thumb Code   100  rt_memcpy_w.o(.text)
    _memcpy_lastbytes_aligned                0x08001609   Thumb Code     0  rt_memcpy_w.o(.text)
    __user_libspace                          0x08001625   Thumb Code     8  libspace.o(.text)
    __user_perproc_libspace                  0x08001625   Thumb Code     0  libspace.o(.text)
    __user_perthread_libspace                0x08001625   Thumb Code     0  libspace.o(.text)
    __aeabi_errno_addr                       0x0800162d   Thumb Code     8  rt_errno_addr_intlibspace.o(.text)
    __errno$intlibspace                      0x0800162d   Thumb Code     0  rt_errno_addr_intlibspace.o(.text)
    __rt_errno_addr$intlibspace              0x0800162d   Thumb Code     0  rt_errno_addr_intlibspace.o(.text)
    __Heap_ProvideMemory                     0x08001635   Thumb Code    52  h1_extend.o(.text)
    __rt_SIGRTMEM                            0x08001669   Thumb Code    14  defsig_rtmem_outer.o(.text)
    __I$use$semihosting                      0x08001677   Thumb Code     0  use_no_semi.o(.text)
    __use_no_semihosting_swi                 0x08001677   Thumb Code     2  use_no_semi.o(.text)
    __semihosting_library_function           0x08001679   Thumb Code     0  indicate_semi.o(.text)
    __user_setup_stackheap                   0x08001679   Thumb Code    74  sys_stackheap_outer.o(.text)
    exit                                     0x080016c3   Thumb Code    18  exit.o(.text)
    __sig_exit                               0x080016d5   Thumb Code    10  defsig_exit.o(.text)
    __rt_SIGRTMEM_inner                      0x080016e1   Thumb Code    22  defsig_rtmem_inner.o(.text)
    _sys_exit                                0x08001731   Thumb Code     8  sys_exit.o(.text)
    __default_signal_display                 0x0800173d   Thumb Code    50  defsig_general.o(.text)
    _ttywrch                                 0x0800176f   Thumb Code    14  sys_wrch.o(.text)
    BusFault_Handler                         0x0800177d   Thumb Code     4  at32f425_int.o(i.BusFault_Handler)
    DebugMon_Handler                         0x08001781   Thumb Code     2  at32f425_int.o(i.DebugMon_Handler)
    Delay_ms                                 0x08001785   Thumb Code   108  at32f425_clock_1.o(i.Delay_ms)
    HardFault_Handler                        0x080017f5   Thumb Code     4  at32f425_int.o(i.HardFault_Handler)
    MemManage_Handler                        0x080017f9   Thumb Code     4  at32f425_int.o(i.MemManage_Handler)
    NMI_Handler                              0x080017fd   Thumb Code     2  at32f425_int.o(i.NMI_Handler)
    PendSV_Handler                           0x080017ff   Thumb Code     2  at32f425_int.o(i.PendSV_Handler)
    SVC_Handler                              0x08001801   Thumb Code     2  at32f425_int.o(i.SVC_Handler)
    SysTick_Handler                          0x08001803   Thumb Code     2  at32f425_int.o(i.SysTick_Handler)
    SystemInit                               0x08001805   Thumb Code    96  system_at32f425.o(i.SystemInit)
    TMR2_GLOBAL_IRQHandler                   0x08001871   Thumb Code    42  bsp_mcu_tim.o(i.TMR2_GLOBAL_IRQHandler)
    USART4_3_IRQHandler                      0x080018a5   Thumb Code    50  bsp_usart3_dma_txrx.o(i.USART4_3_IRQHandler)
    UsageFault_Handler                       0x080018e1   Thumb Code     4  at32f425_int.o(i.UsageFault_Handler)
    adc_base_config                          0x08001901   Thumb Code    44  at32f425_adc.o(i.adc_base_config)
    adc_base_default_para_init               0x0800192d   Thumb Code    14  at32f425_adc.o(i.adc_base_default_para_init)
    adc_calibration_init                     0x0800193b   Thumb Code    12  at32f425_adc.o(i.adc_calibration_init)
    adc_calibration_init_status_get          0x08001947   Thumb Code    18  at32f425_adc.o(i.adc_calibration_init_status_get)
    adc_calibration_start                    0x08001959   Thumb Code    12  at32f425_adc.o(i.adc_calibration_start)
    adc_calibration_status_get               0x08001965   Thumb Code    18  at32f425_adc.o(i.adc_calibration_status_get)
    adc_dma_mode_enable                      0x08001977   Thumb Code    10  at32f425_adc.o(i.adc_dma_mode_enable)
    adc_enable                               0x08001981   Thumb Code    10  at32f425_adc.o(i.adc_enable)
    adc_ordinary_channel_set                 0x0800198b   Thumb Code   168  at32f425_adc.o(i.adc_ordinary_channel_set)
    adc_ordinary_conversion_trigger_set      0x08001a33   Thumb Code    52  at32f425_adc.o(i.adc_ordinary_conversion_trigger_set)
    adc_ordinary_software_trigger_enable     0x08001a67   Thumb Code    10  at32f425_adc.o(i.adc_ordinary_software_trigger_enable)
    app_load                                 0x08001a71   Thumb Code   160  bsp_mcu_iap.o(i.app_load)
    arpstate_adc                             0x08001b21   Thumb Code    60  key_handler.o(i.arpstate_adc)
    bias_adc_update                          0x08001b61   Thumb Code   590  key_handler.o(i.bias_adc_update)
    board_init                               0x08001df9   Thumb Code    32  board.o(i.board_init)
    bsp_key_gpio_init                        0x08001e19   Thumb Code   148  bsp_gpio_key.o(i.bsp_key_gpio_init)
    bsp_key_gpio_scan                        0x08001ec1   Thumb Code    38  key_handler.o(i.bsp_key_gpio_scan)
    bsp_mcu_adc_deinit                       0x08001eed   Thumb Code    42  bsp_mcu_adc.o(i.bsp_mcu_adc_deinit)
    bsp_mcu_adc_init                         0x08001f21   Thumb Code   418  bsp_mcu_adc.o(i.bsp_mcu_adc_init)
    bsp_pixel_led_flush                      0x080020dd   Thumb Code    18  bsp_pixel_led.o(i.bsp_pixel_led_flush)
    bsp_pixel_led_init                       0x080020fd   Thumb Code    12  bsp_pixel_led.o(i.bsp_pixel_led_init)
    bsp_pixel_led_update                     0x08002109   Thumb Code    20  bsp_pixel_led.o(i.bsp_pixel_led_update)
    bsp_tim_init                             0x08002129   Thumb Code    80  bsp_mcu_tim.o(i.bsp_tim_init)
    bsp_usart3_dma_init                      0x08002179   Thumb Code    66  bsp_usart3_dma_txrx.o(i.bsp_usart3_dma_init)
    bsp_usart3_dma_txrx_init                 0x080021c9   Thumb Code    24  bsp_usart3_dma_txrx.o(i.bsp_usart3_dma_txrx_init)
    bsp_usart3_regist_data_call              0x080021e1   Thumb Code     6  bsp_usart3_dma_txrx.o(i.bsp_usart3_regist_data_call)
    bsp_usart3_update_trans                  0x080021ed   Thumb Code    84  bsp_usart3_dma_txrx.o(i.bsp_usart3_update_trans)
    convert_keys_to_notes                    0x08002355   Thumb Code   746  key_handler.o(i.convert_keys_to_notes)
    crc16                                    0x08002649   Thumb Code    40  crc.o(i.crc16)
    crc32                                    0x08002675   Thumb Code    92  crc.o(i.crc32)
    crc8                                     0x080026d5   Thumb Code    28  crc.o(i.crc8)
    crm_adc_clock_div_set                    0x080026f5   Thumb Code    28  at32f425_crm.o(i.crm_adc_clock_div_set)
    crm_ahb_div_set                          0x08002715   Thumb Code    14  at32f425_crm.o(i.crm_ahb_div_set)
    crm_apb1_div_set                         0x08002729   Thumb Code    14  at32f425_crm.o(i.crm_apb1_div_set)
    crm_apb2_div_set                         0x0800273d   Thumb Code    14  at32f425_crm.o(i.crm_apb2_div_set)
    crm_clock_source_enable                  0x08002751   Thumb Code    90  at32f425_crm.o(i.crm_clock_source_enable)
    crm_clocks_freq_get                      0x080027b1   Thumb Code   396  at32f425_crm.o(i.crm_clocks_freq_get)
    crm_flag_get                             0x0800295d   Thumb Code    42  at32f425_crm.o(i.crm_flag_get)
    crm_hext_stable_wait                     0x0800298d   Thumb Code    46  at32f425_crm.o(i.crm_hext_stable_wait)
    crm_periph_clock_enable                  0x080029bd   Thumb Code    62  at32f425_crm.o(i.crm_periph_clock_enable)
    crm_pll_config                           0x08002a01   Thumb Code   224  at32f425_crm.o(i.crm_pll_config)
    crm_reset                                0x08002b15   Thumb Code    90  at32f425_crm.o(i.crm_reset)
    crm_sysclk_switch                        0x08002b79   Thumb Code    14  at32f425_crm.o(i.crm_sysclk_switch)
    crm_sysclk_switch_status_get             0x08002b8d   Thumb Code    10  at32f425_crm.o(i.crm_sysclk_switch_status_get)
    data_ack                                 0x08002b9d   Thumb Code    50  ota_handler.o(i.data_ack)
    delay_init                               0x08002d91   Thumb Code    38  at32f425_clock_1.o(i.delay_init)
    dma_channel_enable                       0x08002dc9   Thumb Code    10  at32f425_dma.o(i.dma_channel_enable)
    dma_default_para_init                    0x08002e59   Thumb Code    24  at32f425_dma.o(i.dma_default_para_init)
    dma_flag_clear                           0x08002e71   Thumb Code     6  at32f425_dma.o(i.dma_flag_clear)
    dma_flag_get                             0x08002e7d   Thumb Code    24  at32f425_dma.o(i.dma_flag_get)
    dma_flexible_config                      0x08002e99   Thumb Code   152  at32f425_dma.o(i.dma_flexible_config)
    dma_init                                 0x08002f31   Thumb Code    92  at32f425_dma.o(i.dma_init)
    dma_reset                                0x08002f8d   Thumb Code    50  at32f425_dma.o(i.dma_reset)
    flash_1kb_write                          0x08002fc5   Thumb Code    62  bsp_mcu_flash.o(i.flash_1kb_write)
    flash_8b_write                           0x08003003   Thumb Code    64  bsp_mcu_flash.o(i.flash_8b_write)
    flash_halfword_program                   0x08003045   Thumb Code    50  at32f425_flash.o(i.flash_halfword_program)
    flash_lock                               0x0800307d   Thumb Code    16  at32f425_flash.o(i.flash_lock)
    flash_operation_status_get               0x08003091   Thumb Code    48  at32f425_flash.o(i.flash_operation_status_get)
    flash_operation_wait_for                 0x080030c5   Thumb Code    36  at32f425_flash.o(i.flash_operation_wait_for)
    flash_sector_erase                       0x080030e9   Thumb Code    58  at32f425_flash.o(i.flash_sector_erase)
    flash_unlock                             0x08003129   Thumb Code    12  at32f425_flash.o(i.flash_unlock)
    flash_write                              0x08003141   Thumb Code    20  bsp_mcu_flash.o(i.flash_write)
    gpio_default_para_init                   0x08003159   Thumb Code    20  at32f425_gpio.o(i.gpio_default_para_init)
    gpio_init                                0x0800316d   Thumb Code   122  at32f425_gpio.o(i.gpio_init)
    gpio_input_data_bit_read                 0x08003231   Thumb Code    18  at32f425_gpio.o(i.gpio_input_data_bit_read)
    gpio_pin_mux_config                      0x08003243   Thumb Code    66  at32f425_gpio.o(i.gpio_pin_mux_config)
    handle_running_state                     0x08003285   Thumb Code   100  kboard.o(i.handle_running_state)
    interaction_kboard_init                  0x080032fd   Thumb Code    30  kboard.o(i.interaction_kboard_init)
    interaction_kboard_update                0x08003325   Thumb Code    22  kboard.o(i.interaction_kboard_update)
    led_set                                  0x08003341   Thumb Code    56  led_handler.o(i.led_set)
    led_start_show                           0x0800337d   Thumb Code    52  led_handler.o(i.led_start_show)
    main                                     0x080033b1   Thumb Code    26  main.o(i.main)
    nvic_irq_disable                         0x080033e1   Thumb Code    38  at32f425_misc.o(i.nvic_irq_disable)
    nvic_irq_enable                          0x0800340d   Thumb Code   190  at32f425_misc.o(i.nvic_irq_enable)
    nvic_priority_group_config               0x080034d5   Thumb Code    32  at32f425_misc.o(i.nvic_priority_group_config)
    nvic_vector_table_set                    0x080034fd   Thumb Code    12  at32f425_misc.o(i.nvic_vector_table_set)
    ota_start                                0x08003551   Thumb Code    56  ota_handler.o(i.ota_start)
    ota_update                               0x080036fd   Thumb Code    40  ota_handler.o(i.ota_update)
    ota_upgrade                              0x0800372d   Thumb Code    50  ota_handler.o(i.ota_upgrade)
    ota_upgrade_flag                         0x0800376d   Thumb Code    72  ota_handler.o(i.ota_upgrade_flag)
    protocol_tlvc_regist                     0x08003809   Thumb Code   160  protocol_tlvc.o(i.protocol_tlvc_regist)
    prototol_tlvc_decode                     0x080038a9   Thumb Code    38  protocol_tlvc.o(i.prototol_tlvc_decode)
    prototol_tlvc_pack                       0x080038cf   Thumb Code   110  protocol_tlvc.o(i.prototol_tlvc_pack)
    read_key                                 0x08003965   Thumb Code   786  bsp_gpio_key.o(i.read_key)
    send_fw                                  0x08003c89   Thumb Code    54  firmware.o(i.send_fw)
    send_uid                                 0x08003cc5   Thumb Code    76  firmware.o(i.send_uid)
    send_ver                                 0x08003d19   Thumb Code    52  firmware.o(i.send_ver)
    sqrt                                     0x08003d55   Thumb Code    76  sqrt.o(i.sqrt)
    system_clock_config                      0x08003da1   Thumb Code   100  at32f425_clock_1.o(i.system_clock_config)
    system_core_clock_update                 0x08003e09   Thumb Code   316  system_at32f425.o(i.system_core_clock_update)
    systick_clock_source_config              0x08003f5d   Thumb Code    40  at32f425_misc.o(i.systick_clock_source_config)
    tlvc_regist                              0x08004049   Thumb Code    30  protocol_handler.o(i.tlvc_regist)
    tlvc_reset                               0x08004075   Thumb Code     6  protocol_tlvc.o(i.tlvc_reset)
    tmr_base_init                            0x0800407b   Thumb Code    16  at32f425_tmr.o(i.tmr_base_init)
    tmr_cnt_dir_set                          0x0800408b   Thumb Code    10  at32f425_tmr.o(i.tmr_cnt_dir_set)
    tmr_counter_enable                       0x08004095   Thumb Code    10  at32f425_tmr.o(i.tmr_counter_enable)
    tmr_dma_request_enable                   0x0800409f   Thumb Code    22  at32f425_tmr.o(i.tmr_dma_request_enable)
    tmr_flag_clear                           0x080040b5   Thumb Code     6  at32f425_tmr.o(i.tmr_flag_clear)
    tmr_flag_get                             0x080040bb   Thumb Code    18  at32f425_tmr.o(i.tmr_flag_get)
    tmr_interrupt_enable                     0x080040cd   Thumb Code    22  at32f425_tmr.o(i.tmr_interrupt_enable)
    tmr_output_channel_config                0x080040e3   Thumb Code   416  at32f425_tmr.o(i.tmr_output_channel_config)
    tmr_output_default_para_init             0x08004283   Thumb Code    18  at32f425_tmr.o(i.tmr_output_default_para_init)
    tmr_output_enable                        0x08004295   Thumb Code    10  at32f425_tmr.o(i.tmr_output_enable)
    transer_send_keyboard                    0x080042a1   Thumb Code   202  data_transer_local.o(i.transer_send_keyboard)
    usart_data_receive                       0x080043a1   Thumb Code     8  at32f425_usart.o(i.usart_data_receive)
    usart_dma_transmitter_enable             0x080043a9   Thumb Code    10  at32f425_usart.o(i.usart_dma_transmitter_enable)
    usart_enable                             0x080043b3   Thumb Code    10  at32f425_usart.o(i.usart_enable)
    usart_flag_clear                         0x080043bd   Thumb Code    18  at32f425_usart.o(i.usart_flag_clear)
    usart_init                               0x080043d1   Thumb Code   160  at32f425_usart.o(i.usart_init)
    usart_interrupt_enable                   0x08004475   Thumb Code    54  at32f425_usart.o(i.usart_interrupt_enable)
    usart_interrupt_flag_get                 0x080044ab   Thumb Code   176  at32f425_usart.o(i.usart_interrupt_flag_get)
    usart_receiver_enable                    0x0800455b   Thumb Code    10  at32f425_usart.o(i.usart_receiver_enable)
    usart_transmitter_enable                 0x08004565   Thumb Code    10  at32f425_usart.o(i.usart_transmitter_enable)
    __aeabi_d2f                              0x08004571   Thumb Code     0  d2f.o(x$fpl$d2f)
    _d2f                                     0x08004571   Thumb Code    98  d2f.o(x$fpl$d2f)
    __aeabi_dadd                             0x080045d5   Thumb Code     0  daddsub_clz.o(x$fpl$dadd)
    _dadd                                    0x080045d5   Thumb Code   332  daddsub_clz.o(x$fpl$dadd)
    __fpl_dcmp_Inf                           0x08004725   Thumb Code    24  dcmpi.o(x$fpl$dcmpinf)
    __aeabi_ddiv                             0x0800473d   Thumb Code     0  ddiv.o(x$fpl$ddiv)
    _ddiv                                    0x0800473d   Thumb Code   552  ddiv.o(x$fpl$ddiv)
    __aeabi_ui2d                             0x080049ed   Thumb Code     0  dflt_clz.o(x$fpl$dfltu)
    _dfltu                                   0x080049ed   Thumb Code    38  dflt_clz.o(x$fpl$dfltu)
    __aeabi_cdcmple                          0x08004a15   Thumb Code     0  dleqf.o(x$fpl$dleqf)
    _dcmple                                  0x08004a15   Thumb Code   120  dleqf.o(x$fpl$dleqf)
    __fpl_dcmple_InfNaN                      0x08004a77   Thumb Code     0  dleqf.o(x$fpl$dleqf)
    __aeabi_dmul                             0x08004a8d   Thumb Code     0  dmul.o(x$fpl$dmul)
    _dmul                                    0x08004a8d   Thumb Code   332  dmul.o(x$fpl$dmul)
    __fpl_dnaninf                            0x08004be1   Thumb Code   156  dnaninf.o(x$fpl$dnaninf)
    __fpl_dretinf                            0x08004c7d   Thumb Code    12  dretinf.o(x$fpl$dretinf)
    __aeabi_cdrcmple                         0x08004c89   Thumb Code     0  drleqf.o(x$fpl$drleqf)
    _drcmple                                 0x08004c89   Thumb Code   108  drleqf.o(x$fpl$drleqf)
    _dsqrt                                   0x08004cf5   Thumb Code   404  dsqrt_umaal.o(x$fpl$dsqrt)
    __aeabi_dsub                             0x08004e8d   Thumb Code     0  daddsub_clz.o(x$fpl$dsub)
    _dsub                                    0x08004e8d   Thumb Code   464  daddsub_clz.o(x$fpl$dsub)
    __aeabi_f2d                              0x08005061   Thumb Code     0  f2d.o(x$fpl$f2d)
    _f2d                                     0x08005061   Thumb Code    86  f2d.o(x$fpl$f2d)
    __aeabi_fadd                             0x080050b9   Thumb Code     0  faddsub_clz.o(x$fpl$fadd)
    _fadd                                    0x080050b9   Thumb Code   196  faddsub_clz.o(x$fpl$fadd)
    __fpl_fcmp_Inf                           0x0800517d   Thumb Code    24  fcmpi.o(x$fpl$fcmpinf)
    __aeabi_fdiv                             0x08005195   Thumb Code     0  fdiv.o(x$fpl$fdiv)
    _fdiv                                    0x08005195   Thumb Code   384  fdiv.o(x$fpl$fdiv)
    __aeabi_ui2f                             0x08005319   Thumb Code     0  fflt_clz.o(x$fpl$ffltu)
    _ffltu                                   0x08005319   Thumb Code    38  fflt_clz.o(x$fpl$ffltu)
    __aeabi_cfcmple                          0x08005341   Thumb Code     0  fleqf.o(x$fpl$fleqf)
    _fcmple                                  0x08005341   Thumb Code   104  fleqf.o(x$fpl$fleqf)
    __fpl_fcmple_InfNaN                      0x08005393   Thumb Code     0  fleqf.o(x$fpl$fleqf)
    __aeabi_fmul                             0x080053a9   Thumb Code     0  fmul.o(x$fpl$fmul)
    _fmul                                    0x080053a9   Thumb Code   258  fmul.o(x$fpl$fmul)
    __fpl_fnaninf                            0x080054ab   Thumb Code   140  fnaninf.o(x$fpl$fnaninf)
    __fpl_fretinf                            0x08005537   Thumb Code    10  fretinf.o(x$fpl$fretinf)
    __aeabi_cfrcmple                         0x08005541   Thumb Code     0  frleqf.o(x$fpl$frleqf)
    _frcmple                                 0x08005541   Thumb Code    98  frleqf.o(x$fpl$frleqf)
    __aeabi_fsub                             0x080055a5   Thumb Code     0  faddsub_clz.o(x$fpl$fsub)
    _fsub                                    0x080055a5   Thumb Code   234  faddsub_clz.o(x$fpl$fsub)
    __I$use$fp                               0x0800568e   Number         0  usenofp.o(x$fpl$usenofp)
    Region$$Table$$Base                      0x08005de4   Number         0  anon$$obj.o(Region$$Table)
    Region$$Table$$Limit                     0x08005e04   Number         0  anon$$obj.o(Region$$Table)
    system_core_clock                        0x20000000   Data           4  system_at32f425.o(.data)
    p_call                                   0x2000000c   Data           4  bsp_usart3_dma_txrx.o(.data)
    jump_to_app                              0x20000010   Data           4  bsp_mcu_iap.o(.data)
    tim_ms                                   0x20000014   Data           2  bsp_mcu_tim.o(.data)
    hz_1000                                  0x20000016   Data           2  bsp_mcu_tim.o(.data)
    fboard_ota                               0x20000018   Data          36  ota_handler.o(.data)
    msg_elems                                0x20000040   Data          84  protocol_handler.o(.data)
    key_resistor_var                         0x20000094   Data           4  key_handler.o(.data)
    key_resistor_avg                         0x20000098   Data           4  key_handler.o(.data)
    bias_vol                                 0x2000009c   Data           4  key_handler.o(.data)
    status                                   0x200000a0   Data           1  kboard.o(.data)
    send_hz                                  0x200000a2   Data           2  kboard.o(.data)
    fboard_ver                               0x200000a4   Data           4  main.o(.data)
    adc_sample                               0x200000a8   Data         160  bsp_mcu_adc.o(.bss)
    dma_init_struct                          0x20000148   Data          20  bsp_usart3_dma_txrx.o(.bss)
    frames                                   0x2000015c   Data         680  bsp_pixel_led.o(.bss)
    rbufer                                   0x20000404   Data          14  bsp_pixel_led.o(.bss)
    gbufer                                   0x20000412   Data          14  bsp_pixel_led.o(.bss)
    bbufer                                   0x20000420   Data          14  bsp_pixel_led.o(.bss)
    packed_pixel                             0x2000042e   Data          47  led_handler.o(.bss)
    fw_info                                  0x2000045d   Data          13  ota_handler.o(.bss)
    ota_buffer                               0x2000046a   Data        1024  ota_handler.o(.bss)
    decoder                                  0x2000086c   Data          36  protocol_handler.o(.bss)
    tlvc_buffer                              0x20000890   Data        1152  protocol_handler.o(.bss)
    key_matrix_cur                           0x20000d10   Data          36  key_handler.o(.bss)
    kboard_cur                               0x20000d34   Data          44  key_handler.o(.bss)
    packed_keys                              0x20000d60   Data          17  data_transer_local.o(.bss)
    __libspace_start                         0x20000d74   Data          96  libspace.o(.bss)
    __temporary_stack_top$libspace           0x20000dd4   Data           0  libspace.o(.bss)



==============================================================================

Memory Map of the image

  Image Entry point : 0x080010d1

  Load Region LR_IROM1 (Base: 0x08001000, Size: 0x00004eac, Max: 0x00007400, ABSOLUTE)

    Execution Region ER_IROM1 (Exec base: 0x08001000, Load base: 0x08001000, Size: 0x00004e04, Max: 0x00007400, ABSOLUTE)

    Exec Addr    Load Addr    Size         Type   Attr      Idx    E Section Name        Object

    0x08001000   0x08001000   0x000000d0   Data   RO          134    RESET               startup_at32f425.o
    0x080010d0   0x080010d0   0x00000008   Code   RO         4468  * !!!main             c_w.l(__main.o)
    0x080010d8   0x080010d8   0x00000034   Code   RO         4767    !!!scatter          c_w.l(__scatter.o)
    0x0800110c   0x0800110c   0x0000001a   Code   RO         4769    !!handler_copy      c_w.l(__scatter_copy.o)
    0x08001126   0x08001126   0x00000002   PAD
    0x08001128   0x08001128   0x0000001c   Code   RO         4771    !!handler_zi        c_w.l(__scatter_zi.o)
    0x08001144   0x08001144   0x00000002   Code   RO         4704    .ARM.Collect$$libinit$$00000000  c_w.l(libinit.o)
    0x08001146   0x08001146   0x00000000   Code   RO         4569    .ARM.Collect$$libinit$$00000002  c_w.l(libinit2.o)
    0x08001146   0x08001146   0x00000000   Code   RO         4571    .ARM.Collect$$libinit$$00000004  c_w.l(libinit2.o)
    0x08001146   0x08001146   0x00000008   Code   RO         4572    .ARM.Collect$$libinit$$00000005  c_w.l(libinit2.o)
    0x0800114e   0x0800114e   0x00000000   Code   RO         4574    .ARM.Collect$$libinit$$0000000A  c_w.l(libinit2.o)
    0x0800114e   0x0800114e   0x00000000   Code   RO         4576    .ARM.Collect$$libinit$$0000000C  c_w.l(libinit2.o)
    0x0800114e   0x0800114e   0x00000000   Code   RO         4578    .ARM.Collect$$libinit$$0000000E  c_w.l(libinit2.o)
    0x0800114e   0x0800114e   0x00000000   Code   RO         4581    .ARM.Collect$$libinit$$00000011  c_w.l(libinit2.o)
    0x0800114e   0x0800114e   0x00000000   Code   RO         4583    .ARM.Collect$$libinit$$00000013  c_w.l(libinit2.o)
    0x0800114e   0x0800114e   0x00000000   Code   RO         4585    .ARM.Collect$$libinit$$00000015  c_w.l(libinit2.o)
    0x0800114e   0x0800114e   0x00000000   Code   RO         4587    .ARM.Collect$$libinit$$00000017  c_w.l(libinit2.o)
    0x0800114e   0x0800114e   0x00000000   Code   RO         4589    .ARM.Collect$$libinit$$00000019  c_w.l(libinit2.o)
    0x0800114e   0x0800114e   0x00000000   Code   RO         4591    .ARM.Collect$$libinit$$0000001B  c_w.l(libinit2.o)
    0x0800114e   0x0800114e   0x00000000   Code   RO         4593    .ARM.Collect$$libinit$$0000001D  c_w.l(libinit2.o)
    0x0800114e   0x0800114e   0x00000000   Code   RO         4595    .ARM.Collect$$libinit$$0000001F  c_w.l(libinit2.o)
    0x0800114e   0x0800114e   0x00000000   Code   RO         4597    .ARM.Collect$$libinit$$00000021  c_w.l(libinit2.o)
    0x0800114e   0x0800114e   0x00000000   Code   RO         4599    .ARM.Collect$$libinit$$00000023  c_w.l(libinit2.o)
    0x0800114e   0x0800114e   0x00000000   Code   RO         4601    .ARM.Collect$$libinit$$00000025  c_w.l(libinit2.o)
    0x0800114e   0x0800114e   0x00000000   Code   RO         4605    .ARM.Collect$$libinit$$0000002C  c_w.l(libinit2.o)
    0x0800114e   0x0800114e   0x00000000   Code   RO         4607    .ARM.Collect$$libinit$$0000002E  c_w.l(libinit2.o)
    0x0800114e   0x0800114e   0x00000000   Code   RO         4609    .ARM.Collect$$libinit$$00000030  c_w.l(libinit2.o)
    0x0800114e   0x0800114e   0x00000000   Code   RO         4611    .ARM.Collect$$libinit$$00000032  c_w.l(libinit2.o)
    0x0800114e   0x0800114e   0x00000002   Code   RO         4612    .ARM.Collect$$libinit$$00000033  c_w.l(libinit2.o)
    0x08001150   0x08001150   0x00000002   Code   RO         4764    .ARM.Collect$$libshutdown$$00000000  c_w.l(libshutdown.o)
    0x08001152   0x08001152   0x00000000   Code   RO         4720    .ARM.Collect$$libshutdown$$00000002  c_w.l(libshutdown2.o)
    0x08001152   0x08001152   0x00000000   Code   RO         4722    .ARM.Collect$$libshutdown$$00000004  c_w.l(libshutdown2.o)
    0x08001152   0x08001152   0x00000000   Code   RO         4724    .ARM.Collect$$libshutdown$$00000006  c_w.l(libshutdown2.o)
    0x08001152   0x08001152   0x00000000   Code   RO         4727    .ARM.Collect$$libshutdown$$00000009  c_w.l(libshutdown2.o)
    0x08001152   0x08001152   0x00000000   Code   RO         4730    .ARM.Collect$$libshutdown$$0000000C  c_w.l(libshutdown2.o)
    0x08001152   0x08001152   0x00000000   Code   RO         4732    .ARM.Collect$$libshutdown$$0000000E  c_w.l(libshutdown2.o)
    0x08001152   0x08001152   0x00000000   Code   RO         4735    .ARM.Collect$$libshutdown$$00000011  c_w.l(libshutdown2.o)
    0x08001152   0x08001152   0x00000002   Code   RO         4736    .ARM.Collect$$libshutdown$$00000012  c_w.l(libshutdown2.o)
    0x08001154   0x08001154   0x00000000   Code   RO         4526    .ARM.Collect$$rtentry$$00000000  c_w.l(__rtentry.o)
    0x08001154   0x08001154   0x00000000   Code   RO         4634    .ARM.Collect$$rtentry$$00000002  c_w.l(__rtentry2.o)
    0x08001154   0x08001154   0x00000006   Code   RO         4646    .ARM.Collect$$rtentry$$00000004  c_w.l(__rtentry4.o)
    0x0800115a   0x0800115a   0x00000000   Code   RO         4636    .ARM.Collect$$rtentry$$00000009  c_w.l(__rtentry2.o)
    0x0800115a   0x0800115a   0x00000004   Code   RO         4637    .ARM.Collect$$rtentry$$0000000A  c_w.l(__rtentry2.o)
    0x0800115e   0x0800115e   0x00000000   Code   RO         4639    .ARM.Collect$$rtentry$$0000000C  c_w.l(__rtentry2.o)
    0x0800115e   0x0800115e   0x00000008   Code   RO         4640    .ARM.Collect$$rtentry$$0000000D  c_w.l(__rtentry2.o)
    0x08001166   0x08001166   0x00000002   Code   RO         4707    .ARM.Collect$$rtexit$$00000000  c_w.l(rtexit.o)
    0x08001168   0x08001168   0x00000000   Code   RO         4740    .ARM.Collect$$rtexit$$00000002  c_w.l(rtexit2.o)
    0x08001168   0x08001168   0x00000004   Code   RO         4741    .ARM.Collect$$rtexit$$00000003  c_w.l(rtexit2.o)
    0x0800116c   0x0800116c   0x00000006   Code   RO         4742    .ARM.Collect$$rtexit$$00000004  c_w.l(rtexit2.o)
    0x08001172   0x08001172   0x00000002   PAD
    0x08001174   0x08001174   0x00000000   Code   RO         4657    .emb_text           c_w.l(maybetermalloc1.o)
    0x08001174   0x08001174   0x00000040   Code   RO          135    .text               startup_at32f425.o
    0x080011b4   0x080011b4   0x0000005e   Code   RO         4402    .text               c_w.l(h1_alloc.o)
    0x08001212   0x08001212   0x000000ee   Code   RO         4456    .text               c_w.l(lludivv7m.o)
    0x08001300   0x08001300   0x00000096   Code   RO         4458    .text               c_w.l(strncmp.o)
    0x08001396   0x08001396   0x0000008a   Code   RO         4460    .text               c_w.l(rt_memcpy_v6.o)
    0x08001420   0x08001420   0x00000044   Code   RO         4462    .text               c_w.l(rt_memclr.o)
    0x08001464   0x08001464   0x0000004e   Code   RO         4464    .text               c_w.l(rt_memclr_w.o)
    0x080014b2   0x080014b2   0x00000006   Code   RO         4466    .text               c_w.l(heapauxi.o)
    0x080014b8   0x080014b8   0x00000008   Code   RO         4534    .text               c_w.l(rt_heap_descriptor_intlibspace.o)
    0x080014c0   0x080014c0   0x00000004   Code   RO         4536    .text               c_w.l(hguard.o)
    0x080014c4   0x080014c4   0x0000008a   Code   RO         4538    .text               c_w.l(init_alloc.o)
    0x0800154e   0x0800154e   0x0000000e   Code   RO         4544    .text               c_w.l(h1_init.o)
    0x0800155c   0x0800155c   0x0000004e   Code   RO         4546    .text               c_w.l(h1_free.o)
    0x080015aa   0x080015aa   0x00000016   Code   RO         4562    .text               c_w.l(_rserrno.o)
    0x080015c0   0x080015c0   0x00000064   Code   RO         4564    .text               c_w.l(rt_memcpy_w.o)
    0x08001624   0x08001624   0x00000008   Code   RO         4630    .text               c_w.l(libspace.o)
    0x0800162c   0x0800162c   0x00000008   Code   RO         4653    .text               c_w.l(rt_errno_addr_intlibspace.o)
    0x08001634   0x08001634   0x00000034   Code   RO         4659    .text               c_w.l(h1_extend.o)
    0x08001668   0x08001668   0x0000000e   Code   RO         4663    .text               c_w.l(defsig_rtmem_outer.o)
    0x08001676   0x08001676   0x00000002   Code   RO         4676    .text               c_w.l(use_no_semi.o)
    0x08001678   0x08001678   0x00000000   Code   RO         4678    .text               c_w.l(indicate_semi.o)
    0x08001678   0x08001678   0x0000004a   Code   RO         4679    .text               c_w.l(sys_stackheap_outer.o)
    0x080016c2   0x080016c2   0x00000012   Code   RO         4685    .text               c_w.l(exit.o)
    0x080016d4   0x080016d4   0x0000000a   Code   RO         4687    .text               c_w.l(defsig_exit.o)
    0x080016de   0x080016de   0x00000002   PAD
    0x080016e0   0x080016e0   0x00000050   Code   RO         4693    .text               c_w.l(defsig_rtmem_inner.o)
    0x08001730   0x08001730   0x0000000c   Code   RO         4705    .text               c_w.l(sys_exit.o)
    0x0800173c   0x0800173c   0x00000032   Code   RO         4715    .text               c_w.l(defsig_general.o)
    0x0800176e   0x0800176e   0x0000000e   Code   RO         4737    .text               c_w.l(sys_wrch.o)
    0x0800177c   0x0800177c   0x00000004   Code   RO         3476    i.BusFault_Handler  at32f425_int.o
    0x08001780   0x08001780   0x00000002   Code   RO         3477    i.DebugMon_Handler  at32f425_int.o
    0x08001782   0x08001782   0x00000002   PAD
    0x08001784   0x08001784   0x00000070   Code   RO         3608    i.Delay_ms          at32f425_clock_1.o
    0x080017f4   0x080017f4   0x00000004   Code   RO         3478    i.HardFault_Handler  at32f425_int.o
    0x080017f8   0x080017f8   0x00000004   Code   RO         3479    i.MemManage_Handler  at32f425_int.o
    0x080017fc   0x080017fc   0x00000002   Code   RO         3480    i.NMI_Handler       at32f425_int.o
    0x080017fe   0x080017fe   0x00000002   Code   RO         3481    i.PendSV_Handler    at32f425_int.o
    0x08001800   0x08001800   0x00000002   Code   RO         3482    i.SVC_Handler       at32f425_int.o
    0x08001802   0x08001802   0x00000002   Code   RO         3483    i.SysTick_Handler   at32f425_int.o
    0x08001804   0x08001804   0x0000006c   Code   RO            4    i.SystemInit        system_at32f425.o
    0x08001870   0x08001870   0x00000034   Code   RO         3926    i.TMR2_GLOBAL_IRQHandler  bsp_mcu_tim.o
    0x080018a4   0x080018a4   0x0000003c   Code   RO         3715    i.USART4_3_IRQHandler  bsp_usart3_dma_txrx.o
    0x080018e0   0x080018e0   0x00000004   Code   RO         3484    i.UsageFault_Handler  at32f425_int.o
    0x080018e4   0x080018e4   0x0000001c   Code   RO         3887    i.__NVIC_ClearPendingIRQ  bsp_mcu_iap.o
    0x08001900   0x08001900   0x0000002c   Code   RO          847    i.adc_base_config   at32f425_adc.o
    0x0800192c   0x0800192c   0x0000000e   Code   RO          848    i.adc_base_default_para_init  at32f425_adc.o
    0x0800193a   0x0800193a   0x0000000c   Code   RO          849    i.adc_calibration_init  at32f425_adc.o
    0x08001946   0x08001946   0x00000012   Code   RO          850    i.adc_calibration_init_status_get  at32f425_adc.o
    0x08001958   0x08001958   0x0000000c   Code   RO          851    i.adc_calibration_start  at32f425_adc.o
    0x08001964   0x08001964   0x00000012   Code   RO          852    i.adc_calibration_status_get  at32f425_adc.o
    0x08001976   0x08001976   0x0000000a   Code   RO          853    i.adc_dma_mode_enable  at32f425_adc.o
    0x08001980   0x08001980   0x0000000a   Code   RO          854    i.adc_enable        at32f425_adc.o
    0x0800198a   0x0800198a   0x000000a8   Code   RO          859    i.adc_ordinary_channel_set  at32f425_adc.o
    0x08001a32   0x08001a32   0x00000034   Code   RO          861    i.adc_ordinary_conversion_trigger_set  at32f425_adc.o
    0x08001a66   0x08001a66   0x0000000a   Code   RO          867    i.adc_ordinary_software_trigger_enable  at32f425_adc.o
    0x08001a70   0x08001a70   0x000000b0   Code   RO         3888    i.app_load          bsp_mcu_iap.o
    0x08001b20   0x08001b20   0x00000040   Code   RO         4240    i.arpstate_adc      key_handler.o
    0x08001b60   0x08001b60   0x00000298   Code   RO         4241    i.bias_adc_update   key_handler.o
    0x08001df8   0x08001df8   0x00000020   Code   RO         3551    i.board_init        board.o
    0x08001e18   0x08001e18   0x000000a8   Code   RO         3652    i.bsp_key_gpio_init  bsp_gpio_key.o
    0x08001ec0   0x08001ec0   0x0000002c   Code   RO         4242    i.bsp_key_gpio_scan  key_handler.o
    0x08001eec   0x08001eec   0x00000034   Code   RO         3682    i.bsp_mcu_adc_deinit  bsp_mcu_adc.o
    0x08001f20   0x08001f20   0x000001bc   Code   RO         3683    i.bsp_mcu_adc_init  bsp_mcu_adc.o
    0x080020dc   0x080020dc   0x00000020   Code   RO         3790    i.bsp_pixel_led_flush  bsp_pixel_led.o
    0x080020fc   0x080020fc   0x0000000c   Code   RO         3791    i.bsp_pixel_led_init  bsp_pixel_led.o
    0x08002108   0x08002108   0x00000020   Code   RO         3792    i.bsp_pixel_led_update  bsp_pixel_led.o
    0x08002128   0x08002128   0x00000050   Code   RO         3927    i.bsp_tim_init      bsp_mcu_tim.o
    0x08002178   0x08002178   0x00000050   Code   RO         3716    i.bsp_usart3_dma_init  bsp_usart3_dma_txrx.o
    0x080021c8   0x080021c8   0x00000018   Code   RO         3717    i.bsp_usart3_dma_txrx_init  bsp_usart3_dma_txrx.o
    0x080021e0   0x080021e0   0x0000000c   Code   RO         3718    i.bsp_usart3_regist_data_call  bsp_usart3_dma_txrx.o
    0x080021ec   0x080021ec   0x00000060   Code   RO         3719    i.bsp_usart3_update_trans  bsp_usart3_dma_txrx.o
    0x0800224c   0x0800224c   0x000000b0   Code   RO         3793    i.buffer_update     bsp_pixel_led.o
    0x080022fc   0x080022fc   0x0000000c   Code   RO         4170    i.callback_tlv_d    protocol_handler.o
    0x08002308   0x08002308   0x0000000c   Code   RO         4171    i.callback_tlv_f    protocol_handler.o
    0x08002314   0x08002314   0x00000002   Code   RO         4172    i.callback_tlv_p    protocol_handler.o
    0x08002316   0x08002316   0x00000010   Code   RO         4173    i.callback_tlv_pack_l  protocol_handler.o
    0x08002326   0x08002326   0x00000010   Code   RO         4174    i.callback_tlv_pack_r  protocol_handler.o
    0x08002336   0x08002336   0x00000010   Code   RO         4175    i.callback_tlv_s    protocol_handler.o
    0x08002346   0x08002346   0x0000000c   Code   RO         4176    i.callback_tlv_v    protocol_handler.o
    0x08002352   0x08002352   0x00000002   PAD
    0x08002354   0x08002354   0x000002f4   Code   RO         4243    i.convert_keys_to_notes  key_handler.o
    0x08002648   0x08002648   0x0000002c   Code   RO         4000    i.crc16             crc.o
    0x08002674   0x08002674   0x00000060   Code   RO         4001    i.crc32             crc.o
    0x080026d4   0x080026d4   0x00000020   Code   RO         4002    i.crc8              crc.o
    0x080026f4   0x080026f4   0x00000020   Code   RO          142    i.crm_adc_clock_div_set  at32f425_crm.o
    0x08002714   0x08002714   0x00000014   Code   RO          143    i.crm_ahb_div_set   at32f425_crm.o
    0x08002728   0x08002728   0x00000014   Code   RO          144    i.crm_apb1_div_set  at32f425_crm.o
    0x0800273c   0x0800273c   0x00000014   Code   RO          145    i.crm_apb2_div_set  at32f425_crm.o
    0x08002750   0x08002750   0x00000060   Code   RO          150    i.crm_clock_source_enable  at32f425_crm.o
    0x080027b0   0x080027b0   0x000001ac   Code   RO          151    i.crm_clocks_freq_get  at32f425_crm.o
    0x0800295c   0x0800295c   0x00000030   Code   RO          155    i.crm_flag_get      at32f425_crm.o
    0x0800298c   0x0800298c   0x0000002e   Code   RO          157    i.crm_hext_stable_wait  at32f425_crm.o
    0x080029ba   0x080029ba   0x00000002   PAD
    0x080029bc   0x080029bc   0x00000044   Code   RO          165    i.crm_periph_clock_enable  at32f425_crm.o
    0x08002a00   0x08002a00   0x00000114   Code   RO          168    i.crm_pll_config    at32f425_crm.o
    0x08002b14   0x08002b14   0x00000064   Code   RO          170    i.crm_reset         at32f425_crm.o
    0x08002b78   0x08002b78   0x00000014   Code   RO          171    i.crm_sysclk_switch  at32f425_crm.o
    0x08002b8c   0x08002b8c   0x00000010   Code   RO          172    i.crm_sysclk_switch_status_get  at32f425_crm.o
    0x08002b9c   0x08002b9c   0x00000038   Code   RO         4094    i.data_ack          ota_handler.o
    0x08002bd4   0x08002bd4   0x000001ba   Code   RO         3956    i.decode_switch     protocol_tlvc.o
    0x08002d8e   0x08002d8e   0x00000002   PAD
    0x08002d90   0x08002d90   0x00000038   Code   RO         3610    i.delay_init        at32f425_clock_1.o
    0x08002dc8   0x08002dc8   0x0000000a   Code   RO          763    i.dma_channel_enable  at32f425_dma.o
    0x08002dd2   0x08002dd2   0x00000002   PAD
    0x08002dd4   0x08002dd4   0x00000084   Code   RO         3794    i.dma_config        bsp_pixel_led.o
    0x08002e58   0x08002e58   0x00000018   Code   RO          766    i.dma_default_para_init  at32f425_dma.o
    0x08002e70   0x08002e70   0x0000000c   Code   RO          767    i.dma_flag_clear    at32f425_dma.o
    0x08002e7c   0x08002e7c   0x0000001c   Code   RO          768    i.dma_flag_get      at32f425_dma.o
    0x08002e98   0x08002e98   0x00000098   Code   RO          769    i.dma_flexible_config  at32f425_dma.o
    0x08002f30   0x08002f30   0x0000005c   Code   RO          770    i.dma_init          at32f425_dma.o
    0x08002f8c   0x08002f8c   0x00000038   Code   RO          773    i.dma_reset         at32f425_dma.o
    0x08002fc4   0x08002fc4   0x0000003e   Code   RO         3845    i.flash_1kb_write   bsp_mcu_flash.o
    0x08003002   0x08003002   0x00000040   Code   RO         3846    i.flash_8b_write    bsp_mcu_flash.o
    0x08003042   0x08003042   0x00000002   PAD
    0x08003044   0x08003044   0x00000038   Code   RO         1911    i.flash_halfword_program  at32f425_flash.o
    0x0800307c   0x0800307c   0x00000014   Code   RO         1914    i.flash_lock        at32f425_flash.o
    0x08003090   0x08003090   0x00000034   Code   RO         1916    i.flash_operation_status_get  at32f425_flash.o
    0x080030c4   0x080030c4   0x00000024   Code   RO         1917    i.flash_operation_wait_for  at32f425_flash.o
    0x080030e8   0x080030e8   0x00000040   Code   RO         1918    i.flash_sector_erase  at32f425_flash.o
    0x08003128   0x08003128   0x00000018   Code   RO         1927    i.flash_unlock      at32f425_flash.o
    0x08003140   0x08003140   0x00000018   Code   RO         3848    i.flash_write       bsp_mcu_flash.o
    0x08003158   0x08003158   0x00000014   Code   RO          372    i.gpio_default_para_init  at32f425_gpio.o
    0x0800316c   0x0800316c   0x0000007a   Code   RO          373    i.gpio_init         at32f425_gpio.o
    0x080031e6   0x080031e6   0x00000002   PAD
    0x080031e8   0x080031e8   0x00000048   Code   RO         3720    i.gpio_init1        bsp_usart3_dma_txrx.o
    0x08003230   0x08003230   0x00000012   Code   RO          374    i.gpio_input_data_bit_read  at32f425_gpio.o
    0x08003242   0x08003242   0x00000042   Code   RO          378    i.gpio_pin_mux_config  at32f425_gpio.o
    0x08003284   0x08003284   0x00000078   Code   RO         4297    i.handle_running_state  kboard.o
    0x080032fc   0x080032fc   0x00000028   Code   RO         4298    i.interaction_kboard_init  kboard.o
    0x08003324   0x08003324   0x0000001c   Code   RO         4299    i.interaction_kboard_update  kboard.o
    0x08003340   0x08003340   0x0000003c   Code   RO         4058    i.led_set           led_handler.o
    0x0800337c   0x0800337c   0x00000034   Code   RO         4059    i.led_start_show    led_handler.o
    0x080033b0   0x080033b0   0x0000001a   Code   RO         4370    i.main              main.o
    0x080033ca   0x080033ca   0x00000014   Code   RO         3721    i.nvic_init         bsp_usart3_dma_txrx.o
    0x080033de   0x080033de   0x00000002   PAD
    0x080033e0   0x080033e0   0x0000002c   Code   RO          699    i.nvic_irq_disable  at32f425_misc.o
    0x0800340c   0x0800340c   0x000000c8   Code   RO          700    i.nvic_irq_enable   at32f425_misc.o
    0x080034d4   0x080034d4   0x00000028   Code   RO          702    i.nvic_priority_group_config  at32f425_misc.o
    0x080034fc   0x080034fc   0x00000014   Code   RO          704    i.nvic_vector_table_set  at32f425_misc.o
    0x08003510   0x08003510   0x00000040   Code   RO         4095    i.ota_resend_logic  ota_handler.o
    0x08003550   0x08003550   0x00000044   Code   RO         4096    i.ota_start         ota_handler.o
    0x08003594   0x08003594   0x00000168   Code   RO         4097    i.ota_task          ota_handler.o
    0x080036fc   0x080036fc   0x00000030   Code   RO         4098    i.ota_update        ota_handler.o
    0x0800372c   0x0800372c   0x00000040   Code   RO         4099    i.ota_upgrade       ota_handler.o
    0x0800376c   0x0800376c   0x00000054   Code   RO         4100    i.ota_upgrade_flag  ota_handler.o
    0x080037c0   0x080037c0   0x00000048   Code   RO         3722    i.perhi_init        bsp_usart3_dma_txrx.o
    0x08003808   0x08003808   0x000000a0   Code   RO         3957    i.protocol_tlvc_regist  protocol_tlvc.o
    0x080038a8   0x080038a8   0x00000026   Code   RO         3958    i.prototol_tlvc_decode  protocol_tlvc.o
    0x080038ce   0x080038ce   0x0000006e   Code   RO         3959    i.prototol_tlvc_pack  protocol_tlvc.o
    0x0800393c   0x0800393c   0x00000028   Code   RO         3723    i.rcc_init          bsp_usart3_dma_txrx.o
    0x08003964   0x08003964   0x00000324   Code   RO         3653    i.read_key          bsp_gpio_key.o
    0x08003c88   0x08003c88   0x0000003c   Code   RO         4026    i.send_fw           firmware.o
    0x08003cc4   0x08003cc4   0x00000054   Code   RO         4027    i.send_uid          firmware.o
    0x08003d18   0x08003d18   0x0000003c   Code   RO         4028    i.send_ver          firmware.o
    0x08003d54   0x08003d54   0x0000004c   Code   RO         4517    i.sqrt              m_ws.l(sqrt.o)
    0x08003da0   0x08003da0   0x00000068   Code   RO         3611    i.system_clock_config  at32f425_clock_1.o
    0x08003e08   0x08003e08   0x00000154   Code   RO            5    i.system_core_clock_update  system_at32f425.o
    0x08003f5c   0x08003f5c   0x00000028   Code   RO          705    i.systick_clock_source_config  at32f425_misc.o
    0x08003f84   0x08003f84   0x000000c4   Code   RO         3795    i.timer_config      bsp_pixel_led.o
    0x08004048   0x08004048   0x0000002c   Code   RO         4177    i.tlvc_regist       protocol_handler.o
    0x08004074   0x08004074   0x00000006   Code   RO         3960    i.tlvc_reset        protocol_tlvc.o
    0x0800407a   0x0800407a   0x00000010   Code   RO         2703    i.tmr_base_init     at32f425_tmr.o
    0x0800408a   0x0800408a   0x0000000a   Code   RO         2714    i.tmr_cnt_dir_set   at32f425_tmr.o
    0x08004094   0x08004094   0x0000000a   Code   RO         2715    i.tmr_counter_enable  at32f425_tmr.o
    0x0800409e   0x0800409e   0x00000016   Code   RO         2721    i.tmr_dma_request_enable  at32f425_tmr.o
    0x080040b4   0x080040b4   0x00000006   Code   RO         2727    i.tmr_flag_clear    at32f425_tmr.o
    0x080040ba   0x080040ba   0x00000012   Code   RO         2728    i.tmr_flag_get      at32f425_tmr.o
    0x080040cc   0x080040cc   0x00000016   Code   RO         2736    i.tmr_interrupt_enable  at32f425_tmr.o
    0x080040e2   0x080040e2   0x000001a0   Code   RO         2741    i.tmr_output_channel_config  at32f425_tmr.o
    0x08004282   0x08004282   0x00000012   Code   RO         2746    i.tmr_output_default_para_init  at32f425_tmr.o
    0x08004294   0x08004294   0x0000000a   Code   RO         2747    i.tmr_output_enable  at32f425_tmr.o
    0x0800429e   0x0800429e   0x00000002   PAD
    0x080042a0   0x080042a0   0x000000d4   Code   RO         4348    i.transer_send_keyboard  data_transer_local.o
    0x08004374   0x08004374   0x0000002c   Code   RO         4301    i.usart_data_call   kboard.o
    0x080043a0   0x080043a0   0x00000008   Code   RO          475    i.usart_data_receive  at32f425_usart.o
    0x080043a8   0x080043a8   0x0000000a   Code   RO          479    i.usart_dma_transmitter_enable  at32f425_usart.o
    0x080043b2   0x080043b2   0x0000000a   Code   RO          480    i.usart_enable      at32f425_usart.o
    0x080043bc   0x080043bc   0x00000012   Code   RO          481    i.usart_flag_clear  at32f425_usart.o
    0x080043ce   0x080043ce   0x00000002   PAD
    0x080043d0   0x080043d0   0x000000a4   Code   RO          485    i.usart_init        at32f425_usart.o
    0x08004474   0x08004474   0x00000036   Code   RO          486    i.usart_interrupt_enable  at32f425_usart.o
    0x080044aa   0x080044aa   0x000000b0   Code   RO          487    i.usart_interrupt_flag_get  at32f425_usart.o
    0x0800455a   0x0800455a   0x0000000a   Code   RO          493    i.usart_receiver_enable  at32f425_usart.o
    0x08004564   0x08004564   0x0000000a   Code   RO          503    i.usart_transmitter_enable  at32f425_usart.o
    0x0800456e   0x0800456e   0x00000002   PAD
    0x08004570   0x08004570   0x00000062   Code   RO         4470    x$fpl$d2f           fz_ws.l(d2f.o)
    0x080045d2   0x080045d2   0x00000002   PAD
    0x080045d4   0x080045d4   0x00000150   Code   RO         4472    x$fpl$dadd          fz_ws.l(daddsub_clz.o)
    0x08004724   0x08004724   0x00000018   Code   RO         4672    x$fpl$dcmpinf       fz_ws.l(dcmpi.o)
    0x0800473c   0x0800473c   0x000002b0   Code   RO         4479    x$fpl$ddiv          fz_ws.l(ddiv.o)
    0x080049ec   0x080049ec   0x00000026   Code   RO         4482    x$fpl$dfltu         fz_ws.l(dflt_clz.o)
    0x08004a12   0x08004a12   0x00000002   PAD
    0x08004a14   0x08004a14   0x00000078   Code   RO         4613    x$fpl$dleqf         fz_ws.l(dleqf.o)
    0x08004a8c   0x08004a8c   0x00000154   Code   RO         4488    x$fpl$dmul          fz_ws.l(dmul.o)
    0x08004be0   0x08004be0   0x0000009c   Code   RO         4615    x$fpl$dnaninf       fz_ws.l(dnaninf.o)
    0x08004c7c   0x08004c7c   0x0000000c   Code   RO         4617    x$fpl$dretinf       fz_ws.l(dretinf.o)
    0x08004c88   0x08004c88   0x0000006c   Code   RO         4490    x$fpl$drleqf        fz_ws.l(drleqf.o)
    0x08004cf4   0x08004cf4   0x00000198   Code   RO         4619    x$fpl$dsqrt         fz_ws.l(dsqrt_umaal.o)
    0x08004e8c   0x08004e8c   0x000001d4   Code   RO         4474    x$fpl$dsub          fz_ws.l(daddsub_clz.o)
    0x08005060   0x08005060   0x00000056   Code   RO         4492    x$fpl$f2d           fz_ws.l(f2d.o)
    0x080050b6   0x080050b6   0x00000002   PAD
    0x080050b8   0x080050b8   0x000000c4   Code   RO         4494    x$fpl$fadd          fz_ws.l(faddsub_clz.o)
    0x0800517c   0x0800517c   0x00000018   Code   RO         4621    x$fpl$fcmpinf       fz_ws.l(fcmpi.o)
    0x08005194   0x08005194   0x00000184   Code   RO         4501    x$fpl$fdiv          fz_ws.l(fdiv.o)
    0x08005318   0x08005318   0x00000026   Code   RO         4504    x$fpl$ffltu         fz_ws.l(fflt_clz.o)
    0x0800533e   0x0800533e   0x00000002   PAD
    0x08005340   0x08005340   0x00000068   Code   RO         4510    x$fpl$fleqf         fz_ws.l(fleqf.o)
    0x080053a8   0x080053a8   0x00000102   Code   RO         4512    x$fpl$fmul          fz_ws.l(fmul.o)
    0x080054aa   0x080054aa   0x0000008c   Code   RO         4623    x$fpl$fnaninf       fz_ws.l(fnaninf.o)
    0x08005536   0x08005536   0x0000000a   Code   RO         4625    x$fpl$fretinf       fz_ws.l(fretinf.o)
    0x08005540   0x08005540   0x00000062   Code   RO         4514    x$fpl$frleqf        fz_ws.l(frleqf.o)
    0x080055a2   0x080055a2   0x00000002   PAD
    0x080055a4   0x080055a4   0x000000ea   Code   RO         4496    x$fpl$fsub          fz_ws.l(faddsub_clz.o)
    0x0800568e   0x0800568e   0x00000000   Code   RO         4627    x$fpl$usenofp       fz_ws.l(usenofp.o)
    0x0800568e   0x0800568e   0x00000010   Data   RO            6    .constdata          system_at32f425.o
    0x0800569e   0x0800569e   0x00000028   Data   RO          176    .constdata          at32f425_crm.o
    0x080056c6   0x080056c6   0x00000002   PAD
    0x080056c8   0x080056c8   0x00000700   Data   RO         4003    .constdata          crc.o
    0x08005dc8   0x08005dc8   0x0000001a   Data   RO         4179    .conststring        protocol_handler.o
    0x08005de2   0x08005de2   0x00000002   PAD
    0x08005de4   0x08005de4   0x00000020   Data   RO         4765    Region$$Table       anon$$obj.o


    Execution Region RW_IRAM1 (Exec base: 0x20000000, Load base: 0x08005e04, Size: 0x000013d8, Max: 0x00005000, ABSOLUTE)

    Exec Addr    Load Addr    Size         Type   Attr      Idx    E Section Name        Object

    0x20000000   0x08005e04   0x00000004   Data   RW            7    .data               system_at32f425.o
    0x20000004   0x08005e08   0x00000008   Data   RW         3612    .data               at32f425_clock_1.o
    0x2000000c   0x08005e10   0x00000004   Data   RW         3725    .data               bsp_usart3_dma_txrx.o
    0x20000010   0x08005e14   0x00000004   Data   RW         3889    .data               bsp_mcu_iap.o
    0x20000014   0x08005e18   0x00000004   Data   RW         3928    .data               bsp_mcu_tim.o
    0x20000018   0x08005e1c   0x00000025   Data   RW         4103    .data               ota_handler.o
    0x2000003d   0x08005e41   0x00000003   PAD
    0x20000040   0x08005e44   0x00000054   Data   RW         4180    .data               protocol_handler.o
    0x20000094   0x08005e98   0x0000000c   Data   RW         4245    .data               key_handler.o
    0x200000a0   0x08005ea4   0x00000004   Data   RW         4302    .data               kboard.o
    0x200000a4   0x08005ea8   0x00000004   Data   RW         4371    .data               main.o
    0x200000a8        -       0x000000a0   Zero   RW         3684    .bss                bsp_mcu_adc.o
    0x20000148        -       0x00000014   Zero   RW         3724    .bss                bsp_usart3_dma_txrx.o
    0x2000015c        -       0x000002d2   Zero   RW         3796    .bss                bsp_pixel_led.o
    0x2000042e        -       0x0000002f   Zero   RW         4060    .bss                led_handler.o
    0x2000045d        -       0x0000040d   Zero   RW         4102    .bss                ota_handler.o
    0x2000086a   0x08005eac   0x00000002   PAD
    0x2000086c        -       0x000004a4   Zero   RW         4178    .bss                protocol_handler.o
    0x20000d10        -       0x00000050   Zero   RW         4244    .bss                key_handler.o
    0x20000d60        -       0x00000011   Zero   RW         4349    .bss                data_transer_local.o
    0x20000d71   0x08005eac   0x00000003   PAD
    0x20000d74        -       0x00000060   Zero   RW         4631    .bss                c_w.l(libspace.o)
    0x20000dd4   0x08005eac   0x00000004   PAD
    0x20000dd8        -       0x00000200   Zero   RW          133    HEAP                startup_at32f425.o
    0x20000fd8        -       0x00000400   Zero   RW          132    STACK               startup_at32f425.o


==============================================================================

Image component sizes


      Code (inc. data)   RO Data    RW Data    ZI Data      Debug   Object Name

       368          0          0          0          0       8000   at32f425_adc.o
       272         26          0          8          0       2370   at32f425_clock_1.o
      1190        152         40          0          0       9616   at32f425_crm.o
       374         16          0          0          0       5178   at32f425_dma.o
       252         32          0          0          0       3966   at32f425_flash.o
       226          0          0          0          0       3486   at32f425_gpio.o
        26          0          0          0          0       4150   at32f425_int.o
       344         32          0          0          0      34399   at32f425_misc.o
       548          0          0          0          0       7482   at32f425_tmr.o
       460          4          0          0          0       6966   at32f425_usart.o
        32          0          0          0          0       1477   board.o
       972         74          0          0          0       1375   bsp_gpio_key.o
       496         36          0          0        160       2149   bsp_mcu_adc.o
       150          4          0          0          0       2553   bsp_mcu_flash.o
       204         22          0          4          0      37080   bsp_mcu_iap.o
       132         10          0          4          0       1365   bsp_mcu_tim.o
       580         66          0          0        722       4808   bsp_pixel_led.o
       476         72          0          4         20       5848   bsp_usart3_dma_txrx.o
       172         12       1792          0          0       2703   crc.o
       212         10          0          0         17       2018   data_transer_local.o
       204         22          0          0          0       1964   firmware.o
       232         48          0          4          0       3514   kboard.o
      1528         94          0         12         80       5073   key_handler.o
       112          4          0          0         47       2778   led_handler.o
        26          0          0          4          0       1302   main.o
       744         98          0         37       1037       6537   ota_handler.o
       130         18         26         84       1188       5812   protocol_handler.o
       756          0          0          0          0       6028   protocol_tlvc.o
        64         26        208          0       1536        964   startup_at32f425.o
       448         36         16          4          0      62156   system_at32f425.o

    ----------------------------------------------------------------------
     11752        914       2118        168       4812     243117   Object Totals
         0          0         32          0          0          0   (incl. Generated)
        22          0          4          3          5          0   (incl. Padding)

    ----------------------------------------------------------------------

      Code (inc. data)   RO Data    RW Data    ZI Data      Debug   Library Member Name

         8          0          0          0          0         68   __main.o
         0          0          0          0          0          0   __rtentry.o
        12          0          0          0          0          0   __rtentry2.o
         6          0          0          0          0          0   __rtentry4.o
        52          8          0          0          0          0   __scatter.o
        26          0          0          0          0          0   __scatter_copy.o
        28          0          0          0          0          0   __scatter_zi.o
        22          0          0          0          0        100   _rserrno.o
        10          0          0          0          0         68   defsig_exit.o
        50          0          0          0          0         88   defsig_general.o
        80         58          0          0          0         76   defsig_rtmem_inner.o
        14          0          0          0          0         80   defsig_rtmem_outer.o
        18          0          0          0          0         80   exit.o
        94          0          0          0          0         80   h1_alloc.o
        52          0          0          0          0         68   h1_extend.o
        78          0          0          0          0         80   h1_free.o
        14          0          0          0          0         84   h1_init.o
         6          0          0          0          0        152   heapauxi.o
         4          0          0          0          0        136   hguard.o
         0          0          0          0          0          0   indicate_semi.o
       138          0          0          0          0        168   init_alloc.o
         2          0          0          0          0          0   libinit.o
        10          0          0          0          0          0   libinit2.o
         2          0          0          0          0          0   libshutdown.o
         2          0          0          0          0          0   libshutdown2.o
         8          4          0          0         96         68   libspace.o
       238          0          0          0          0        100   lludivv7m.o
         0          0          0          0          0          0   maybetermalloc1.o
         8          4          0          0          0         68   rt_errno_addr_intlibspace.o
         8          4          0          0          0         68   rt_heap_descriptor_intlibspace.o
        68          0          0          0          0         68   rt_memclr.o
        78          0          0          0          0         80   rt_memclr_w.o
       138          0          0          0          0         68   rt_memcpy_v6.o
       100          0          0          0          0         80   rt_memcpy_w.o
         2          0          0          0          0          0   rtexit.o
        10          0          0          0          0          0   rtexit2.o
       150          0          0          0          0         80   strncmp.o
        12          4          0          0          0         68   sys_exit.o
        74          0          0          0          0         80   sys_stackheap_outer.o
        14          0          0          0          0         76   sys_wrch.o
         2          0          0          0          0         68   use_no_semi.o
        98          4          0          0          0         92   d2f.o
       804         16          0          0          0        272   daddsub_clz.o
        24          0          0          0          0         68   dcmpi.o
       688        140          0          0          0        208   ddiv.o
        38          0          0          0          0         68   dflt_clz.o
       120          4          0          0          0         92   dleqf.o
       340         12          0          0          0        104   dmul.o
       156          4          0          0          0         92   dnaninf.o
        12          0          0          0          0         68   dretinf.o
       108          0          0          0          0         80   drleqf.o
       408         56          0          0          0        120   dsqrt_umaal.o
        86          4          0          0          0         84   f2d.o
       430          8          0          0          0        168   faddsub_clz.o
        24          0          0          0          0         68   fcmpi.o
       388         76          0          0          0         96   fdiv.o
        38          0          0          0          0         68   fflt_clz.o
       104          4          0          0          0         84   fleqf.o
       258          4          0          0          0         84   fmul.o
       140          4          0          0          0         84   fnaninf.o
        10          0          0          0          0         68   fretinf.o
        98          0          0          0          0         68   frleqf.o
         0          0          0          0          0          0   usenofp.o
        76          0          0          0          0         84   sqrt.o

    ----------------------------------------------------------------------
      6102        418          0          0        100       4520   Library Totals
        16          0          0          0          4          0   (incl. Padding)

    ----------------------------------------------------------------------

      Code (inc. data)   RO Data    RW Data    ZI Data      Debug   Library Name

      1638         82          0          0         96       2300   c_w.l
      4372        336          0          0          0       2136   fz_ws.l
        76          0          0          0          0         84   m_ws.l

    ----------------------------------------------------------------------
      6102        418          0          0        100       4520   Library Totals

    ----------------------------------------------------------------------

==============================================================================


      Code (inc. data)   RO Data    RW Data    ZI Data      Debug   

     17854       1332       2118        168       4912     237909   Grand Totals
     17854       1332       2118        168       4912     237909   ELF Image Totals
     17854       1332       2118        168          0          0   ROM Totals

==============================================================================

    Total RO  Size (Code + RO Data)                19972 (  19.50kB)
    Total RW  Size (RW Data + ZI Data)              5080 (   4.96kB)
    Total ROM Size (Code + RO Data + RW Data)      20140 (  19.67kB)

==============================================================================

