Component: ARM Compiler 5.06 update 7 (build 960) Tool: armlink [4d3601]

==============================================================================

Section Cross References

    at32f425_clock.o(i.system_clock_config) refers to at32f425_crm.o(i.crm_reset) for crm_reset
    at32f425_clock.o(i.system_clock_config) refers to at32f425_crm.o(i.crm_clock_source_enable) for crm_clock_source_enable
    at32f425_clock.o(i.system_clock_config) refers to at32f425_crm.o(i.crm_hext_stable_wait) for crm_hext_stable_wait
    at32f425_clock.o(i.system_clock_config) refers to at32f425_crm.o(i.crm_pll_config) for crm_pll_config
    at32f425_clock.o(i.system_clock_config) refers to at32f425_crm.o(i.crm_flag_get) for crm_flag_get
    at32f425_clock.o(i.system_clock_config) refers to at32f425_crm.o(i.crm_ahb_div_set) for crm_ahb_div_set
    at32f425_clock.o(i.system_clock_config) refers to at32f425_crm.o(i.crm_apb2_div_set) for crm_apb2_div_set
    at32f425_clock.o(i.system_clock_config) refers to at32f425_crm.o(i.crm_apb1_div_set) for crm_apb1_div_set
    at32f425_clock.o(i.system_clock_config) refers to at32f425_crm.o(i.crm_sysclk_switch) for crm_sysclk_switch
    at32f425_clock.o(i.system_clock_config) refers to at32f425_crm.o(i.crm_sysclk_switch_status_get) for crm_sysclk_switch_status_get
    at32f425_clock.o(i.system_clock_config) refers to system_at32f425.o(i.system_core_clock_update) for system_core_clock_update
    main.o(i.main) refers to _printf_percent.o(.ARM.Collect$$_printf_percent$$00000000) for _printf_percent
    main.o(i.main) refers to _printf_u.o(.ARM.Collect$$_printf_percent$$0000000A) for _printf_u
    main.o(i.main) refers to _printf_dec.o(.text) for _printf_int_dec
    main.o(i.main) refers to at32f425_clock.o(i.system_clock_config) for system_clock_config
    main.o(i.main) refers to at32f425_board.o(i.at32_board_init) for at32_board_init
    main.o(i.main) refers to at32f425_board.o(i.uart_print_init) for uart_print_init
    main.o(i.main) refers to noretval__2printf.o(.text) for __2printf
    main.o(i.main) refers to at32f425_board.o(i.delay_sec) for delay_sec
    main.o(i.main) refers to main.o(.conststring) for .conststring
    main.o(i.main) refers to main.o(.data) for time_cnt
    at32f425_board.o(.rev16_text) refers (Special) to use_no_semi_2.o(.text) for __use_no_semihosting
    at32f425_board.o(.revsh_text) refers (Special) to use_no_semi_2.o(.text) for __use_no_semihosting
    at32f425_board.o(.rrx_text) refers (Special) to use_no_semi_2.o(.text) for __use_no_semihosting
    at32f425_board.o(i._sys_exit) refers (Special) to use_no_semi_2.o(.text) for __use_no_semihosting
    at32f425_board.o(i._ttywrch) refers (Special) to use_no_semi_2.o(.text) for __use_no_semihosting
    at32f425_board.o(i.at32_board_init) refers (Special) to use_no_semi_2.o(.text) for __use_no_semihosting
    at32f425_board.o(i.at32_board_init) refers to at32f425_board.o(i.delay_init) for delay_init
    at32f425_board.o(i.at32_board_init) refers to at32f425_board.o(i.at32_led_init) for at32_led_init
    at32f425_board.o(i.at32_board_init) refers to at32f425_board.o(i.at32_led_off) for at32_led_off
    at32f425_board.o(i.at32_board_init) refers to at32f425_board.o(i.at32_button_init) for at32_button_init
    at32f425_board.o(i.at32_button_init) refers (Special) to use_no_semi_2.o(.text) for __use_no_semihosting
    at32f425_board.o(i.at32_button_init) refers to at32f425_crm.o(i.crm_periph_clock_enable) for crm_periph_clock_enable
    at32f425_board.o(i.at32_button_init) refers to at32f425_gpio.o(i.gpio_default_para_init) for gpio_default_para_init
    at32f425_board.o(i.at32_button_init) refers to at32f425_gpio.o(i.gpio_init) for gpio_init
    at32f425_board.o(i.at32_button_press) refers (Special) to use_no_semi_2.o(.text) for __use_no_semihosting
    at32f425_board.o(i.at32_button_press) refers to at32f425_board.o(i.at32_button_state) for at32_button_state
    at32f425_board.o(i.at32_button_press) refers to at32f425_board.o(i.delay_ms) for delay_ms
    at32f425_board.o(i.at32_button_press) refers to at32f425_board.o(.data) for pressed
    at32f425_board.o(i.at32_button_state) refers (Special) to use_no_semi_2.o(.text) for __use_no_semihosting
    at32f425_board.o(i.at32_button_state) refers to at32f425_gpio.o(i.gpio_input_data_bit_read) for gpio_input_data_bit_read
    at32f425_board.o(i.at32_led_init) refers (Special) to use_no_semi_2.o(.text) for __use_no_semihosting
    at32f425_board.o(i.at32_led_init) refers to at32f425_crm.o(i.crm_periph_clock_enable) for crm_periph_clock_enable
    at32f425_board.o(i.at32_led_init) refers to at32f425_gpio.o(i.gpio_default_para_init) for gpio_default_para_init
    at32f425_board.o(i.at32_led_init) refers to at32f425_gpio.o(i.gpio_init) for gpio_init
    at32f425_board.o(i.at32_led_init) refers to at32f425_board.o(.data) for led_gpio_crm_clk
    at32f425_board.o(i.at32_led_off) refers (Special) to use_no_semi_2.o(.text) for __use_no_semihosting
    at32f425_board.o(i.at32_led_off) refers to at32f425_board.o(.data) for led_gpio_pin
    at32f425_board.o(i.at32_led_on) refers (Special) to use_no_semi_2.o(.text) for __use_no_semihosting
    at32f425_board.o(i.at32_led_on) refers to at32f425_board.o(.data) for led_gpio_pin
    at32f425_board.o(i.at32_led_toggle) refers (Special) to use_no_semi_2.o(.text) for __use_no_semihosting
    at32f425_board.o(i.at32_led_toggle) refers to at32f425_board.o(.data) for led_gpio_pin
    at32f425_board.o(i.delay_init) refers (Special) to use_no_semi_2.o(.text) for __use_no_semihosting
    at32f425_board.o(i.delay_init) refers to at32f425_misc.o(i.systick_clock_source_config) for systick_clock_source_config
    at32f425_board.o(i.delay_init) refers to system_at32f425.o(.data) for system_core_clock
    at32f425_board.o(i.delay_init) refers to at32f425_board.o(.data) for fac_us
    at32f425_board.o(i.delay_ms) refers (Special) to use_no_semi_2.o(.text) for __use_no_semihosting
    at32f425_board.o(i.delay_ms) refers to at32f425_board.o(.data) for fac_ms
    at32f425_board.o(i.delay_sec) refers (Special) to use_no_semi_2.o(.text) for __use_no_semihosting
    at32f425_board.o(i.delay_sec) refers to at32f425_board.o(i.delay_ms) for delay_ms
    at32f425_board.o(i.delay_us) refers (Special) to use_no_semi_2.o(.text) for __use_no_semihosting
    at32f425_board.o(i.delay_us) refers to at32f425_board.o(.data) for fac_us
    at32f425_board.o(i.fputc) refers (Special) to use_no_semi_2.o(.text) for __use_no_semihosting
    at32f425_board.o(i.fputc) refers to at32f425_usart.o(i.usart_flag_get) for usart_flag_get
    at32f425_board.o(i.fputc) refers to at32f425_usart.o(i.usart_data_transmit) for usart_data_transmit
    at32f425_board.o(i.uart_print_init) refers (Special) to use_no_semi_2.o(.text) for __use_no_semihosting
    at32f425_board.o(i.uart_print_init) refers to at32f425_crm.o(i.crm_periph_clock_enable) for crm_periph_clock_enable
    at32f425_board.o(i.uart_print_init) refers to at32f425_gpio.o(i.gpio_default_para_init) for gpio_default_para_init
    at32f425_board.o(i.uart_print_init) refers to at32f425_gpio.o(i.gpio_init) for gpio_init
    at32f425_board.o(i.uart_print_init) refers to at32f425_gpio.o(i.gpio_pin_mux_config) for gpio_pin_mux_config
    at32f425_board.o(i.uart_print_init) refers to at32f425_usart.o(i.usart_init) for usart_init
    at32f425_board.o(i.uart_print_init) refers to at32f425_usart.o(i.usart_transmitter_enable) for usart_transmitter_enable
    at32f425_board.o(i.uart_print_init) refers to at32f425_usart.o(i.usart_enable) for usart_enable
    at32f425_board.o(.data) refers (Special) to use_no_semi_2.o(.text) for __use_no_semihosting
    at32f425_crm.o(i.crm_clocks_freq_get) refers to at32f425_crm.o(i.crm_sysclk_switch_status_get) for crm_sysclk_switch_status_get
    at32f425_crm.o(i.crm_clocks_freq_get) refers to lludivv7m.o(.text) for __aeabi_uldivmod
    at32f425_crm.o(i.crm_clocks_freq_get) refers to at32f425_crm.o(.constdata) for sclk_ahb_div_table
    at32f425_crm.o(i.crm_hext_stable_wait) refers to at32f425_crm.o(i.crm_flag_get) for crm_flag_get
    at32f425_crm.o(i.crm_hick_sclk_frequency_select) refers to at32f425_crm.o(i.crm_hick_divider_select) for crm_hick_divider_select
    at32f425_crm.o(i.crm_usb_clock_source_select) refers to at32f425_crm.o(i.crm_hick_sclk_frequency_select) for crm_hick_sclk_frequency_select
    at32f425_gpio.o(i.gpio_reset) refers to at32f425_crm.o(i.crm_periph_reset) for crm_periph_reset
    at32f425_usart.o(i.usart_init) refers to at32f425_crm.o(i.crm_clocks_freq_get) for crm_clocks_freq_get
    at32f425_usart.o(i.usart_reset) refers to at32f425_crm.o(i.crm_periph_reset) for crm_periph_reset
    system_at32f425.o(i.system_core_clock_update) refers to at32f425_crm.o(i.crm_sysclk_switch_status_get) for crm_sysclk_switch_status_get
    system_at32f425.o(i.system_core_clock_update) refers to lludivv7m.o(.text) for __aeabi_uldivmod
    system_at32f425.o(i.system_core_clock_update) refers to system_at32f425.o(.data) for system_core_clock
    system_at32f425.o(i.system_core_clock_update) refers to system_at32f425.o(.constdata) for sys_ahb_div_table
    startup_at32f425.o(STACK) refers (Special) to heapauxi.o(.text) for __use_two_region_memory
    startup_at32f425.o(HEAP) refers (Special) to heapauxi.o(.text) for __use_two_region_memory
    startup_at32f425.o(RESET) refers (Special) to heapauxi.o(.text) for __use_two_region_memory
    startup_at32f425.o(RESET) refers to startup_at32f425.o(STACK) for __initial_sp
    startup_at32f425.o(RESET) refers to startup_at32f425.o(.text) for Reset_Handler
    startup_at32f425.o(RESET) refers to at32f425_int.o(i.NMI_Handler) for NMI_Handler
    startup_at32f425.o(RESET) refers to at32f425_int.o(i.HardFault_Handler) for HardFault_Handler
    startup_at32f425.o(RESET) refers to at32f425_int.o(i.MemManage_Handler) for MemManage_Handler
    startup_at32f425.o(RESET) refers to at32f425_int.o(i.BusFault_Handler) for BusFault_Handler
    startup_at32f425.o(RESET) refers to at32f425_int.o(i.UsageFault_Handler) for UsageFault_Handler
    startup_at32f425.o(RESET) refers to at32f425_int.o(i.SVC_Handler) for SVC_Handler
    startup_at32f425.o(RESET) refers to at32f425_int.o(i.DebugMon_Handler) for DebugMon_Handler
    startup_at32f425.o(RESET) refers to at32f425_int.o(i.PendSV_Handler) for PendSV_Handler
    startup_at32f425.o(RESET) refers to at32f425_int.o(i.SysTick_Handler) for SysTick_Handler
    startup_at32f425.o(.text) refers (Special) to heapauxi.o(.text) for __use_two_region_memory
    startup_at32f425.o(.text) refers to system_at32f425.o(i.SystemInit) for SystemInit
    startup_at32f425.o(.text) refers to __main.o(!!!main) for __main
    startup_at32f425.o(.text) refers to startup_at32f425.o(HEAP) for Heap_Mem
    startup_at32f425.o(.text) refers to startup_at32f425.o(STACK) for Stack_Mem
    use_no_semi_2.o(.text) refers (Special) to use_no_semi.o(.text) for __use_no_semihosting_swi
    __2printf.o(.text) refers to _printf_char_file.o(.text) for _printf_char_file
    __2printf.o(.text) refers to at32f425_board.o(.data) for __stdout
    noretval__2printf.o(.text) refers to _printf_char_file.o(.text) for _printf_char_file
    noretval__2printf.o(.text) refers to at32f425_board.o(.data) for __stdout
    __printf.o(.text) refers to _printf_percent.o(.ARM.Collect$$_printf_percent$$00000000) for _printf_percent
    _printf_dec.o(.text) refers to _printf_intcommon.o(.text) for _printf_int_common
    __printf_flags.o(.text) refers to _printf_percent.o(.ARM.Collect$$_printf_percent$$00000000) for _printf_percent
    __printf_flags.o(.text) refers to __printf_flags.o(.constdata) for .constdata
    __printf_ss.o(.text) refers to _printf_percent.o(.ARM.Collect$$_printf_percent$$00000000) for _printf_percent
    __printf_flags_ss.o(.text) refers to _printf_percent.o(.ARM.Collect$$_printf_percent$$00000000) for _printf_percent
    __printf_flags_ss.o(.text) refers to __printf_flags_ss.o(.constdata) for .constdata
    __printf_wp.o(.text) refers to __printf_wp.o(i._is_digit) for _is_digit
    __printf_wp.o(.text) refers to _printf_percent.o(.ARM.Collect$$_printf_percent$$00000000) for _printf_percent
    __printf_flags_wp.o(.text) refers to __printf_wp.o(i._is_digit) for _is_digit
    __printf_flags_wp.o(.text) refers to _printf_percent.o(.ARM.Collect$$_printf_percent$$00000000) for _printf_percent
    __printf_flags_wp.o(.text) refers to __printf_flags_wp.o(.constdata) for .constdata
    __printf_ss_wp.o(.text) refers to __printf_wp.o(i._is_digit) for _is_digit
    __printf_ss_wp.o(.text) refers to _printf_percent.o(.ARM.Collect$$_printf_percent$$00000000) for _printf_percent
    __printf_flags_ss_wp.o(.text) refers to __printf_wp.o(i._is_digit) for _is_digit
    __printf_flags_ss_wp.o(.text) refers to _printf_percent.o(.ARM.Collect$$_printf_percent$$00000000) for _printf_percent
    __printf_flags_ss_wp.o(.text) refers to __printf_flags_ss_wp.o(.constdata) for .constdata
    _printf_u.o(.ARM.Collect$$_printf_percent$$0000000A) refers (Weak) to _printf_dec.o(.text) for _printf_int_dec
    _printf_percent.o(.ARM.Collect$$_printf_percent$$00000000) refers (Special) to _printf_percent_end.o(.ARM.Collect$$_printf_percent$$00000017) for _printf_percent_end
    __main.o(!!!main) refers to __rtentry.o(.ARM.Collect$$rtentry$$00000000) for __rt_entry
    __rtentry.o(.ARM.Collect$$rtentry$$00000000) refers (Special) to __rtentry2.o(.ARM.Collect$$rtentry$$0000000A) for __rt_entry_li
    __rtentry.o(.ARM.Collect$$rtentry$$00000000) refers (Special) to __rtentry2.o(.ARM.Collect$$rtentry$$0000000D) for __rt_entry_main
    __rtentry.o(.ARM.Collect$$rtentry$$00000000) refers (Special) to __rtentry2.o(.ARM.Collect$$rtentry$$0000000C) for __rt_entry_postli_1
    __rtentry.o(.ARM.Collect$$rtentry$$00000000) refers (Special) to __rtentry2.o(.ARM.Collect$$rtentry$$00000009) for __rt_entry_postsh_1
    __rtentry.o(.ARM.Collect$$rtentry$$00000000) refers (Special) to __rtentry2.o(.ARM.Collect$$rtentry$$00000002) for __rt_entry_presh_1
    __rtentry.o(.ARM.Collect$$rtentry$$00000000) refers (Special) to __rtentry4.o(.ARM.Collect$$rtentry$$00000004) for __rt_entry_sh
    aeabi_ldiv0_sigfpe.o(.text) refers to rt_div0.o(.text) for __rt_div0
    _printf_char_file.o(.text) refers to _printf_char_common.o(.text) for _printf_char_common
    _printf_char_file.o(.text) refers to ferror.o(.text) for ferror
    _printf_char_file.o(.text) refers to at32f425_board.o(i.fputc) for fputc
    __rtentry2.o(.ARM.Collect$$rtentry$$00000008) refers to boardinit2.o(.text) for _platform_post_stackheap_init
    __rtentry2.o(.ARM.Collect$$rtentry$$0000000A) refers to libinit.o(.ARM.Collect$$libinit$$00000000) for __rt_lib_init
    __rtentry2.o(.ARM.Collect$$rtentry$$0000000B) refers to boardinit3.o(.text) for _platform_post_lib_init
    __rtentry2.o(.ARM.Collect$$rtentry$$0000000D) refers to main.o(i.main) for main
    __rtentry2.o(.ARM.Collect$$rtentry$$0000000D) refers to exit.o(.text) for exit
    __rtentry2.o(.ARM.exidx) refers to __rtentry2.o(.ARM.Collect$$rtentry$$00000001) for .ARM.Collect$$rtentry$$00000001
    __rtentry2.o(.ARM.exidx) refers to __rtentry2.o(.ARM.Collect$$rtentry$$00000008) for .ARM.Collect$$rtentry$$00000008
    __rtentry2.o(.ARM.exidx) refers to __rtentry2.o(.ARM.Collect$$rtentry$$0000000A) for .ARM.Collect$$rtentry$$0000000A
    __rtentry2.o(.ARM.exidx) refers to __rtentry2.o(.ARM.Collect$$rtentry$$0000000B) for .ARM.Collect$$rtentry$$0000000B
    __rtentry2.o(.ARM.exidx) refers to __rtentry2.o(.ARM.Collect$$rtentry$$0000000D) for .ARM.Collect$$rtentry$$0000000D
    __rtentry4.o(.ARM.Collect$$rtentry$$00000004) refers to sys_stackheap_outer.o(.text) for __user_setup_stackheap
    __rtentry4.o(.ARM.exidx) refers to __rtentry4.o(.ARM.Collect$$rtentry$$00000004) for .ARM.Collect$$rtentry$$00000004
    rt_div0.o(.text) refers to defsig_fpe_outer.o(.text) for __rt_SIGFPE
    _printf_char_common.o(.text) refers to __printf.o(.text) for __printf
    sys_stackheap_outer.o(.text) refers to libspace.o(.text) for __user_perproc_libspace
    sys_stackheap_outer.o(.text) refers to startup_at32f425.o(.text) for __user_initial_stackheap
    exit.o(.text) refers to rtexit.o(.ARM.Collect$$rtexit$$00000000) for __rt_exit
    defsig_fpe_outer.o(.text) refers to defsig_fpe_inner.o(.text) for __rt_SIGFPE_inner
    defsig_fpe_outer.o(.text) refers to defsig_exit.o(.text) for __sig_exit
    defsig_fpe_formal.o(.text) refers to rt_raise.o(.text) for __rt_raise
    libinit.o(.ARM.Collect$$libinit$$00000000) refers (Special) to libinit2.o(.ARM.Collect$$libinit$$0000002E) for __rt_lib_init_alloca_1
    libinit.o(.ARM.Collect$$libinit$$00000000) refers (Special) to libinit2.o(.ARM.Collect$$libinit$$0000002C) for __rt_lib_init_argv_1
    libinit.o(.ARM.Collect$$libinit$$00000000) refers (Special) to libinit2.o(.ARM.Collect$$libinit$$0000001B) for __rt_lib_init_atexit_1
    libinit.o(.ARM.Collect$$libinit$$00000000) refers (Special) to libinit2.o(.ARM.Collect$$libinit$$00000021) for __rt_lib_init_clock_1
    libinit.o(.ARM.Collect$$libinit$$00000000) refers (Special) to libinit2.o(.ARM.Collect$$libinit$$00000032) for __rt_lib_init_cpp_1
    libinit.o(.ARM.Collect$$libinit$$00000000) refers (Special) to libinit2.o(.ARM.Collect$$libinit$$00000030) for __rt_lib_init_exceptions_1
    libinit.o(.ARM.Collect$$libinit$$00000000) refers (Special) to libinit2.o(.ARM.Collect$$libinit$$00000002) for __rt_lib_init_fp_1
    libinit.o(.ARM.Collect$$libinit$$00000000) refers (Special) to libinit2.o(.ARM.Collect$$libinit$$0000001F) for __rt_lib_init_fp_trap_1
    libinit.o(.ARM.Collect$$libinit$$00000000) refers (Special) to libinit2.o(.ARM.Collect$$libinit$$00000023) for __rt_lib_init_getenv_1
    libinit.o(.ARM.Collect$$libinit$$00000000) refers (Special) to libinit2.o(.ARM.Collect$$libinit$$0000000A) for __rt_lib_init_heap_1
    libinit.o(.ARM.Collect$$libinit$$00000000) refers (Special) to libinit2.o(.ARM.Collect$$libinit$$00000011) for __rt_lib_init_lc_collate_1
    libinit.o(.ARM.Collect$$libinit$$00000000) refers (Special) to libinit2.o(.ARM.Collect$$libinit$$00000013) for __rt_lib_init_lc_ctype_1
    libinit.o(.ARM.Collect$$libinit$$00000000) refers (Special) to libinit2.o(.ARM.Collect$$libinit$$00000015) for __rt_lib_init_lc_monetary_1
    libinit.o(.ARM.Collect$$libinit$$00000000) refers (Special) to libinit2.o(.ARM.Collect$$libinit$$00000017) for __rt_lib_init_lc_numeric_1
    libinit.o(.ARM.Collect$$libinit$$00000000) refers (Special) to libinit2.o(.ARM.Collect$$libinit$$00000019) for __rt_lib_init_lc_time_1
    libinit.o(.ARM.Collect$$libinit$$00000000) refers (Special) to libinit2.o(.ARM.Collect$$libinit$$00000004) for __rt_lib_init_preinit_1
    libinit.o(.ARM.Collect$$libinit$$00000000) refers (Special) to libinit2.o(.ARM.Collect$$libinit$$0000000E) for __rt_lib_init_rand_1
    libinit.o(.ARM.Collect$$libinit$$00000000) refers (Special) to libinit2.o(.ARM.Collect$$libinit$$00000033) for __rt_lib_init_return
    libinit.o(.ARM.Collect$$libinit$$00000000) refers (Special) to libinit2.o(.ARM.Collect$$libinit$$0000001D) for __rt_lib_init_signal_1
    libinit.o(.ARM.Collect$$libinit$$00000000) refers (Special) to libinit2.o(.ARM.Collect$$libinit$$00000025) for __rt_lib_init_stdio_1
    libinit.o(.ARM.Collect$$libinit$$00000000) refers (Special) to libinit2.o(.ARM.Collect$$libinit$$0000000C) for __rt_lib_init_user_alloc_1
    libspace.o(.text) refers to libspace.o(.bss) for __libspace_start
    rtexit.o(.ARM.Collect$$rtexit$$00000000) refers (Special) to rtexit2.o(.ARM.Collect$$rtexit$$00000004) for __rt_exit_exit
    rtexit.o(.ARM.Collect$$rtexit$$00000000) refers (Special) to rtexit2.o(.ARM.Collect$$rtexit$$00000003) for __rt_exit_ls
    rtexit.o(.ARM.Collect$$rtexit$$00000000) refers (Special) to rtexit2.o(.ARM.Collect$$rtexit$$00000002) for __rt_exit_prels_1
    rtexit.o(.ARM.exidx) refers (Special) to rtexit2.o(.ARM.Collect$$rtexit$$00000004) for __rt_exit_exit
    rtexit.o(.ARM.exidx) refers (Special) to rtexit2.o(.ARM.Collect$$rtexit$$00000003) for __rt_exit_ls
    rtexit.o(.ARM.exidx) refers (Special) to rtexit2.o(.ARM.Collect$$rtexit$$00000002) for __rt_exit_prels_1
    rtexit.o(.ARM.exidx) refers to rtexit.o(.ARM.Collect$$rtexit$$00000000) for .ARM.Collect$$rtexit$$00000000
    rt_raise.o(.text) refers to __raise.o(.text) for __raise
    rt_raise.o(.text) refers to at32f425_board.o(i._sys_exit) for _sys_exit
    defsig_exit.o(.text) refers to at32f425_board.o(i._sys_exit) for _sys_exit
    defsig_fpe_inner.o(.text) refers to defsig_general.o(.text) for __default_signal_display
    libinit2.o(.ARM.Collect$$libinit$$00000010) refers to libinit2.o(.ARM.Collect$$libinit$$0000000F) for .ARM.Collect$$libinit$$0000000F
    libinit2.o(.ARM.Collect$$libinit$$00000012) refers to libinit2.o(.ARM.Collect$$libinit$$0000000F) for .ARM.Collect$$libinit$$0000000F
    libinit2.o(.ARM.Collect$$libinit$$00000014) refers to libinit2.o(.ARM.Collect$$libinit$$0000000F) for .ARM.Collect$$libinit$$0000000F
    libinit2.o(.ARM.Collect$$libinit$$00000016) refers to libinit2.o(.ARM.Collect$$libinit$$0000000F) for .ARM.Collect$$libinit$$0000000F
    libinit2.o(.ARM.Collect$$libinit$$00000018) refers to libinit2.o(.ARM.Collect$$libinit$$0000000F) for .ARM.Collect$$libinit$$0000000F
    libinit2.o(.ARM.Collect$$libinit$$00000026) refers to argv_veneer.o(.emb_text) for __ARM_argv_veneer
    libinit2.o(.ARM.Collect$$libinit$$00000027) refers to argv_veneer.o(.emb_text) for __ARM_argv_veneer
    rtexit2.o(.ARM.Collect$$rtexit$$00000003) refers to libshutdown.o(.ARM.Collect$$libshutdown$$00000000) for __rt_lib_shutdown
    rtexit2.o(.ARM.Collect$$rtexit$$00000004) refers to at32f425_board.o(i._sys_exit) for _sys_exit
    rtexit2.o(.ARM.exidx) refers to rtexit2.o(.ARM.Collect$$rtexit$$00000001) for .ARM.Collect$$rtexit$$00000001
    rtexit2.o(.ARM.exidx) refers to rtexit2.o(.ARM.Collect$$rtexit$$00000003) for .ARM.Collect$$rtexit$$00000003
    rtexit2.o(.ARM.exidx) refers to rtexit2.o(.ARM.Collect$$rtexit$$00000004) for .ARM.Collect$$rtexit$$00000004
    __raise.o(.text) refers to defsig.o(CL$$defsig) for __default_signal_handler
    defsig_general.o(.text) refers to at32f425_board.o(i._ttywrch) for _ttywrch
    argv_veneer.o(.emb_text) refers to no_argv.o(.text) for __ARM_get_argv
    defsig.o(CL$$defsig) refers to defsig_fpe_inner.o(.text) for __rt_SIGFPE_inner
    defsig.o(CL$$defsig) refers to defsig_rtmem_inner.o(.text) for __rt_SIGRTMEM_inner
    _get_argv_nomalloc.o(.text) refers (Special) to hrguard.o(.text) for __heap_region$guard
    _get_argv_nomalloc.o(.text) refers to defsig_rtmem_outer.o(.text) for __rt_SIGRTMEM
    _get_argv_nomalloc.o(.text) refers to sys_command.o(.text) for _sys_command_string
    libshutdown.o(.ARM.Collect$$libshutdown$$00000000) refers (Special) to libshutdown2.o(.ARM.Collect$$libshutdown$$00000004) for __rt_lib_shutdown_cpp_1
    libshutdown.o(.ARM.Collect$$libshutdown$$00000000) refers (Special) to libshutdown2.o(.ARM.Collect$$libshutdown$$00000002) for __rt_lib_shutdown_fini_1
    libshutdown.o(.ARM.Collect$$libshutdown$$00000000) refers (Special) to libshutdown2.o(.ARM.Collect$$libshutdown$$00000009) for __rt_lib_shutdown_fp_trap_1
    libshutdown.o(.ARM.Collect$$libshutdown$$00000000) refers (Special) to libshutdown2.o(.ARM.Collect$$libshutdown$$00000011) for __rt_lib_shutdown_heap_1
    libshutdown.o(.ARM.Collect$$libshutdown$$00000000) refers (Special) to libshutdown2.o(.ARM.Collect$$libshutdown$$00000012) for __rt_lib_shutdown_return
    libshutdown.o(.ARM.Collect$$libshutdown$$00000000) refers (Special) to libshutdown2.o(.ARM.Collect$$libshutdown$$0000000C) for __rt_lib_shutdown_signal_1
    libshutdown.o(.ARM.Collect$$libshutdown$$00000000) refers (Special) to libshutdown2.o(.ARM.Collect$$libshutdown$$00000006) for __rt_lib_shutdown_stdio_1
    libshutdown.o(.ARM.Collect$$libshutdown$$00000000) refers (Special) to libshutdown2.o(.ARM.Collect$$libshutdown$$0000000E) for __rt_lib_shutdown_user_alloc_1
    sys_command.o(.text) refers (Special) to use_no_semi.o(.text) for __I$use$semihosting
    sys_command.o(.text) refers (Special) to indicate_semi.o(.text) for __semihosting_library_function
    defsig_abrt_inner.o(.text) refers to defsig_general.o(.text) for __default_signal_display
    defsig_rtred_inner.o(.text) refers to defsig_general.o(.text) for __default_signal_display
    defsig_rtmem_inner.o(.text) refers to defsig_general.o(.text) for __default_signal_display
    defsig_rtmem_outer.o(.text) refers to defsig_rtmem_inner.o(.text) for __rt_SIGRTMEM_inner
    defsig_rtmem_outer.o(.text) refers to defsig_exit.o(.text) for __sig_exit
    defsig_rtmem_formal.o(.text) refers to rt_raise.o(.text) for __rt_raise
    defsig_stak_inner.o(.text) refers to defsig_general.o(.text) for __default_signal_display
    defsig_pvfn_inner.o(.text) refers to defsig_general.o(.text) for __default_signal_display
    defsig_cppl_inner.o(.text) refers to defsig_general.o(.text) for __default_signal_display
    defsig_segv_inner.o(.text) refers to defsig_general.o(.text) for __default_signal_display
    defsig_other.o(.text) refers to defsig_general.o(.text) for __default_signal_display


==============================================================================

Removing Unused input sections from the image.

    Removing at32f425_clock.o(.rev16_text), (4 bytes).
    Removing at32f425_clock.o(.revsh_text), (4 bytes).
    Removing at32f425_clock.o(.rrx_text), (6 bytes).
    Removing at32f425_int.o(.rev16_text), (4 bytes).
    Removing at32f425_int.o(.revsh_text), (4 bytes).
    Removing at32f425_int.o(.rrx_text), (6 bytes).
    Removing main.o(.rev16_text), (4 bytes).
    Removing main.o(.revsh_text), (4 bytes).
    Removing main.o(.rrx_text), (6 bytes).
    Removing at32f425_board.o(.rev16_text), (4 bytes).
    Removing at32f425_board.o(.revsh_text), (4 bytes).
    Removing at32f425_board.o(.rrx_text), (6 bytes).
    Removing at32f425_board.o(i._ttywrch), (4 bytes).
    Removing at32f425_board.o(i.at32_button_press), (60 bytes).
    Removing at32f425_board.o(i.at32_button_state), (14 bytes).
    Removing at32f425_board.o(i.at32_led_on), (40 bytes).
    Removing at32f425_board.o(i.at32_led_toggle), (52 bytes).
    Removing at32f425_board.o(i.delay_us), (80 bytes).
    Removing at32f425_crm.o(.rev16_text), (4 bytes).
    Removing at32f425_crm.o(.revsh_text), (4 bytes).
    Removing at32f425_crm.o(.rrx_text), (6 bytes).
    Removing at32f425_crm.o(i.crm_adc_clock_div_set), (32 bytes).
    Removing at32f425_crm.o(i.crm_battery_powered_domain_reset), (20 bytes).
    Removing at32f425_crm.o(i.crm_clkout_div_set), (20 bytes).
    Removing at32f425_crm.o(i.crm_clock_failure_detection_enable), (20 bytes).
    Removing at32f425_crm.o(i.crm_clock_out_set), (32 bytes).
    Removing at32f425_crm.o(i.crm_ertc_clock_enable), (20 bytes).
    Removing at32f425_crm.o(i.crm_ertc_clock_select), (20 bytes).
    Removing at32f425_crm.o(i.crm_flag_clear), (212 bytes).
    Removing at32f425_crm.o(i.crm_hext_bypass), (20 bytes).
    Removing at32f425_crm.o(i.crm_hick_clock_calibration_set), (40 bytes).
    Removing at32f425_crm.o(i.crm_hick_clock_trimming_set), (20 bytes).
    Removing at32f425_crm.o(i.crm_hick_divider_select), (20 bytes).
    Removing at32f425_crm.o(i.crm_hick_sclk_frequency_select), (28 bytes).
    Removing at32f425_crm.o(i.crm_interrupt_enable), (32 bytes).
    Removing at32f425_crm.o(i.crm_interrupt_flag_get), (176 bytes).
    Removing at32f425_crm.o(i.crm_lext_bypass), (20 bytes).
    Removing at32f425_crm.o(i.crm_periph_reset), (68 bytes).
    Removing at32f425_crm.o(i.crm_periph_sleep_mode_clock_enable), (68 bytes).
    Removing at32f425_crm.o(i.crm_pll_config2), (132 bytes).
    Removing at32f425_crm.o(i.crm_usb_clock_div_set), (32 bytes).
    Removing at32f425_crm.o(i.crm_usb_clock_source_select), (32 bytes).
    Removing at32f425_crm.o(i.crm_usb_div_reset), (68 bytes).
    Removing at32f425_gpio.o(.rev16_text), (4 bytes).
    Removing at32f425_gpio.o(.revsh_text), (4 bytes).
    Removing at32f425_gpio.o(.rrx_text), (6 bytes).
    Removing at32f425_gpio.o(i.gpio_bits_reset), (4 bytes).
    Removing at32f425_gpio.o(i.gpio_bits_set), (4 bytes).
    Removing at32f425_gpio.o(i.gpio_bits_write), (10 bytes).
    Removing at32f425_gpio.o(i.gpio_input_data_bit_read), (18 bytes).
    Removing at32f425_gpio.o(i.gpio_input_data_read), (8 bytes).
    Removing at32f425_gpio.o(i.gpio_output_data_bit_read), (18 bytes).
    Removing at32f425_gpio.o(i.gpio_output_data_read), (8 bytes).
    Removing at32f425_gpio.o(i.gpio_pin_wp_config), (18 bytes).
    Removing at32f425_gpio.o(i.gpio_pins_huge_driven_config), (18 bytes).
    Removing at32f425_gpio.o(i.gpio_port_write), (4 bytes).
    Removing at32f425_gpio.o(i.gpio_reset), (160 bytes).
    Removing at32f425_usart.o(.rev16_text), (4 bytes).
    Removing at32f425_usart.o(.revsh_text), (4 bytes).
    Removing at32f425_usart.o(.rrx_text), (6 bytes).
    Removing at32f425_usart.o(i.usart_break_bit_num_set), (10 bytes).
    Removing at32f425_usart.o(i.usart_break_send), (12 bytes).
    Removing at32f425_usart.o(i.usart_clock_config), (28 bytes).
    Removing at32f425_usart.o(i.usart_clock_enable), (10 bytes).
    Removing at32f425_usart.o(i.usart_data_receive), (8 bytes).
    Removing at32f425_usart.o(i.usart_de_polarity_set), (10 bytes).
    Removing at32f425_usart.o(i.usart_dma_receiver_enable), (10 bytes).
    Removing at32f425_usart.o(i.usart_dma_transmitter_enable), (10 bytes).
    Removing at32f425_usart.o(i.usart_flag_clear), (18 bytes).
    Removing at32f425_usart.o(i.usart_hardware_flow_control_set), (102 bytes).
    Removing at32f425_usart.o(i.usart_id_bit_num_set), (10 bytes).
    Removing at32f425_usart.o(i.usart_interrupt_enable), (54 bytes).
    Removing at32f425_usart.o(i.usart_interrupt_flag_get), (176 bytes).
    Removing at32f425_usart.o(i.usart_irda_low_power_enable), (10 bytes).
    Removing at32f425_usart.o(i.usart_irda_mode_enable), (10 bytes).
    Removing at32f425_usart.o(i.usart_irda_smartcard_division_set), (10 bytes).
    Removing at32f425_usart.o(i.usart_lin_mode_enable), (10 bytes).
    Removing at32f425_usart.o(i.usart_parity_selection_config), (76 bytes).
    Removing at32f425_usart.o(i.usart_receiver_enable), (10 bytes).
    Removing at32f425_usart.o(i.usart_receiver_mute_enable), (10 bytes).
    Removing at32f425_usart.o(i.usart_reset), (120 bytes).
    Removing at32f425_usart.o(i.usart_rs485_delay_time_config), (18 bytes).
    Removing at32f425_usart.o(i.usart_rs485_mode_enable), (10 bytes).
    Removing at32f425_usart.o(i.usart_single_line_halfduplex_select), (10 bytes).
    Removing at32f425_usart.o(i.usart_smartcard_guard_time_set), (10 bytes).
    Removing at32f425_usart.o(i.usart_smartcard_mode_enable), (10 bytes).
    Removing at32f425_usart.o(i.usart_smartcard_nack_set), (10 bytes).
    Removing at32f425_usart.o(i.usart_transmit_receive_pin_swap), (10 bytes).
    Removing at32f425_usart.o(i.usart_wakeup_id_set), (46 bytes).
    Removing at32f425_usart.o(i.usart_wakeup_mode_set), (10 bytes).
    Removing at32f425_misc.o(.rev16_text), (4 bytes).
    Removing at32f425_misc.o(.revsh_text), (4 bytes).
    Removing at32f425_misc.o(.rrx_text), (6 bytes).
    Removing at32f425_misc.o(i.nvic_irq_disable), (44 bytes).
    Removing at32f425_misc.o(i.nvic_irq_enable), (200 bytes).
    Removing at32f425_misc.o(i.nvic_lowpower_mode_config), (32 bytes).
    Removing at32f425_misc.o(i.nvic_priority_group_config), (40 bytes).
    Removing at32f425_misc.o(i.nvic_system_reset), (44 bytes).
    Removing at32f425_misc.o(i.nvic_vector_table_set), (20 bytes).
    Removing system_at32f425.o(.rev16_text), (4 bytes).
    Removing system_at32f425.o(.revsh_text), (4 bytes).
    Removing system_at32f425.o(.rrx_text), (6 bytes).

102 unused section(s) (total 3006 bytes) removed from the image.

==============================================================================

Image Symbol Table

    Local Symbols

    Symbol Name                              Value     Ov Type        Size  Object(Section)

    ../clib/angel/boardlib.s                 0x00000000   Number         0  boardinit2.o ABSOLUTE
    ../clib/angel/boardlib.s                 0x00000000   Number         0  boardshut.o ABSOLUTE
    ../clib/angel/boardlib.s                 0x00000000   Number         0  boardinit3.o ABSOLUTE
    ../clib/angel/boardlib.s                 0x00000000   Number         0  boardinit1.o ABSOLUTE
    ../clib/angel/handlers.s                 0x00000000   Number         0  __scatter_zi.o ABSOLUTE
    ../clib/angel/handlers.s                 0x00000000   Number         0  __scatter_copy.o ABSOLUTE
    ../clib/angel/kernel.s                   0x00000000   Number         0  __rtentry4.o ABSOLUTE
    ../clib/angel/kernel.s                   0x00000000   Number         0  __rtentry2.o ABSOLUTE
    ../clib/angel/kernel.s                   0x00000000   Number         0  rtexit.o ABSOLUTE
    ../clib/angel/kernel.s                   0x00000000   Number         0  rtexit2.o ABSOLUTE
    ../clib/angel/kernel.s                   0x00000000   Number         0  __rtentry.o ABSOLUTE
    ../clib/angel/rt.s                       0x00000000   Number         0  rt_div0.o ABSOLUTE
    ../clib/angel/rt.s                       0x00000000   Number         0  aeabi_ldiv0.o ABSOLUTE
    ../clib/angel/rt.s                       0x00000000   Number         0  aeabi_ldiv0_sigfpe.o ABSOLUTE
    ../clib/angel/rt.s                       0x00000000   Number         0  rt_raise.o ABSOLUTE
    ../clib/angel/scatter.s                  0x00000000   Number         0  __scatter.o ABSOLUTE
    ../clib/angel/startup.s                  0x00000000   Number         0  __main.o ABSOLUTE
    ../clib/angel/sys.s                      0x00000000   Number         0  use_no_semi_2.o ABSOLUTE
    ../clib/angel/sys.s                      0x00000000   Number         0  use_no_semi.o ABSOLUTE
    ../clib/angel/sys.s                      0x00000000   Number         0  indicate_semi.o ABSOLUTE
    ../clib/angel/sys.s                      0x00000000   Number         0  sys_stackheap_outer.o ABSOLUTE
    ../clib/angel/sys.s                      0x00000000   Number         0  libspace.o ABSOLUTE
    ../clib/angel/sysapp.c                   0x00000000   Number         0  sys_command.o ABSOLUTE
    ../clib/armsys.c                         0x00000000   Number         0  no_argv.o ABSOLUTE
    ../clib/armsys.c                         0x00000000   Number         0  _get_argv_nomalloc.o ABSOLUTE
    ../clib/armsys.c                         0x00000000   Number         0  argv_veneer.o ABSOLUTE
    ../clib/armsys.c                         0x00000000   Number         0  argv_veneer.o ABSOLUTE
    ../clib/heapalloc.c                      0x00000000   Number         0  hrguard.o ABSOLUTE
    ../clib/heapaux.c                        0x00000000   Number         0  heapauxi.o ABSOLUTE
    ../clib/libinit.s                        0x00000000   Number         0  libshutdown2.o ABSOLUTE
    ../clib/libinit.s                        0x00000000   Number         0  libshutdown.o ABSOLUTE
    ../clib/libinit.s                        0x00000000   Number         0  libinit2.o ABSOLUTE
    ../clib/libinit.s                        0x00000000   Number         0  libinit.o ABSOLUTE
    ../clib/longlong.s                       0x00000000   Number         0  lludivv7m.o ABSOLUTE
    ../clib/printf.c                         0x00000000   Number         0  __printf_wp.o ABSOLUTE
    ../clib/printf.c                         0x00000000   Number         0  __printf_flags_ss_wp.o ABSOLUTE
    ../clib/printf.c                         0x00000000   Number         0  __printf_flags_ss.o ABSOLUTE
    ../clib/printf.c                         0x00000000   Number         0  __printf_ss.o ABSOLUTE
    ../clib/printf.c                         0x00000000   Number         0  __printf_flags.o ABSOLUTE
    ../clib/printf.c                         0x00000000   Number         0  _printf_char_file.o ABSOLUTE
    ../clib/printf.c                         0x00000000   Number         0  __printf.o ABSOLUTE
    ../clib/printf.c                         0x00000000   Number         0  __2printf.o ABSOLUTE
    ../clib/printf.c                         0x00000000   Number         0  _printf_dec.o ABSOLUTE
    ../clib/printf.c                         0x00000000   Number         0  _printf_intcommon.o ABSOLUTE
    ../clib/printf.c                         0x00000000   Number         0  noretval__2printf.o ABSOLUTE
    ../clib/printf.c                         0x00000000   Number         0  __printf_ss_wp.o ABSOLUTE
    ../clib/printf.c                         0x00000000   Number         0  __printf_flags_wp.o ABSOLUTE
    ../clib/printf.c                         0x00000000   Number         0  __printf_nopercent.o ABSOLUTE
    ../clib/printf.c                         0x00000000   Number         0  _printf_char_common.o ABSOLUTE
    ../clib/printf_percent.s                 0x00000000   Number         0  _printf_percent_end.o ABSOLUTE
    ../clib/printf_percent.s                 0x00000000   Number         0  _printf_percent.o ABSOLUTE
    ../clib/printf_percent.s                 0x00000000   Number         0  _printf_u.o ABSOLUTE
    ../clib/signal.c                         0x00000000   Number         0  defsig_abrt_inner.o ABSOLUTE
    ../clib/signal.c                         0x00000000   Number         0  defsig_exit.o ABSOLUTE
    ../clib/signal.c                         0x00000000   Number         0  defsig_rtmem_formal.o ABSOLUTE
    ../clib/signal.c                         0x00000000   Number         0  defsig_stak_inner.o ABSOLUTE
    ../clib/signal.c                         0x00000000   Number         0  defsig_general.o ABSOLUTE
    ../clib/signal.c                         0x00000000   Number         0  __raise.o ABSOLUTE
    ../clib/signal.c                         0x00000000   Number         0  defsig_other.o ABSOLUTE
    ../clib/signal.c                         0x00000000   Number         0  defsig_pvfn_inner.o ABSOLUTE
    ../clib/signal.c                         0x00000000   Number         0  defsig_rtmem_outer.o ABSOLUTE
    ../clib/signal.c                         0x00000000   Number         0  defsig_cppl_inner.o ABSOLUTE
    ../clib/signal.c                         0x00000000   Number         0  defsig_fpe_formal.o ABSOLUTE
    ../clib/signal.c                         0x00000000   Number         0  defsig_fpe_inner.o ABSOLUTE
    ../clib/signal.c                         0x00000000   Number         0  defsig_rtmem_inner.o ABSOLUTE
    ../clib/signal.c                         0x00000000   Number         0  defsig_rtred_inner.o ABSOLUTE
    ../clib/signal.c                         0x00000000   Number         0  defsig_fpe_outer.o ABSOLUTE
    ../clib/signal.c                         0x00000000   Number         0  defsig_segv_inner.o ABSOLUTE
    ../clib/signal.s                         0x00000000   Number         0  defsig.o ABSOLUTE
    ../clib/stdio.c                          0x00000000   Number         0  ferror_locked.o ABSOLUTE
    ../clib/stdio.c                          0x00000000   Number         0  ferror.o ABSOLUTE
    ../clib/stdlib.c                         0x00000000   Number         0  exit.o ABSOLUTE
    ../fplib/fpinit.s                        0x00000000   Number         0  fpinit.o ABSOLUTE
    ..\..\AT32F425_Firmware_Library_V2.1.2\libraries\cmsis\cm4\device_support\startup\mdk\startup_at32f425.s 0x00000000   Number         0  startup_at32f425.o ABSOLUTE
    ..\..\AT32F425_Firmware_Library_V2.1.2\libraries\cmsis\cm4\device_support\system_at32f425.c 0x00000000   Number         0  system_at32f425.o ABSOLUTE
    ..\..\AT32F425_Firmware_Library_V2.1.2\libraries\drivers\src\at32f425_crm.c 0x00000000   Number         0  at32f425_crm.o ABSOLUTE
    ..\..\AT32F425_Firmware_Library_V2.1.2\libraries\drivers\src\at32f425_gpio.c 0x00000000   Number         0  at32f425_gpio.o ABSOLUTE
    ..\..\AT32F425_Firmware_Library_V2.1.2\libraries\drivers\src\at32f425_misc.c 0x00000000   Number         0  at32f425_misc.o ABSOLUTE
    ..\..\AT32F425_Firmware_Library_V2.1.2\libraries\drivers\src\at32f425_usart.c 0x00000000   Number         0  at32f425_usart.o ABSOLUTE
    ..\\..\\AT32F425_Firmware_Library_V2.1.2\\libraries\\cmsis\\cm4\\device_support\\system_at32f425.c 0x00000000   Number         0  system_at32f425.o ABSOLUTE
    ..\\..\\AT32F425_Firmware_Library_V2.1.2\\libraries\\drivers\\src\\at32f425_crm.c 0x00000000   Number         0  at32f425_crm.o ABSOLUTE
    ..\\..\\AT32F425_Firmware_Library_V2.1.2\\libraries\\drivers\\src\\at32f425_gpio.c 0x00000000   Number         0  at32f425_gpio.o ABSOLUTE
    ..\\..\\AT32F425_Firmware_Library_V2.1.2\\libraries\\drivers\\src\\at32f425_misc.c 0x00000000   Number         0  at32f425_misc.o ABSOLUTE
    ..\\..\\AT32F425_Firmware_Library_V2.1.2\\libraries\\drivers\\src\\at32f425_usart.c 0x00000000   Number         0  at32f425_usart.o ABSOLUTE
    ..\\source\\bsp\\at32f425_board\\at32f425_board.c 0x00000000   Number         0  at32f425_board.o ABSOLUTE
    ..\\source\\main\\at32f425_clock.c       0x00000000   Number         0  at32f425_clock.o ABSOLUTE
    ..\\source\\main\\at32f425_int.c         0x00000000   Number         0  at32f425_int.o ABSOLUTE
    ..\\source\\main\\main.c                 0x00000000   Number         0  main.o ABSOLUTE
    ..\source\bsp\at32f425_board\at32f425_board.c 0x00000000   Number         0  at32f425_board.o ABSOLUTE
    ..\source\main\at32f425_clock.c          0x00000000   Number         0  at32f425_clock.o ABSOLUTE
    ..\source\main\at32f425_int.c            0x00000000   Number         0  at32f425_int.o ABSOLUTE
    ..\source\main\main.c                    0x00000000   Number         0  main.o ABSOLUTE
    dc.s                                     0x00000000   Number         0  dc.o ABSOLUTE
    RESET                                    0x08000000   Section      208  startup_at32f425.o(RESET)
    !!!main                                  0x080000d0   Section        8  __main.o(!!!main)
    !!!scatter                               0x080000d8   Section       52  __scatter.o(!!!scatter)
    !!handler_copy                           0x0800010c   Section       26  __scatter_copy.o(!!handler_copy)
    !!handler_zi                             0x08000128   Section       28  __scatter_zi.o(!!handler_zi)
    .ARM.Collect$$_printf_percent$$00000000  0x08000144   Section        0  _printf_percent.o(.ARM.Collect$$_printf_percent$$00000000)
    .ARM.Collect$$_printf_percent$$0000000A  0x08000144   Section        6  _printf_u.o(.ARM.Collect$$_printf_percent$$0000000A)
    .ARM.Collect$$_printf_percent$$00000017  0x0800014a   Section        4  _printf_percent_end.o(.ARM.Collect$$_printf_percent$$00000017)
    .ARM.Collect$$libinit$$00000000          0x0800014e   Section        2  libinit.o(.ARM.Collect$$libinit$$00000000)
    .ARM.Collect$$libinit$$00000002          0x08000150   Section        0  libinit2.o(.ARM.Collect$$libinit$$00000002)
    .ARM.Collect$$libinit$$00000004          0x08000150   Section        0  libinit2.o(.ARM.Collect$$libinit$$00000004)
    .ARM.Collect$$libinit$$0000000A          0x08000150   Section        0  libinit2.o(.ARM.Collect$$libinit$$0000000A)
    .ARM.Collect$$libinit$$0000000C          0x08000150   Section        0  libinit2.o(.ARM.Collect$$libinit$$0000000C)
    .ARM.Collect$$libinit$$0000000E          0x08000150   Section        0  libinit2.o(.ARM.Collect$$libinit$$0000000E)
    .ARM.Collect$$libinit$$00000011          0x08000150   Section        0  libinit2.o(.ARM.Collect$$libinit$$00000011)
    .ARM.Collect$$libinit$$00000013          0x08000150   Section        0  libinit2.o(.ARM.Collect$$libinit$$00000013)
    .ARM.Collect$$libinit$$00000015          0x08000150   Section        0  libinit2.o(.ARM.Collect$$libinit$$00000015)
    .ARM.Collect$$libinit$$00000017          0x08000150   Section        0  libinit2.o(.ARM.Collect$$libinit$$00000017)
    .ARM.Collect$$libinit$$00000019          0x08000150   Section        0  libinit2.o(.ARM.Collect$$libinit$$00000019)
    .ARM.Collect$$libinit$$0000001B          0x08000150   Section        0  libinit2.o(.ARM.Collect$$libinit$$0000001B)
    .ARM.Collect$$libinit$$0000001D          0x08000150   Section        0  libinit2.o(.ARM.Collect$$libinit$$0000001D)
    .ARM.Collect$$libinit$$0000001F          0x08000150   Section        0  libinit2.o(.ARM.Collect$$libinit$$0000001F)
    .ARM.Collect$$libinit$$00000021          0x08000150   Section        0  libinit2.o(.ARM.Collect$$libinit$$00000021)
    .ARM.Collect$$libinit$$00000023          0x08000150   Section        0  libinit2.o(.ARM.Collect$$libinit$$00000023)
    .ARM.Collect$$libinit$$00000025          0x08000150   Section        0  libinit2.o(.ARM.Collect$$libinit$$00000025)
    .ARM.Collect$$libinit$$0000002C          0x08000150   Section        0  libinit2.o(.ARM.Collect$$libinit$$0000002C)
    .ARM.Collect$$libinit$$0000002E          0x08000150   Section        0  libinit2.o(.ARM.Collect$$libinit$$0000002E)
    .ARM.Collect$$libinit$$00000030          0x08000150   Section        0  libinit2.o(.ARM.Collect$$libinit$$00000030)
    .ARM.Collect$$libinit$$00000032          0x08000150   Section        0  libinit2.o(.ARM.Collect$$libinit$$00000032)
    .ARM.Collect$$libinit$$00000033          0x08000150   Section        2  libinit2.o(.ARM.Collect$$libinit$$00000033)
    .ARM.Collect$$libshutdown$$00000000      0x08000152   Section        2  libshutdown.o(.ARM.Collect$$libshutdown$$00000000)
    .ARM.Collect$$libshutdown$$00000002      0x08000154   Section        0  libshutdown2.o(.ARM.Collect$$libshutdown$$00000002)
    .ARM.Collect$$libshutdown$$00000004      0x08000154   Section        0  libshutdown2.o(.ARM.Collect$$libshutdown$$00000004)
    .ARM.Collect$$libshutdown$$00000006      0x08000154   Section        0  libshutdown2.o(.ARM.Collect$$libshutdown$$00000006)
    .ARM.Collect$$libshutdown$$00000009      0x08000154   Section        0  libshutdown2.o(.ARM.Collect$$libshutdown$$00000009)
    .ARM.Collect$$libshutdown$$0000000C      0x08000154   Section        0  libshutdown2.o(.ARM.Collect$$libshutdown$$0000000C)
    .ARM.Collect$$libshutdown$$0000000E      0x08000154   Section        0  libshutdown2.o(.ARM.Collect$$libshutdown$$0000000E)
    .ARM.Collect$$libshutdown$$00000011      0x08000154   Section        0  libshutdown2.o(.ARM.Collect$$libshutdown$$00000011)
    .ARM.Collect$$libshutdown$$00000012      0x08000154   Section        2  libshutdown2.o(.ARM.Collect$$libshutdown$$00000012)
    .ARM.Collect$$rtentry$$00000000          0x08000156   Section        0  __rtentry.o(.ARM.Collect$$rtentry$$00000000)
    .ARM.Collect$$rtentry$$00000002          0x08000156   Section        0  __rtentry2.o(.ARM.Collect$$rtentry$$00000002)
    .ARM.Collect$$rtentry$$00000004          0x08000156   Section        6  __rtentry4.o(.ARM.Collect$$rtentry$$00000004)
    .ARM.Collect$$rtentry$$00000009          0x0800015c   Section        0  __rtentry2.o(.ARM.Collect$$rtentry$$00000009)
    .ARM.Collect$$rtentry$$0000000A          0x0800015c   Section        4  __rtentry2.o(.ARM.Collect$$rtentry$$0000000A)
    .ARM.Collect$$rtentry$$0000000C          0x08000160   Section        0  __rtentry2.o(.ARM.Collect$$rtentry$$0000000C)
    .ARM.Collect$$rtentry$$0000000D          0x08000160   Section        8  __rtentry2.o(.ARM.Collect$$rtentry$$0000000D)
    .ARM.Collect$$rtexit$$00000000           0x08000168   Section        2  rtexit.o(.ARM.Collect$$rtexit$$00000000)
    .ARM.Collect$$rtexit$$00000002           0x0800016a   Section        0  rtexit2.o(.ARM.Collect$$rtexit$$00000002)
    .ARM.Collect$$rtexit$$00000003           0x0800016a   Section        4  rtexit2.o(.ARM.Collect$$rtexit$$00000003)
    .ARM.Collect$$rtexit$$00000004           0x0800016e   Section        6  rtexit2.o(.ARM.Collect$$rtexit$$00000004)
    .text                                    0x08000174   Section       64  startup_at32f425.o(.text)
    .text                                    0x080001b4   Section        2  use_no_semi_2.o(.text)
    .text                                    0x080001b6   Section      238  lludivv7m.o(.text)
    .text                                    0x080002a4   Section        0  noretval__2printf.o(.text)
    .text                                    0x080002bc   Section        0  __printf.o(.text)
    .text                                    0x08000324   Section        0  _printf_dec.o(.text)
    .text                                    0x0800039c   Section        0  heapauxi.o(.text)
    .text                                    0x080003a2   Section        2  use_no_semi.o(.text)
    .text                                    0x080003a4   Section        0  _printf_intcommon.o(.text)
    .text                                    0x08000458   Section        0  _printf_char_file.o(.text)
    .text                                    0x0800047c   Section        0  _printf_char_common.o(.text)
    _printf_input_char                       0x0800047d   Thumb Code    10  _printf_char_common.o(.text)
    .text                                    0x080004ac   Section        0  ferror.o(.text)
    .text                                    0x080004b4   Section       74  sys_stackheap_outer.o(.text)
    .text                                    0x080004fe   Section        0  exit.o(.text)
    .text                                    0x08000510   Section        8  libspace.o(.text)
    i.BusFault_Handler                       0x08000518   Section        0  at32f425_int.o(i.BusFault_Handler)
    i.DebugMon_Handler                       0x0800051c   Section        0  at32f425_int.o(i.DebugMon_Handler)
    i.HardFault_Handler                      0x0800051e   Section        0  at32f425_int.o(i.HardFault_Handler)
    i.MemManage_Handler                      0x08000522   Section        0  at32f425_int.o(i.MemManage_Handler)
    i.NMI_Handler                            0x08000526   Section        0  at32f425_int.o(i.NMI_Handler)
    i.PendSV_Handler                         0x08000528   Section        0  at32f425_int.o(i.PendSV_Handler)
    i.SVC_Handler                            0x0800052a   Section        0  at32f425_int.o(i.SVC_Handler)
    i.SysTick_Handler                        0x0800052c   Section        0  at32f425_int.o(i.SysTick_Handler)
    i.SystemInit                             0x08000530   Section        0  system_at32f425.o(i.SystemInit)
    i.UsageFault_Handler                     0x0800059c   Section        0  at32f425_int.o(i.UsageFault_Handler)
    i._sys_exit                              0x080005a0   Section        0  at32f425_board.o(i._sys_exit)
    i.at32_board_init                        0x080005a4   Section        0  at32f425_board.o(i.at32_board_init)
    i.at32_button_init                       0x080005d4   Section        0  at32f425_board.o(i.at32_button_init)
    i.at32_led_init                          0x08000610   Section        0  at32f425_board.o(i.at32_led_init)
    i.at32_led_off                           0x08000660   Section        0  at32f425_board.o(i.at32_led_off)
    i.crm_ahb_div_set                        0x08000688   Section        0  at32f425_crm.o(i.crm_ahb_div_set)
    i.crm_apb1_div_set                       0x0800069c   Section        0  at32f425_crm.o(i.crm_apb1_div_set)
    i.crm_apb2_div_set                       0x080006b0   Section        0  at32f425_crm.o(i.crm_apb2_div_set)
    i.crm_clock_source_enable                0x080006c4   Section        0  at32f425_crm.o(i.crm_clock_source_enable)
    i.crm_clocks_freq_get                    0x08000724   Section        0  at32f425_crm.o(i.crm_clocks_freq_get)
    i.crm_flag_get                           0x080008d0   Section        0  at32f425_crm.o(i.crm_flag_get)
    i.crm_hext_stable_wait                   0x08000900   Section        0  at32f425_crm.o(i.crm_hext_stable_wait)
    i.crm_periph_clock_enable                0x08000930   Section        0  at32f425_crm.o(i.crm_periph_clock_enable)
    i.crm_pll_config                         0x08000974   Section        0  at32f425_crm.o(i.crm_pll_config)
    i.crm_reset                              0x08000a88   Section        0  at32f425_crm.o(i.crm_reset)
    i.crm_sysclk_switch                      0x08000aec   Section        0  at32f425_crm.o(i.crm_sysclk_switch)
    i.crm_sysclk_switch_status_get           0x08000b00   Section        0  at32f425_crm.o(i.crm_sysclk_switch_status_get)
    i.delay_init                             0x08000b10   Section        0  at32f425_board.o(i.delay_init)
    i.delay_ms                               0x08000b48   Section        0  at32f425_board.o(i.delay_ms)
    i.delay_sec                              0x08000bbc   Section        0  at32f425_board.o(i.delay_sec)
    i.fputc                                  0x08000be0   Section        0  at32f425_board.o(i.fputc)
    i.gpio_default_para_init                 0x08000c14   Section        0  at32f425_gpio.o(i.gpio_default_para_init)
    i.gpio_init                              0x08000c28   Section        0  at32f425_gpio.o(i.gpio_init)
    i.gpio_pin_mux_config                    0x08000ca2   Section        0  at32f425_gpio.o(i.gpio_pin_mux_config)
    i.main                                   0x08000ce4   Section        0  main.o(i.main)
    i.system_clock_config                    0x08000d3c   Section        0  at32f425_clock.o(i.system_clock_config)
    i.system_core_clock_update               0x08000da4   Section        0  system_at32f425.o(i.system_core_clock_update)
    i.systick_clock_source_config            0x08000ef8   Section        0  at32f425_misc.o(i.systick_clock_source_config)
    i.uart_print_init                        0x08000f20   Section        0  at32f425_board.o(i.uart_print_init)
    i.usart_data_transmit                    0x08000f94   Section        0  at32f425_usart.o(i.usart_data_transmit)
    i.usart_enable                           0x08000f9c   Section        0  at32f425_usart.o(i.usart_enable)
    i.usart_flag_get                         0x08000fa6   Section        0  at32f425_usart.o(i.usart_flag_get)
    i.usart_init                             0x08000fb8   Section        0  at32f425_usart.o(i.usart_init)
    i.usart_transmitter_enable               0x0800105c   Section        0  at32f425_usart.o(i.usart_transmitter_enable)
    .constdata                               0x08001066   Section       40  at32f425_crm.o(.constdata)
    sclk_ahb_div_table                       0x08001066   Data          16  at32f425_crm.o(.constdata)
    ahb_apb1_div_table                       0x08001076   Data           8  at32f425_crm.o(.constdata)
    ahb_apb2_div_table                       0x0800107e   Data           8  at32f425_crm.o(.constdata)
    adc_div_table                            0x08001086   Data           8  at32f425_crm.o(.constdata)
    .constdata                               0x0800108e   Section       16  system_at32f425.o(.constdata)
    sys_ahb_div_table                        0x0800108e   Data          16  system_at32f425.o(.constdata)
    .conststring                             0x080010a0   Section       76  main.o(.conststring)
    .data                                    0x20000000   Section        4  main.o(.data)
    .data                                    0x20000004   Section       45  at32f425_board.o(.data)
    fac_us                                   0x20000024   Data           4  at32f425_board.o(.data)
    fac_ms                                   0x20000028   Data           4  at32f425_board.o(.data)
    pressed                                  0x20000030   Data           1  at32f425_board.o(.data)
    .data                                    0x20000034   Section        4  system_at32f425.o(.data)
    .bss                                     0x20000038   Section       96  libspace.o(.bss)
    HEAP                                     0x20000098   Section      512  startup_at32f425.o(HEAP)
    Heap_Mem                                 0x20000098   Data         512  startup_at32f425.o(HEAP)
    STACK                                    0x20000298   Section     1024  startup_at32f425.o(STACK)
    Stack_Mem                                0x20000298   Data        1024  startup_at32f425.o(STACK)
    __initial_sp                             0x20000698   Data           0  startup_at32f425.o(STACK)

    Global Symbols

    Symbol Name                              Value     Ov Type        Size  Object(Section)

    BuildAttributes$$THM_ISAv4$E$P$D$K$B$S$7EM$PE$A:L22UL41UL21$X:L11$S22US41US21$IEEE1$IW$USESV6$~STKCKD$USESV7$~SHL$OSPACE$ROPI$EBA8$UX$STANDARDLIB$REQ8$PRES8$EABIv2 0x00000000   Number         0  anon$$obj.o ABSOLUTE
    __ARM_use_no_argv                        0x00000000   Number         0  main.o ABSOLUTE
    __ARM_exceptions_init                     - Undefined Weak Reference
    __alloca_initialize                       - Undefined Weak Reference
    __arm_fini_                               - Undefined Weak Reference
    __arm_preinit_                            - Undefined Weak Reference
    __cpp_initialize__aeabi_                  - Undefined Weak Reference
    __cxa_finalize                            - Undefined Weak Reference
    __rt_locale                               - Undefined Weak Reference
    __sigvec_lookup                           - Undefined Weak Reference
    _atexit_init                              - Undefined Weak Reference
    _call_atexit_fns                          - Undefined Weak Reference
    _clock_init                               - Undefined Weak Reference
    _fp_trap_init                             - Undefined Weak Reference
    _fp_trap_shutdown                         - Undefined Weak Reference
    _get_lc_collate                           - Undefined Weak Reference
    _get_lc_ctype                             - Undefined Weak Reference
    _get_lc_monetary                          - Undefined Weak Reference
    _get_lc_numeric                           - Undefined Weak Reference
    _get_lc_time                              - Undefined Weak Reference
    _getenv_init                              - Undefined Weak Reference
    _handle_redirection                       - Undefined Weak Reference
    _init_alloc                               - Undefined Weak Reference
    _init_user_alloc                          - Undefined Weak Reference
    _initio                                   - Undefined Weak Reference
    _mutex_acquire                            - Undefined Weak Reference
    _mutex_release                            - Undefined Weak Reference
    _printf_post_padding                      - Undefined Weak Reference
    _printf_pre_padding                       - Undefined Weak Reference
    _printf_truncate_signed                   - Undefined Weak Reference
    _printf_truncate_unsigned                 - Undefined Weak Reference
    _rand_init                                - Undefined Weak Reference
    _signal_finish                            - Undefined Weak Reference
    _signal_init                              - Undefined Weak Reference
    _terminate_alloc                          - Undefined Weak Reference
    _terminate_user_alloc                     - Undefined Weak Reference
    _terminateio                              - Undefined Weak Reference
    __Vectors_Size                           0x000000d0   Number         0  startup_at32f425.o ABSOLUTE
    __Vectors                                0x08000000   Data           4  startup_at32f425.o(RESET)
    __Vectors_End                            0x080000d0   Data           0  startup_at32f425.o(RESET)
    __main                                   0x080000d1   Thumb Code     8  __main.o(!!!main)
    __scatterload                            0x080000d9   Thumb Code     0  __scatter.o(!!!scatter)
    __scatterload_rt2                        0x080000d9   Thumb Code    44  __scatter.o(!!!scatter)
    __scatterload_rt2_thumb_only             0x080000d9   Thumb Code     0  __scatter.o(!!!scatter)
    __scatterload_null                       0x080000e7   Thumb Code     0  __scatter.o(!!!scatter)
    __scatterload_copy                       0x0800010d   Thumb Code    26  __scatter_copy.o(!!handler_copy)
    __scatterload_zeroinit                   0x08000129   Thumb Code    28  __scatter_zi.o(!!handler_zi)
    _printf_percent                          0x08000145   Thumb Code     0  _printf_percent.o(.ARM.Collect$$_printf_percent$$00000000)
    _printf_u                                0x08000145   Thumb Code     0  _printf_u.o(.ARM.Collect$$_printf_percent$$0000000A)
    _printf_percent_end                      0x0800014b   Thumb Code     0  _printf_percent_end.o(.ARM.Collect$$_printf_percent$$00000017)
    __rt_lib_init                            0x0800014f   Thumb Code     0  libinit.o(.ARM.Collect$$libinit$$00000000)
    __rt_lib_init_alloca_1                   0x08000151   Thumb Code     0  libinit2.o(.ARM.Collect$$libinit$$0000002E)
    __rt_lib_init_argv_1                     0x08000151   Thumb Code     0  libinit2.o(.ARM.Collect$$libinit$$0000002C)
    __rt_lib_init_atexit_1                   0x08000151   Thumb Code     0  libinit2.o(.ARM.Collect$$libinit$$0000001B)
    __rt_lib_init_clock_1                    0x08000151   Thumb Code     0  libinit2.o(.ARM.Collect$$libinit$$00000021)
    __rt_lib_init_cpp_1                      0x08000151   Thumb Code     0  libinit2.o(.ARM.Collect$$libinit$$00000032)
    __rt_lib_init_exceptions_1               0x08000151   Thumb Code     0  libinit2.o(.ARM.Collect$$libinit$$00000030)
    __rt_lib_init_fp_1                       0x08000151   Thumb Code     0  libinit2.o(.ARM.Collect$$libinit$$00000002)
    __rt_lib_init_fp_trap_1                  0x08000151   Thumb Code     0  libinit2.o(.ARM.Collect$$libinit$$0000001F)
    __rt_lib_init_getenv_1                   0x08000151   Thumb Code     0  libinit2.o(.ARM.Collect$$libinit$$00000023)
    __rt_lib_init_heap_1                     0x08000151   Thumb Code     0  libinit2.o(.ARM.Collect$$libinit$$0000000A)
    __rt_lib_init_lc_collate_1               0x08000151   Thumb Code     0  libinit2.o(.ARM.Collect$$libinit$$00000011)
    __rt_lib_init_lc_ctype_1                 0x08000151   Thumb Code     0  libinit2.o(.ARM.Collect$$libinit$$00000013)
    __rt_lib_init_lc_monetary_1              0x08000151   Thumb Code     0  libinit2.o(.ARM.Collect$$libinit$$00000015)
    __rt_lib_init_lc_numeric_1               0x08000151   Thumb Code     0  libinit2.o(.ARM.Collect$$libinit$$00000017)
    __rt_lib_init_lc_time_1                  0x08000151   Thumb Code     0  libinit2.o(.ARM.Collect$$libinit$$00000019)
    __rt_lib_init_preinit_1                  0x08000151   Thumb Code     0  libinit2.o(.ARM.Collect$$libinit$$00000004)
    __rt_lib_init_rand_1                     0x08000151   Thumb Code     0  libinit2.o(.ARM.Collect$$libinit$$0000000E)
    __rt_lib_init_return                     0x08000151   Thumb Code     0  libinit2.o(.ARM.Collect$$libinit$$00000033)
    __rt_lib_init_signal_1                   0x08000151   Thumb Code     0  libinit2.o(.ARM.Collect$$libinit$$0000001D)
    __rt_lib_init_stdio_1                    0x08000151   Thumb Code     0  libinit2.o(.ARM.Collect$$libinit$$00000025)
    __rt_lib_init_user_alloc_1               0x08000151   Thumb Code     0  libinit2.o(.ARM.Collect$$libinit$$0000000C)
    __rt_lib_shutdown                        0x08000153   Thumb Code     0  libshutdown.o(.ARM.Collect$$libshutdown$$00000000)
    __rt_lib_shutdown_cpp_1                  0x08000155   Thumb Code     0  libshutdown2.o(.ARM.Collect$$libshutdown$$00000004)
    __rt_lib_shutdown_fini_1                 0x08000155   Thumb Code     0  libshutdown2.o(.ARM.Collect$$libshutdown$$00000002)
    __rt_lib_shutdown_fp_trap_1              0x08000155   Thumb Code     0  libshutdown2.o(.ARM.Collect$$libshutdown$$00000009)
    __rt_lib_shutdown_heap_1                 0x08000155   Thumb Code     0  libshutdown2.o(.ARM.Collect$$libshutdown$$00000011)
    __rt_lib_shutdown_return                 0x08000155   Thumb Code     0  libshutdown2.o(.ARM.Collect$$libshutdown$$00000012)
    __rt_lib_shutdown_signal_1               0x08000155   Thumb Code     0  libshutdown2.o(.ARM.Collect$$libshutdown$$0000000C)
    __rt_lib_shutdown_stdio_1                0x08000155   Thumb Code     0  libshutdown2.o(.ARM.Collect$$libshutdown$$00000006)
    __rt_lib_shutdown_user_alloc_1           0x08000155   Thumb Code     0  libshutdown2.o(.ARM.Collect$$libshutdown$$0000000E)
    __rt_entry                               0x08000157   Thumb Code     0  __rtentry.o(.ARM.Collect$$rtentry$$00000000)
    __rt_entry_presh_1                       0x08000157   Thumb Code     0  __rtentry2.o(.ARM.Collect$$rtentry$$00000002)
    __rt_entry_sh                            0x08000157   Thumb Code     0  __rtentry4.o(.ARM.Collect$$rtentry$$00000004)
    __rt_entry_li                            0x0800015d   Thumb Code     0  __rtentry2.o(.ARM.Collect$$rtentry$$0000000A)
    __rt_entry_postsh_1                      0x0800015d   Thumb Code     0  __rtentry2.o(.ARM.Collect$$rtentry$$00000009)
    __rt_entry_main                          0x08000161   Thumb Code     0  __rtentry2.o(.ARM.Collect$$rtentry$$0000000D)
    __rt_entry_postli_1                      0x08000161   Thumb Code     0  __rtentry2.o(.ARM.Collect$$rtentry$$0000000C)
    __rt_exit                                0x08000169   Thumb Code     0  rtexit.o(.ARM.Collect$$rtexit$$00000000)
    __rt_exit_ls                             0x0800016b   Thumb Code     0  rtexit2.o(.ARM.Collect$$rtexit$$00000003)
    __rt_exit_prels_1                        0x0800016b   Thumb Code     0  rtexit2.o(.ARM.Collect$$rtexit$$00000002)
    __rt_exit_exit                           0x0800016f   Thumb Code     0  rtexit2.o(.ARM.Collect$$rtexit$$00000004)
    Reset_Handler                            0x08000175   Thumb Code     8  startup_at32f425.o(.text)
    ACC_IRQHandler                           0x0800018f   Thumb Code     0  startup_at32f425.o(.text)
    ADC1_IRQHandler                          0x0800018f   Thumb Code     0  startup_at32f425.o(.text)
    CAN1_IRQHandler                          0x0800018f   Thumb Code     0  startup_at32f425.o(.text)
    CRM_IRQHandler                           0x0800018f   Thumb Code     0  startup_at32f425.o(.text)
    DMA1_Channel1_IRQHandler                 0x0800018f   Thumb Code     0  startup_at32f425.o(.text)
    DMA1_Channel3_2_IRQHandler               0x0800018f   Thumb Code     0  startup_at32f425.o(.text)
    DMA1_Channel7_4_IRQHandler               0x0800018f   Thumb Code     0  startup_at32f425.o(.text)
    ERTC_IRQHandler                          0x0800018f   Thumb Code     0  startup_at32f425.o(.text)
    EXINT15_4_IRQHandler                     0x0800018f   Thumb Code     0  startup_at32f425.o(.text)
    EXINT1_0_IRQHandler                      0x0800018f   Thumb Code     0  startup_at32f425.o(.text)
    EXINT3_2_IRQHandler                      0x0800018f   Thumb Code     0  startup_at32f425.o(.text)
    FLASH_IRQHandler                         0x0800018f   Thumb Code     0  startup_at32f425.o(.text)
    I2C1_ERR_IRQHandler                      0x0800018f   Thumb Code     0  startup_at32f425.o(.text)
    I2C1_EVT_IRQHandler                      0x0800018f   Thumb Code     0  startup_at32f425.o(.text)
    I2C2_ERR_IRQHandler                      0x0800018f   Thumb Code     0  startup_at32f425.o(.text)
    I2C2_EVT_IRQHandler                      0x0800018f   Thumb Code     0  startup_at32f425.o(.text)
    OTGFS1_IRQHandler                        0x0800018f   Thumb Code     0  startup_at32f425.o(.text)
    PVM_IRQHandler                           0x0800018f   Thumb Code     0  startup_at32f425.o(.text)
    SPI1_IRQHandler                          0x0800018f   Thumb Code     0  startup_at32f425.o(.text)
    SPI2_IRQHandler                          0x0800018f   Thumb Code     0  startup_at32f425.o(.text)
    SPI3_IRQHandler                          0x0800018f   Thumb Code     0  startup_at32f425.o(.text)
    TMR13_GLOBAL_IRQHandler                  0x0800018f   Thumb Code     0  startup_at32f425.o(.text)
    TMR14_GLOBAL_IRQHandler                  0x0800018f   Thumb Code     0  startup_at32f425.o(.text)
    TMR15_GLOBAL_IRQHandler                  0x0800018f   Thumb Code     0  startup_at32f425.o(.text)
    TMR16_GLOBAL_IRQHandler                  0x0800018f   Thumb Code     0  startup_at32f425.o(.text)
    TMR17_GLOBAL_IRQHandler                  0x0800018f   Thumb Code     0  startup_at32f425.o(.text)
    TMR1_BRK_OVF_TRG_HALL_IRQHandler         0x0800018f   Thumb Code     0  startup_at32f425.o(.text)
    TMR1_CH_IRQHandler                       0x0800018f   Thumb Code     0  startup_at32f425.o(.text)
    TMR2_GLOBAL_IRQHandler                   0x0800018f   Thumb Code     0  startup_at32f425.o(.text)
    TMR3_GLOBAL_IRQHandler                   0x0800018f   Thumb Code     0  startup_at32f425.o(.text)
    TMR6_GLOBAL_IRQHandler                   0x0800018f   Thumb Code     0  startup_at32f425.o(.text)
    TMR7_GLOBAL_IRQHandler                   0x0800018f   Thumb Code     0  startup_at32f425.o(.text)
    USART1_IRQHandler                        0x0800018f   Thumb Code     0  startup_at32f425.o(.text)
    USART2_IRQHandler                        0x0800018f   Thumb Code     0  startup_at32f425.o(.text)
    USART4_3_IRQHandler                      0x0800018f   Thumb Code     0  startup_at32f425.o(.text)
    WWDT_IRQHandler                          0x0800018f   Thumb Code     0  startup_at32f425.o(.text)
    __user_initial_stackheap                 0x08000191   Thumb Code     0  startup_at32f425.o(.text)
    __use_no_semihosting                     0x080001b5   Thumb Code     2  use_no_semi_2.o(.text)
    __aeabi_uldivmod                         0x080001b7   Thumb Code     0  lludivv7m.o(.text)
    _ll_udiv                                 0x080001b7   Thumb Code   238  lludivv7m.o(.text)
    __2printf                                0x080002a5   Thumb Code    20  noretval__2printf.o(.text)
    __printf                                 0x080002bd   Thumb Code   104  __printf.o(.text)
    _printf_int_dec                          0x08000325   Thumb Code   104  _printf_dec.o(.text)
    __use_two_region_memory                  0x0800039d   Thumb Code     2  heapauxi.o(.text)
    __rt_heap_escrow$2region                 0x0800039f   Thumb Code     2  heapauxi.o(.text)
    __rt_heap_expand$2region                 0x080003a1   Thumb Code     2  heapauxi.o(.text)
    __I$use$semihosting                      0x080003a3   Thumb Code     0  use_no_semi.o(.text)
    __use_no_semihosting_swi                 0x080003a3   Thumb Code     2  use_no_semi.o(.text)
    _printf_int_common                       0x080003a5   Thumb Code   178  _printf_intcommon.o(.text)
    _printf_char_file                        0x08000459   Thumb Code    32  _printf_char_file.o(.text)
    _printf_char_common                      0x08000487   Thumb Code    32  _printf_char_common.o(.text)
    ferror                                   0x080004ad   Thumb Code     8  ferror.o(.text)
    __user_setup_stackheap                   0x080004b5   Thumb Code    74  sys_stackheap_outer.o(.text)
    exit                                     0x080004ff   Thumb Code    18  exit.o(.text)
    __user_libspace                          0x08000511   Thumb Code     8  libspace.o(.text)
    __user_perproc_libspace                  0x08000511   Thumb Code     0  libspace.o(.text)
    __user_perthread_libspace                0x08000511   Thumb Code     0  libspace.o(.text)
    BusFault_Handler                         0x08000519   Thumb Code     4  at32f425_int.o(i.BusFault_Handler)
    DebugMon_Handler                         0x0800051d   Thumb Code     2  at32f425_int.o(i.DebugMon_Handler)
    HardFault_Handler                        0x0800051f   Thumb Code     4  at32f425_int.o(i.HardFault_Handler)
    MemManage_Handler                        0x08000523   Thumb Code     4  at32f425_int.o(i.MemManage_Handler)
    NMI_Handler                              0x08000527   Thumb Code     2  at32f425_int.o(i.NMI_Handler)
    PendSV_Handler                           0x08000529   Thumb Code     2  at32f425_int.o(i.PendSV_Handler)
    SVC_Handler                              0x0800052b   Thumb Code     2  at32f425_int.o(i.SVC_Handler)
    SysTick_Handler                          0x0800052d   Thumb Code     2  at32f425_int.o(i.SysTick_Handler)
    SystemInit                               0x08000531   Thumb Code    96  system_at32f425.o(i.SystemInit)
    UsageFault_Handler                       0x0800059d   Thumb Code     4  at32f425_int.o(i.UsageFault_Handler)
    _sys_exit                                0x080005a1   Thumb Code     4  at32f425_board.o(i._sys_exit)
    at32_board_init                          0x080005a5   Thumb Code    48  at32f425_board.o(i.at32_board_init)
    at32_button_init                         0x080005d5   Thumb Code    54  at32f425_board.o(i.at32_button_init)
    at32_led_init                            0x08000611   Thumb Code    68  at32f425_board.o(i.at32_led_init)
    at32_led_off                             0x08000661   Thumb Code    32  at32f425_board.o(i.at32_led_off)
    crm_ahb_div_set                          0x08000689   Thumb Code    14  at32f425_crm.o(i.crm_ahb_div_set)
    crm_apb1_div_set                         0x0800069d   Thumb Code    14  at32f425_crm.o(i.crm_apb1_div_set)
    crm_apb2_div_set                         0x080006b1   Thumb Code    14  at32f425_crm.o(i.crm_apb2_div_set)
    crm_clock_source_enable                  0x080006c5   Thumb Code    90  at32f425_crm.o(i.crm_clock_source_enable)
    crm_clocks_freq_get                      0x08000725   Thumb Code   396  at32f425_crm.o(i.crm_clocks_freq_get)
    crm_flag_get                             0x080008d1   Thumb Code    42  at32f425_crm.o(i.crm_flag_get)
    crm_hext_stable_wait                     0x08000901   Thumb Code    46  at32f425_crm.o(i.crm_hext_stable_wait)
    crm_periph_clock_enable                  0x08000931   Thumb Code    62  at32f425_crm.o(i.crm_periph_clock_enable)
    crm_pll_config                           0x08000975   Thumb Code   224  at32f425_crm.o(i.crm_pll_config)
    crm_reset                                0x08000a89   Thumb Code    90  at32f425_crm.o(i.crm_reset)
    crm_sysclk_switch                        0x08000aed   Thumb Code    14  at32f425_crm.o(i.crm_sysclk_switch)
    crm_sysclk_switch_status_get             0x08000b01   Thumb Code    10  at32f425_crm.o(i.crm_sysclk_switch_status_get)
    delay_init                               0x08000b11   Thumb Code    38  at32f425_board.o(i.delay_init)
    delay_ms                                 0x08000b49   Thumb Code   110  at32f425_board.o(i.delay_ms)
    delay_sec                                0x08000bbd   Thumb Code    34  at32f425_board.o(i.delay_sec)
    fputc                                    0x08000be1   Thumb Code    46  at32f425_board.o(i.fputc)
    gpio_default_para_init                   0x08000c15   Thumb Code    20  at32f425_gpio.o(i.gpio_default_para_init)
    gpio_init                                0x08000c29   Thumb Code   122  at32f425_gpio.o(i.gpio_init)
    gpio_pin_mux_config                      0x08000ca3   Thumb Code    66  at32f425_gpio.o(i.gpio_pin_mux_config)
    main                                     0x08000ce5   Thumb Code    50  main.o(i.main)
    system_clock_config                      0x08000d3d   Thumb Code   100  at32f425_clock.o(i.system_clock_config)
    system_core_clock_update                 0x08000da5   Thumb Code   316  system_at32f425.o(i.system_core_clock_update)
    systick_clock_source_config              0x08000ef9   Thumb Code    40  at32f425_misc.o(i.systick_clock_source_config)
    uart_print_init                          0x08000f21   Thumb Code   104  at32f425_board.o(i.uart_print_init)
    usart_data_transmit                      0x08000f95   Thumb Code     8  at32f425_usart.o(i.usart_data_transmit)
    usart_enable                             0x08000f9d   Thumb Code    10  at32f425_usart.o(i.usart_enable)
    usart_flag_get                           0x08000fa7   Thumb Code    16  at32f425_usart.o(i.usart_flag_get)
    usart_init                               0x08000fb9   Thumb Code   160  at32f425_usart.o(i.usart_init)
    usart_transmitter_enable                 0x0800105d   Thumb Code    10  at32f425_usart.o(i.usart_transmitter_enable)
    Region$$Table$$Base                      0x080010ec   Number         0  anon$$obj.o(Region$$Table)
    Region$$Table$$Limit                     0x0800110c   Number         0  anon$$obj.o(Region$$Table)
    time_cnt                                 0x20000000   Data           4  main.o(.data)
    led_gpio_port                            0x20000004   Data          12  at32f425_board.o(.data)
    led_gpio_pin                             0x20000010   Data           6  at32f425_board.o(.data)
    led_gpio_crm_clk                         0x20000018   Data          12  at32f425_board.o(.data)
    __stdout                                 0x2000002c   Data           4  at32f425_board.o(.data)
    system_core_clock                        0x20000034   Data           4  system_at32f425.o(.data)
    __libspace_start                         0x20000038   Data          96  libspace.o(.bss)
    __temporary_stack_top$libspace           0x20000098   Data           0  libspace.o(.bss)



==============================================================================

Memory Map of the image

  Image Entry point : 0x080000d1

  Load Region LR_IROM1 (Base: 0x08000000, Size: 0x00001144, Max: 0x00010000, ABSOLUTE)

    Execution Region ER_IROM1 (Exec base: 0x08000000, Load base: 0x08000000, Size: 0x0000110c, Max: 0x00010000, ABSOLUTE)

    Exec Addr    Load Addr    Size         Type   Attr      Idx    E Section Name        Object

    0x08000000   0x08000000   0x000000d0   Data   RO         1013    RESET               startup_at32f425.o
    0x080000d0   0x080000d0   0x00000008   Code   RO         1056  * !!!main             c_w.l(__main.o)
    0x080000d8   0x080000d8   0x00000034   Code   RO         1234    !!!scatter          c_w.l(__scatter.o)
    0x0800010c   0x0800010c   0x0000001a   Code   RO         1236    !!handler_copy      c_w.l(__scatter_copy.o)
    0x08000126   0x08000126   0x00000002   PAD
    0x08000128   0x08000128   0x0000001c   Code   RO         1238    !!handler_zi        c_w.l(__scatter_zi.o)
    0x08000144   0x08000144   0x00000000   Code   RO         1053    .ARM.Collect$$_printf_percent$$00000000  c_w.l(_printf_percent.o)
    0x08000144   0x08000144   0x00000006   Code   RO         1052    .ARM.Collect$$_printf_percent$$0000000A  c_w.l(_printf_u.o)
    0x0800014a   0x0800014a   0x00000004   Code   RO         1069    .ARM.Collect$$_printf_percent$$00000017  c_w.l(_printf_percent_end.o)
    0x0800014e   0x0800014e   0x00000002   Code   RO         1108    .ARM.Collect$$libinit$$00000000  c_w.l(libinit.o)
    0x08000150   0x08000150   0x00000000   Code   RO         1121    .ARM.Collect$$libinit$$00000002  c_w.l(libinit2.o)
    0x08000150   0x08000150   0x00000000   Code   RO         1123    .ARM.Collect$$libinit$$00000004  c_w.l(libinit2.o)
    0x08000150   0x08000150   0x00000000   Code   RO         1126    .ARM.Collect$$libinit$$0000000A  c_w.l(libinit2.o)
    0x08000150   0x08000150   0x00000000   Code   RO         1128    .ARM.Collect$$libinit$$0000000C  c_w.l(libinit2.o)
    0x08000150   0x08000150   0x00000000   Code   RO         1130    .ARM.Collect$$libinit$$0000000E  c_w.l(libinit2.o)
    0x08000150   0x08000150   0x00000000   Code   RO         1133    .ARM.Collect$$libinit$$00000011  c_w.l(libinit2.o)
    0x08000150   0x08000150   0x00000000   Code   RO         1135    .ARM.Collect$$libinit$$00000013  c_w.l(libinit2.o)
    0x08000150   0x08000150   0x00000000   Code   RO         1137    .ARM.Collect$$libinit$$00000015  c_w.l(libinit2.o)
    0x08000150   0x08000150   0x00000000   Code   RO         1139    .ARM.Collect$$libinit$$00000017  c_w.l(libinit2.o)
    0x08000150   0x08000150   0x00000000   Code   RO         1141    .ARM.Collect$$libinit$$00000019  c_w.l(libinit2.o)
    0x08000150   0x08000150   0x00000000   Code   RO         1143    .ARM.Collect$$libinit$$0000001B  c_w.l(libinit2.o)
    0x08000150   0x08000150   0x00000000   Code   RO         1145    .ARM.Collect$$libinit$$0000001D  c_w.l(libinit2.o)
    0x08000150   0x08000150   0x00000000   Code   RO         1147    .ARM.Collect$$libinit$$0000001F  c_w.l(libinit2.o)
    0x08000150   0x08000150   0x00000000   Code   RO         1149    .ARM.Collect$$libinit$$00000021  c_w.l(libinit2.o)
    0x08000150   0x08000150   0x00000000   Code   RO         1151    .ARM.Collect$$libinit$$00000023  c_w.l(libinit2.o)
    0x08000150   0x08000150   0x00000000   Code   RO         1153    .ARM.Collect$$libinit$$00000025  c_w.l(libinit2.o)
    0x08000150   0x08000150   0x00000000   Code   RO         1157    .ARM.Collect$$libinit$$0000002C  c_w.l(libinit2.o)
    0x08000150   0x08000150   0x00000000   Code   RO         1159    .ARM.Collect$$libinit$$0000002E  c_w.l(libinit2.o)
    0x08000150   0x08000150   0x00000000   Code   RO         1161    .ARM.Collect$$libinit$$00000030  c_w.l(libinit2.o)
    0x08000150   0x08000150   0x00000000   Code   RO         1163    .ARM.Collect$$libinit$$00000032  c_w.l(libinit2.o)
    0x08000150   0x08000150   0x00000002   Code   RO         1164    .ARM.Collect$$libinit$$00000033  c_w.l(libinit2.o)
    0x08000152   0x08000152   0x00000002   Code   RO         1188    .ARM.Collect$$libshutdown$$00000000  c_w.l(libshutdown.o)
    0x08000154   0x08000154   0x00000000   Code   RO         1214    .ARM.Collect$$libshutdown$$00000002  c_w.l(libshutdown2.o)
    0x08000154   0x08000154   0x00000000   Code   RO         1216    .ARM.Collect$$libshutdown$$00000004  c_w.l(libshutdown2.o)
    0x08000154   0x08000154   0x00000000   Code   RO         1218    .ARM.Collect$$libshutdown$$00000006  c_w.l(libshutdown2.o)
    0x08000154   0x08000154   0x00000000   Code   RO         1221    .ARM.Collect$$libshutdown$$00000009  c_w.l(libshutdown2.o)
    0x08000154   0x08000154   0x00000000   Code   RO         1224    .ARM.Collect$$libshutdown$$0000000C  c_w.l(libshutdown2.o)
    0x08000154   0x08000154   0x00000000   Code   RO         1226    .ARM.Collect$$libshutdown$$0000000E  c_w.l(libshutdown2.o)
    0x08000154   0x08000154   0x00000000   Code   RO         1229    .ARM.Collect$$libshutdown$$00000011  c_w.l(libshutdown2.o)
    0x08000154   0x08000154   0x00000002   Code   RO         1230    .ARM.Collect$$libshutdown$$00000012  c_w.l(libshutdown2.o)
    0x08000156   0x08000156   0x00000000   Code   RO         1060    .ARM.Collect$$rtentry$$00000000  c_w.l(__rtentry.o)
    0x08000156   0x08000156   0x00000000   Code   RO         1071    .ARM.Collect$$rtentry$$00000002  c_w.l(__rtentry2.o)
    0x08000156   0x08000156   0x00000006   Code   RO         1083    .ARM.Collect$$rtentry$$00000004  c_w.l(__rtentry4.o)
    0x0800015c   0x0800015c   0x00000000   Code   RO         1073    .ARM.Collect$$rtentry$$00000009  c_w.l(__rtentry2.o)
    0x0800015c   0x0800015c   0x00000004   Code   RO         1074    .ARM.Collect$$rtentry$$0000000A  c_w.l(__rtentry2.o)
    0x08000160   0x08000160   0x00000000   Code   RO         1076    .ARM.Collect$$rtentry$$0000000C  c_w.l(__rtentry2.o)
    0x08000160   0x08000160   0x00000008   Code   RO         1077    .ARM.Collect$$rtentry$$0000000D  c_w.l(__rtentry2.o)
    0x08000168   0x08000168   0x00000002   Code   RO         1112    .ARM.Collect$$rtexit$$00000000  c_w.l(rtexit.o)
    0x0800016a   0x0800016a   0x00000000   Code   RO         1166    .ARM.Collect$$rtexit$$00000002  c_w.l(rtexit2.o)
    0x0800016a   0x0800016a   0x00000004   Code   RO         1167    .ARM.Collect$$rtexit$$00000003  c_w.l(rtexit2.o)
    0x0800016e   0x0800016e   0x00000006   Code   RO         1168    .ARM.Collect$$rtexit$$00000004  c_w.l(rtexit2.o)
    0x08000174   0x08000174   0x00000040   Code   RO         1014    .text               startup_at32f425.o
    0x080001b4   0x080001b4   0x00000002   Code   RO         1020    .text               c_w.l(use_no_semi_2.o)
    0x080001b6   0x080001b6   0x000000ee   Code   RO         1022    .text               c_w.l(lludivv7m.o)
    0x080002a4   0x080002a4   0x00000018   Code   RO         1026    .text               c_w.l(noretval__2printf.o)
    0x080002bc   0x080002bc   0x00000068   Code   RO         1028    .text               c_w.l(__printf.o)
    0x08000324   0x08000324   0x00000078   Code   RO         1030    .text               c_w.l(_printf_dec.o)
    0x0800039c   0x0800039c   0x00000006   Code   RO         1054    .text               c_w.l(heapauxi.o)
    0x080003a2   0x080003a2   0x00000002   Code   RO         1058    .text               c_w.l(use_no_semi.o)
    0x080003a4   0x080003a4   0x000000b2   Code   RO         1065    .text               c_w.l(_printf_intcommon.o)
    0x08000456   0x08000456   0x00000002   PAD
    0x08000458   0x08000458   0x00000024   Code   RO         1067    .text               c_w.l(_printf_char_file.o)
    0x0800047c   0x0800047c   0x00000030   Code   RO         1087    .text               c_w.l(_printf_char_common.o)
    0x080004ac   0x080004ac   0x00000008   Code   RO         1089    .text               c_w.l(ferror.o)
    0x080004b4   0x080004b4   0x0000004a   Code   RO         1093    .text               c_w.l(sys_stackheap_outer.o)
    0x080004fe   0x080004fe   0x00000012   Code   RO         1097    .text               c_w.l(exit.o)
    0x08000510   0x08000510   0x00000008   Code   RO         1109    .text               c_w.l(libspace.o)
    0x08000518   0x08000518   0x00000004   Code   RO          129    i.BusFault_Handler  at32f425_int.o
    0x0800051c   0x0800051c   0x00000002   Code   RO          130    i.DebugMon_Handler  at32f425_int.o
    0x0800051e   0x0800051e   0x00000004   Code   RO          131    i.HardFault_Handler  at32f425_int.o
    0x08000522   0x08000522   0x00000004   Code   RO          132    i.MemManage_Handler  at32f425_int.o
    0x08000526   0x08000526   0x00000002   Code   RO          133    i.NMI_Handler       at32f425_int.o
    0x08000528   0x08000528   0x00000002   Code   RO          134    i.PendSV_Handler    at32f425_int.o
    0x0800052a   0x0800052a   0x00000002   Code   RO          135    i.SVC_Handler       at32f425_int.o
    0x0800052c   0x0800052c   0x00000002   Code   RO          136    i.SysTick_Handler   at32f425_int.o
    0x0800052e   0x0800052e   0x00000002   PAD
    0x08000530   0x08000530   0x0000006c   Code   RO          977    i.SystemInit        system_at32f425.o
    0x0800059c   0x0800059c   0x00000004   Code   RO          137    i.UsageFault_Handler  at32f425_int.o
    0x080005a0   0x080005a0   0x00000004   Code   RO          239    i._sys_exit         at32f425_board.o
    0x080005a4   0x080005a4   0x00000030   Code   RO          241    i.at32_board_init   at32f425_board.o
    0x080005d4   0x080005d4   0x0000003c   Code   RO          242    i.at32_button_init  at32f425_board.o
    0x08000610   0x08000610   0x00000050   Code   RO          245    i.at32_led_init     at32f425_board.o
    0x08000660   0x08000660   0x00000028   Code   RO          246    i.at32_led_off      at32f425_board.o
    0x08000688   0x08000688   0x00000014   Code   RO          361    i.crm_ahb_div_set   at32f425_crm.o
    0x0800069c   0x0800069c   0x00000014   Code   RO          362    i.crm_apb1_div_set  at32f425_crm.o
    0x080006b0   0x080006b0   0x00000014   Code   RO          363    i.crm_apb2_div_set  at32f425_crm.o
    0x080006c4   0x080006c4   0x00000060   Code   RO          368    i.crm_clock_source_enable  at32f425_crm.o
    0x08000724   0x08000724   0x000001ac   Code   RO          369    i.crm_clocks_freq_get  at32f425_crm.o
    0x080008d0   0x080008d0   0x00000030   Code   RO          373    i.crm_flag_get      at32f425_crm.o
    0x08000900   0x08000900   0x0000002e   Code   RO          375    i.crm_hext_stable_wait  at32f425_crm.o
    0x0800092e   0x0800092e   0x00000002   PAD
    0x08000930   0x08000930   0x00000044   Code   RO          383    i.crm_periph_clock_enable  at32f425_crm.o
    0x08000974   0x08000974   0x00000114   Code   RO          386    i.crm_pll_config    at32f425_crm.o
    0x08000a88   0x08000a88   0x00000064   Code   RO          388    i.crm_reset         at32f425_crm.o
    0x08000aec   0x08000aec   0x00000014   Code   RO          389    i.crm_sysclk_switch  at32f425_crm.o
    0x08000b00   0x08000b00   0x00000010   Code   RO          390    i.crm_sysclk_switch_status_get  at32f425_crm.o
    0x08000b10   0x08000b10   0x00000038   Code   RO          249    i.delay_init        at32f425_board.o
    0x08000b48   0x08000b48   0x00000074   Code   RO          250    i.delay_ms          at32f425_board.o
    0x08000bbc   0x08000bbc   0x00000022   Code   RO          251    i.delay_sec         at32f425_board.o
    0x08000bde   0x08000bde   0x00000002   PAD
    0x08000be0   0x08000be0   0x00000034   Code   RO          253    i.fputc             at32f425_board.o
    0x08000c14   0x08000c14   0x00000014   Code   RO          586    i.gpio_default_para_init  at32f425_gpio.o
    0x08000c28   0x08000c28   0x0000007a   Code   RO          587    i.gpio_init         at32f425_gpio.o
    0x08000ca2   0x08000ca2   0x00000042   Code   RO          592    i.gpio_pin_mux_config  at32f425_gpio.o
    0x08000ce4   0x08000ce4   0x00000058   Code   RO          204    i.main              main.o
    0x08000d3c   0x08000d3c   0x00000068   Code   RO            4    i.system_clock_config  at32f425_clock.o
    0x08000da4   0x08000da4   0x00000154   Code   RO          978    i.system_core_clock_update  system_at32f425.o
    0x08000ef8   0x08000ef8   0x00000028   Code   RO          919    i.systick_clock_source_config  at32f425_misc.o
    0x08000f20   0x08000f20   0x00000074   Code   RO          254    i.uart_print_init   at32f425_board.o
    0x08000f94   0x08000f94   0x00000008   Code   RO          690    i.usart_data_transmit  at32f425_usart.o
    0x08000f9c   0x08000f9c   0x0000000a   Code   RO          694    i.usart_enable      at32f425_usart.o
    0x08000fa6   0x08000fa6   0x00000010   Code   RO          696    i.usart_flag_get    at32f425_usart.o
    0x08000fb6   0x08000fb6   0x00000002   PAD
    0x08000fb8   0x08000fb8   0x000000a4   Code   RO          699    i.usart_init        at32f425_usart.o
    0x0800105c   0x0800105c   0x0000000a   Code   RO          717    i.usart_transmitter_enable  at32f425_usart.o
    0x08001066   0x08001066   0x00000028   Data   RO          394    .constdata          at32f425_crm.o
    0x0800108e   0x0800108e   0x00000010   Data   RO          979    .constdata          system_at32f425.o
    0x0800109e   0x0800109e   0x00000002   PAD
    0x080010a0   0x080010a0   0x0000004c   Data   RO          205    .conststring        main.o
    0x080010ec   0x080010ec   0x00000020   Data   RO         1232    Region$$Table       anon$$obj.o


    Execution Region RW_IRAM1 (Exec base: 0x20000000, Load base: 0x0800110c, Size: 0x00000698, Max: 0x00005000, ABSOLUTE)

    Exec Addr    Load Addr    Size         Type   Attr      Idx    E Section Name        Object

    0x20000000   0x0800110c   0x00000004   Data   RW          206    .data               main.o
    0x20000004   0x08001110   0x0000002d   Data   RW          255    .data               at32f425_board.o
    0x20000031   0x0800113d   0x00000003   PAD
    0x20000034   0x08001140   0x00000004   Data   RW          980    .data               system_at32f425.o
    0x20000038        -       0x00000060   Zero   RW         1110    .bss                c_w.l(libspace.o)
    0x20000098        -       0x00000200   Zero   RW         1012    HEAP                startup_at32f425.o
    0x20000298        -       0x00000400   Zero   RW         1011    STACK               startup_at32f425.o


==============================================================================

Image component sizes


      Code (inc. data)   RO Data    RW Data    ZI Data      Debug   Object Name

       606         68          0         45          0       8440   at32f425_board.o
       104          4          0          0          0      32658   at32f425_clock.o
      1158        148         40          0          0       8788   at32f425_crm.o
       208          0          0          0          0       2615   at32f425_gpio.o
        26          0          0          0          0       4070   at32f425_int.o
        40          0          0          0          0        622   at32f425_misc.o
       208          4          0          0          0       3954   at32f425_usart.o
        88         38         76          4          0       2266   main.o
        64         26        208          0       1536        960   startup_at32f425.o
       448         36         16          4          0       2560   system_at32f425.o

    ----------------------------------------------------------------------
      2958        324        374         56       1536      66933   Object Totals
         0          0         32          0          0          0   (incl. Generated)
         8          0          2          3          0          0   (incl. Padding)

    ----------------------------------------------------------------------

      Code (inc. data)   RO Data    RW Data    ZI Data      Debug   Library Member Name

         8          0          0          0          0         68   __main.o
       104          0          0          0          0         84   __printf.o
         0          0          0          0          0          0   __rtentry.o
        12          0          0          0          0          0   __rtentry2.o
         6          0          0          0          0          0   __rtentry4.o
        52          8          0          0          0          0   __scatter.o
        26          0          0          0          0          0   __scatter_copy.o
        28          0          0          0          0          0   __scatter_zi.o
        48          6          0          0          0         96   _printf_char_common.o
        36          4          0          0          0         80   _printf_char_file.o
       120         16          0          0          0         92   _printf_dec.o
       178          0          0          0          0         88   _printf_intcommon.o
         0          0          0          0          0          0   _printf_percent.o
         4          0          0          0          0          0   _printf_percent_end.o
         6          0          0          0          0          0   _printf_u.o
        18          0          0          0          0         80   exit.o
         8          0          0          0          0         68   ferror.o
         6          0          0          0          0        152   heapauxi.o
         2          0          0          0          0          0   libinit.o
         2          0          0          0          0          0   libinit2.o
         2          0          0          0          0          0   libshutdown.o
         2          0          0          0          0          0   libshutdown2.o
         8          4          0          0         96         68   libspace.o
       238          0          0          0          0        100   lludivv7m.o
        24          4          0          0          0         84   noretval__2printf.o
         2          0          0          0          0          0   rtexit.o
        10          0          0          0          0          0   rtexit2.o
        74          0          0          0          0         80   sys_stackheap_outer.o
         2          0          0          0          0         68   use_no_semi.o
         2          0          0          0          0         68   use_no_semi_2.o

    ----------------------------------------------------------------------
      1032         42          0          0         96       1276   Library Totals
         4          0          0          0          0          0   (incl. Padding)

    ----------------------------------------------------------------------

      Code (inc. data)   RO Data    RW Data    ZI Data      Debug   Library Name

      1028         42          0          0         96       1276   c_w.l

    ----------------------------------------------------------------------
      1032         42          0          0         96       1276   Library Totals

    ----------------------------------------------------------------------

==============================================================================


      Code (inc. data)   RO Data    RW Data    ZI Data      Debug   

      3990        366        374         56       1632      65605   Grand Totals
      3990        366        374         56       1632      65605   ELF Image Totals
      3990        366        374         56          0          0   ROM Totals

==============================================================================

    Total RO  Size (Code + RO Data)                 4364 (   4.26kB)
    Total RW  Size (RW Data + ZI Data)              1688 (   1.65kB)
    Total ROM Size (Code + RO Data + RW Data)       4420 (   4.32kB)

==============================================================================

