Component: ARM Compiler 5.06 update 7 (build 960) Tool: armlink [4d3601]

==============================================================================

Section Cross References

    system_at32f425.o(i.system_core_clock_update) refers to at32f425_crm.o(i.crm_sysclk_switch_status_get) for crm_sysclk_switch_status_get
    system_at32f425.o(i.system_core_clock_update) refers to lludivv7m.o(.text) for __aeabi_uldivmod
    system_at32f425.o(i.system_core_clock_update) refers to system_at32f425.o(.data) for system_core_clock
    system_at32f425.o(i.system_core_clock_update) refers to system_at32f425.o(.constdata) for sys_ahb_div_table
    startup_at32f425.o(STACK) refers (Special) to heapauxi.o(.text) for __use_two_region_memory
    startup_at32f425.o(HEAP) refers (Special) to heapauxi.o(.text) for __use_two_region_memory
    startup_at32f425.o(RESET) refers (Special) to heapauxi.o(.text) for __use_two_region_memory
    startup_at32f425.o(RESET) refers to startup_at32f425.o(STACK) for __initial_sp
    startup_at32f425.o(RESET) refers to startup_at32f425.o(.text) for Reset_Handler
    startup_at32f425.o(RESET) refers to at32f425_int.o(i.NMI_Handler) for NMI_Handler
    startup_at32f425.o(RESET) refers to at32f425_int.o(i.HardFault_Handler) for HardFault_Handler
    startup_at32f425.o(RESET) refers to at32f425_int.o(i.MemManage_Handler) for MemManage_Handler
    startup_at32f425.o(RESET) refers to at32f425_int.o(i.BusFault_Handler) for BusFault_Handler
    startup_at32f425.o(RESET) refers to at32f425_int.o(i.UsageFault_Handler) for UsageFault_Handler
    startup_at32f425.o(RESET) refers to at32f425_int.o(i.SVC_Handler) for SVC_Handler
    startup_at32f425.o(RESET) refers to at32f425_int.o(i.DebugMon_Handler) for DebugMon_Handler
    startup_at32f425.o(RESET) refers to at32f425_int.o(i.PendSV_Handler) for PendSV_Handler
    startup_at32f425.o(RESET) refers to at32f425_int.o(i.SysTick_Handler) for SysTick_Handler
    startup_at32f425.o(.text) refers (Special) to heapauxi.o(.text) for __use_two_region_memory
    startup_at32f425.o(.text) refers to system_at32f425.o(i.SystemInit) for SystemInit
    startup_at32f425.o(.text) refers to __main.o(!!!main) for __main
    startup_at32f425.o(.text) refers to startup_at32f425.o(HEAP) for Heap_Mem
    startup_at32f425.o(.text) refers to startup_at32f425.o(STACK) for Stack_Mem
    at32f425_crm.o(i.crm_clocks_freq_get) refers to at32f425_crm.o(i.crm_sysclk_switch_status_get) for crm_sysclk_switch_status_get
    at32f425_crm.o(i.crm_clocks_freq_get) refers to lludivv7m.o(.text) for __aeabi_uldivmod
    at32f425_crm.o(i.crm_clocks_freq_get) refers to at32f425_crm.o(.constdata) for sclk_ahb_div_table
    at32f425_crm.o(i.crm_hext_stable_wait) refers to at32f425_crm.o(i.crm_flag_get) for crm_flag_get
    at32f425_crm.o(i.crm_hick_sclk_frequency_select) refers to at32f425_crm.o(i.crm_hick_divider_select) for crm_hick_divider_select
    at32f425_crm.o(i.crm_usb_clock_source_select) refers to at32f425_crm.o(i.crm_hick_sclk_frequency_select) for crm_hick_sclk_frequency_select
    at32f425_gpio.o(i.gpio_reset) refers to at32f425_crm.o(i.crm_periph_reset) for crm_periph_reset
    at32f425_usart.o(i.usart_init) refers to at32f425_crm.o(i.crm_clocks_freq_get) for crm_clocks_freq_get
    at32f425_usart.o(i.usart_reset) refers to at32f425_crm.o(i.crm_periph_reset) for crm_periph_reset
    at32f425_adc.o(i.adc_reset) refers to at32f425_crm.o(i.crm_periph_reset) for crm_periph_reset
    at32f425_can.o(i.can_interrupt_flag_get) refers to at32f425_can.o(i.can_flag_get) for can_flag_get
    at32f425_can.o(i.can_message_receive) refers to at32f425_can.o(i.can_receive_fifo_release) for can_receive_fifo_release
    at32f425_can.o(i.can_reset) refers to at32f425_crm.o(i.crm_periph_reset) for crm_periph_reset
    at32f425_ertc.o(i.ertc_alarm_enable) refers to at32f425_ertc.o(i.ertc_write_protect_disable) for ertc_write_protect_disable
    at32f425_ertc.o(i.ertc_alarm_enable) refers to at32f425_ertc.o(i.ertc_wait_flag) for ertc_wait_flag
    at32f425_ertc.o(i.ertc_alarm_enable) refers to at32f425_ertc.o(i.ertc_write_protect_enable) for ertc_write_protect_enable
    at32f425_ertc.o(i.ertc_alarm_get) refers to at32f425_ertc.o(i.ertc_bcd_to_num) for ertc_bcd_to_num
    at32f425_ertc.o(i.ertc_alarm_mask_set) refers to at32f425_ertc.o(i.ertc_write_protect_disable) for ertc_write_protect_disable
    at32f425_ertc.o(i.ertc_alarm_mask_set) refers to at32f425_ertc.o(i.ertc_write_protect_enable) for ertc_write_protect_enable
    at32f425_ertc.o(i.ertc_alarm_set) refers to at32f425_ertc.o(i.ertc_num_to_bcd) for ertc_num_to_bcd
    at32f425_ertc.o(i.ertc_alarm_set) refers to at32f425_ertc.o(i.ertc_write_protect_disable) for ertc_write_protect_disable
    at32f425_ertc.o(i.ertc_alarm_set) refers to at32f425_ertc.o(i.ertc_write_protect_enable) for ertc_write_protect_enable
    at32f425_ertc.o(i.ertc_alarm_sub_second_set) refers to at32f425_ertc.o(i.ertc_write_protect_disable) for ertc_write_protect_disable
[...]
    __rtentry.o(.ARM.Collect$$rtentry$$00000000) refers (Special) to __rtentry2.o(.ARM.Collect$$rtentry$$0000000C) for __rt_entry_postli_1
    __rtentry.o(.ARM.Collect$$rtentry$$00000000) refers (Special) to __rtentry2.o(.ARM.Collect$$rtentry$$00000009) for __rt_entry_postsh_1
    __rtentry.o(.ARM.Collect$$rtentry$$00000000) refers (Special) to __rtentry2.o(.ARM.Collect$$rtentry$$00000002) for __rt_entry_presh_1
    __rtentry.o(.ARM.Collect$$rtentry$$00000000) refers (Special) to __rtentry4.o(.ARM.Collect$$rtentry$$00000004) for __rt_entry_sh
    aeabi_ldiv0_sigfpe.o(.text) refers to rt_div0.o(.text) for __rt_div0
    __rtentry2.o(.ARM.Collect$$rtentry$$00000008) refers to boardinit2.o(.text) for _platform_post_stackheap_init
    __rtentry2.o(.ARM.Collect$$rtentry$$0000000A) refers to libinit.o(.ARM.Collect$$libinit$$00000000) for __rt_lib_init
    __rtentry2.o(.ARM.Collect$$rtentry$$0000000B) refers to boardinit3.o(.text) for _platform_post_lib_init
    __rtentry2.o(.ARM.Collect$$rtentry$$0000000D) refers to main_1.o(i.main) for main
    __rtentry2.o(.ARM.Collect$$rtentry$$0000000D) refers to exit.o(.text) for exit
    __rtentry2.o(.ARM.exidx) refers to __rtentry2.o(.ARM.Collect$$rtentry$$00000001) for .ARM.Collect$$rtentry$$00000001
    __rtentry2.o(.ARM.exidx) refers to __rtentry2.o(.ARM.Collect$$rtentry$$00000008) for .ARM.Collect$$rtentry$$00000008
    __rtentry2.o(.ARM.exidx) refers to __rtentry2.o(.ARM.Collect$$rtentry$$0000000A) for .ARM.Collect$$rtentry$$0000000A
    __rtentry2.o(.ARM.exidx) refers to __rtentry2.o(.ARM.Collect$$rtentry$$0000000B) for .ARM.Collect$$rtentry$$0000000B
    __rtentry2.o(.ARM.exidx) refers to __rtentry2.o(.ARM.Collect$$rtentry$$0000000D) for .ARM.Collect$$rtentry$$0000000D
    __rtentry4.o(.ARM.Collect$$rtentry$$00000004) refers to sys_stackheap_outer.o(.text) for __user_setup_stackheap
    __rtentry4.o(.ARM.exidx) refers to __rtentry4.o(.ARM.Collect$$rtentry$$00000004) for .ARM.Collect$$rtentry$$00000004
    rt_div0.o(.text) refers to defsig_fpe_outer.o(.text) for __rt_SIGFPE
    sys_stackheap_outer.o(.text) refers to libspace.o(.text) for __user_perproc_libspace
    sys_stackheap_outer.o(.text) refers to startup_at32f425.o(.text) for __user_initial_stackheap
    exit.o(.text) refers to rtexit.o(.ARM.Collect$$rtexit$$00000000) for __rt_exit
    defsig_fpe_outer.o(.text) refers to defsig_fpe_inner.o(.text) for __rt_SIGFPE_inner
    defsig_fpe_outer.o(.text) refers to defsig_exit.o(.text) for __sig_exit
    defsig_fpe_formal.o(.text) refers to rt_raise.o(.text) for __rt_raise
    libinit.o(.ARM.Collect$$libinit$$00000000) refers (Special) to libinit2.o(.ARM.Collect$$libinit$$0000002E) for __rt_lib_init_alloca_1
    libinit.o(.ARM.Collect$$libinit$$00000000) refers (Special) to libinit2.o(.ARM.Collect$$libinit$$0000002C) for __rt_lib_init_argv_1
    libinit.o(.ARM.Collect$$libinit$$00000000) refers (Special) to libinit2.o(.ARM.Collect$$libinit$$0000001B) for __rt_lib_init_atexit_1
    libinit.o(.ARM.Collect$$libinit$$00000000) refers (Special) to libinit2.o(.ARM.Collect$$libinit$$00000021) for __rt_lib_init_clock_1
    libinit.o(.ARM.Collect$$libinit$$00000000) refers (Special) to libinit2.o(.ARM.Collect$$libinit$$00000032) for __rt_lib_init_cpp_1
    libinit.o(.ARM.Collect$$libinit$$00000000) refers (Special) to libinit2.o(.ARM.Collect$$libinit$$00000030) for __rt_lib_init_exceptions_1
    libinit.o(.ARM.Collect$$libinit$$00000000) refers (Special) to libinit2.o(.ARM.Collect$$libinit$$00000002) for __rt_lib_init_fp_1
    libinit.o(.ARM.Collect$$libinit$$00000000) refers (Special) to libinit2.o(.ARM.Collect$$libinit$$0000001F) for __rt_lib_init_fp_trap_1
    libinit.o(.ARM.Collect$$libinit$$00000000) refers (Special) to libinit2.o(.ARM.Collect$$libinit$$00000023) for __rt_lib_init_getenv_1
    libinit.o(.ARM.Collect$$libinit$$00000000) refers (Special) to libinit2.o(.ARM.Collect$$libinit$$0000000A) for __rt_lib_init_heap_1
    libinit.o(.ARM.Collect$$libinit$$00000000) refers (Special) to libinit2.o(.ARM.Collect$$libinit$$00000011) for __rt_lib_init_lc_collate_1
    libinit.o(.ARM.Collect$$libinit$$00000000) refers (Special) to libinit2.o(.ARM.Collect$$libinit$$00000013) for __rt_lib_init_lc_ctype_1
    libinit.o(.ARM.Collect$$libinit$$00000000) refers (Special) to libinit2.o(.ARM.Collect$$libinit$$00000015) for __rt_lib_init_lc_monetary_1
    libinit.o(.ARM.Collect$$libinit$$00000000) refers (Special) to libinit2.o(.ARM.Collect$$libinit$$00000017) for __rt_lib_init_lc_numeric_1
    libinit.o(.ARM.Collect$$libinit$$00000000) refers (Special) to libinit2.o(.ARM.Collect$$libinit$$00000019) for __rt_lib_init_lc_time_1
    libinit.o(.ARM.Collect$$libinit$$00000000) refers (Special) to libinit2.o(.ARM.Collect$$libinit$$00000004) for __rt_lib_init_preinit_1
    libinit.o(.ARM.Collect$$libinit$$00000000) refers (Special) to libinit2.o(.ARM.Collect$$libinit$$0000000E) for __rt_lib_init_rand_1
    libinit.o(.ARM.Collect$$libinit$$00000000) refers (Special) to libinit2.o(.ARM.Collect$$libinit$$00000033) for __rt_lib_init_return
    libinit.o(.ARM.Collect$$libinit$$00000000) refers (Special) to libinit2.o(.ARM.Collect$$libinit$$0000001D) for __rt_lib_init_signal_1
    libinit.o(.ARM.Collect$$libinit$$00000000) refers (Special) to libinit2.o(.ARM.Collect$$libinit$$00000025) for __rt_lib_init_stdio_1
    libinit.o(.ARM.Collect$$libinit$$00000000) refers (Special) to libinit2.o(.ARM.Collect$$libinit$$0000000C) for __rt_lib_init_user_alloc_1
    libspace.o(.text) refers to libspace.o(.bss) for __libspace_start
    rtexit.o(.ARM.Collect$$rtexit$$00000000) refers (Special) to rtexit2.o(.ARM.Collect$$rtexit$$00000004) for __rt_exit_exit
    rtexit.o(.ARM.Collect$$rtexit$$00000000) refers (Special) to rtexit2.o(.ARM.Collect$$rtexit$$00000003) for __rt_exit_ls
    rtexit.o(.ARM.Collect$$rtexit$$00000000) refers (Special) to rtexit2.o(.ARM.Collect$$rtexit$$00000002) for __rt_exit_prels_1
    rtexit.o(.ARM.exidx) refers (Special) to rtexit2.o(.ARM.Collect$$rtexit$$00000004) for __rt_exit_exit
    rtexit.o(.ARM.exidx) refers (Special) to rtexit2.o(.ARM.Collect$$rtexit$$00000003) for __rt_exit_ls
    rtexit.o(.ARM.exidx) refers (Special) to rtexit2.o(.ARM.Collect$$rtexit$$00000002) for __rt_exit_prels_1
    rtexit.o(.ARM.exidx) refers to rtexit.o(.ARM.Collect$$rtexit$$00000000) for .ARM.Collect$$rtexit$$00000000
    rt_raise.o(.text) refers to __raise.o(.text) for __raise
    rt_raise.o(.text) refers to sys_exit.o(.text) for _sys_exit
    defsig_exit.o(.text) refers to sys_exit.o(.text) for _sys_exit
    defsig_fpe_inner.o(.text) refers to defsig_general.o(.text) for __default_signal_display
    libinit2.o(.ARM.Collect$$libinit$$00000010) refers to libinit2.o(.ARM.Collect$$libinit$$0000000F) for .ARM.Collect$$libinit$$0000000F
    libinit2.o(.ARM.Collect$$libinit$$00000012) refers to libinit2.o(.ARM.Collect$$libinit$$0000000F) for .ARM.Collect$$libinit$$0000000F
    libinit2.o(.ARM.Collect$$libinit$$00000014) refers to libinit2.o(.ARM.Collect$$libinit$$0000000F) for .ARM.Collect$$libinit$$0000000F
    libinit2.o(.ARM.Collect$$libinit$$00000016) refers to libinit2.o(.ARM.Collect$$libinit$$0000000F) for .ARM.Collect$$libinit$$0000000F
    libinit2.o(.ARM.Collect$$libinit$$00000018) refers to libinit2.o(.ARM.Collect$$libinit$$0000000F) for .ARM.Collect$$libinit$$0000000F
    libinit2.o(.ARM.Collect$$libinit$$00000026) refers to argv_veneer.o(.emb_text) for __ARM_argv_veneer
    libinit2.o(.ARM.Collect$$libinit$$00000027) refers to argv_veneer.o(.emb_text) for __ARM_argv_veneer
    sys_exit.o(.text) refers (Special) to use_no_semi.o(.text) for __I$use$semihosting
    sys_exit.o(.text) refers (Special) to indicate_semi.o(.text) for __semihosting_library_function
    rtexit2.o(.ARM.Collect$$rtexit$$00000003) refers to libshutdown.o(.ARM.Collect$$libshutdown$$00000000) for __rt_lib_shutdown
    rtexit2.o(.ARM.Collect$$rtexit$$00000004) refers to sys_exit.o(.text) for _sys_exit
    rtexit2.o(.ARM.exidx) refers to rtexit2.o(.ARM.Collect$$rtexit$$00000001) for .ARM.Collect$$rtexit$$00000001
    rtexit2.o(.ARM.exidx) refers to rtexit2.o(.ARM.Collect$$rtexit$$00000003) for .ARM.Collect$$rtexit$$00000003
    rtexit2.o(.ARM.exidx) refers to rtexit2.o(.ARM.Collect$$rtexit$$00000004) for .ARM.Collect$$rtexit$$00000004
    __raise.o(.text) refers to defsig.o(CL$$defsig) for __default_signal_handler
    defsig_general.o(.text) refers to sys_wrch.o(.text) for _ttywrch
    argv_veneer.o(.emb_text) refers to no_argv.o(.text) for __ARM_get_argv
    sys_wrch.o(.text) refers (Special) to use_no_semi.o(.text) for __I$use$semihosting
    sys_wrch.o(.text) refers (Special) to indicate_semi.o(.text) for __semihosting_library_function
    defsig.o(CL$$defsig) refers to defsig_fpe_inner.o(.text) for __rt_SIGFPE_inner
    defsig.o(CL$$defsig) refers to defsig_rtmem_inner.o(.text) for __rt_SIGRTMEM_inner
    _get_argv_nomalloc.o(.text) refers (Special) to hrguard.o(.text) for __heap_region$guard
    _get_argv_nomalloc.o(.text) refers to defsig_rtmem_outer.o(.text) for __rt_SIGRTMEM
    _get_argv_nomalloc.o(.text) refers to sys_command.o(.text) for _sys_command_string
    libshutdown.o(.ARM.Collect$$libshutdown$$00000000) refers (Special) to libshutdown2.o(.ARM.Collect$$libshutdown$$00000004) for __rt_lib_shutdown_cpp_1
    libshutdown.o(.ARM.Collect$$libshutdown$$00000000) refers (Special) to libshutdown2.o(.ARM.Collect$$libshutdown$$00000002) for __rt_lib_shutdown_fini_1
    libshutdown.o(.ARM.Collect$$libshutdown$$00000000) refers (Special) to libshutdown2.o(.ARM.Collect$$libshutdown$$00000009) for __rt_lib_shutdown_fp_trap_1
    libshutdown.o(.ARM.Collect$$libshutdown$$00000000) refers (Special) to libshutdown2.o(.ARM.Collect$$libshutdown$$00000011) for __rt_lib_shutdown_heap_1
    libshutdown.o(.ARM.Collect$$libshutdown$$00000000) refers (Special) to libshutdown2.o(.ARM.Collect$$libshutdown$$00000012) for __rt_lib_shutdown_return
    libshutdown.o(.ARM.Collect$$libshutdown$$00000000) refers (Special) to libshutdown2.o(.ARM.Collect$$libshutdown$$0000000C) for __rt_lib_shutdown_signal_1
    libshutdown.o(.ARM.Collect$$libshutdown$$00000000) refers (Special) to libshutdown2.o(.ARM.Collect$$libshutdown$$00000006) for __rt_lib_shutdown_stdio_1
    libshutdown.o(.ARM.Collect$$libshutdown$$00000000) refers (Special) to libshutdown2.o(.ARM.Collect$$libshutdown$$0000000E) for __rt_lib_shutdown_user_alloc_1
    sys_command.o(.text) refers (Special) to use_no_semi.o(.text) for __I$use$semihosting
    sys_command.o(.text) refers (Special) to indicate_semi.o(.text) for __semihosting_library_function
    defsig_abrt_inner.o(.text) refers to defsig_general.o(.text) for __default_signal_display
    defsig_rtred_inner.o(.text) refers to defsig_general.o(.text) for __default_signal_display
    defsig_rtmem_inner.o(.text) refers to defsig_general.o(.text) for __default_signal_display
    defsig_rtmem_outer.o(.text) refers to defsig_rtmem_inner.o(.text) for __rt_SIGRTMEM_inner
    defsig_rtmem_outer.o(.text) refers to defsig_exit.o(.text) for __sig_exit
    defsig_rtmem_formal.o(.text) refers to rt_raise.o(.text) for __rt_raise
    defsig_stak_inner.o(.text) refers to defsig_general.o(.text) for __default_signal_display
    defsig_pvfn_inner.o(.text) refers to defsig_general.o(.text) for __default_signal_display
    defsig_cppl_inner.o(.text) refers to defsig_general.o(.text) for __default_signal_display
    defsig_segv_inner.o(.text) refers to defsig_general.o(.text) for __default_signal_display
    defsig_other.o(.text) refers to defsig_general.o(.text) for __default_signal_display


==============================================================================

Removing Unused input sections from the image.

    Removing system_at32f425.o(.rev16_text), (4 bytes).
    Removing system_at32f425.o(.revsh_text), (4 bytes).
    Removing system_at32f425.o(.rrx_text), (6 bytes).
    Removing system_at32f425.o(i.system_core_clock_update), (340 bytes).
    Removing system_at32f425.o(.constdata), (16 bytes).
    Removing system_at32f425.o(.data), (4 bytes).
    Removing at32f425_crm.o(.rev16_text), (4 bytes).
    Removing at32f425_crm.o(.revsh_text), (4 bytes).
    Removing at32f425_crm.o(.rrx_text), (6 bytes).
    Removing at32f425_crm.o(i.crm_adc_clock_div_set), (32 bytes).
    Removing at32f425_crm.o(i.crm_ahb_div_set), (20 bytes).
    Removing at32f425_crm.o(i.crm_apb1_div_set), (20 bytes).
    Removing at32f425_crm.o(i.crm_apb2_div_set), (20 bytes).
    Removing at32f425_crm.o(i.crm_battery_powered_domain_reset), (20 bytes).
    Removing at32f425_crm.o(i.crm_clkout_div_set), (20 bytes).
    Removing at32f425_crm.o(i.crm_clock_failure_detection_enable), (20 bytes).
    Removing at32f425_crm.o(i.crm_clock_out_set), (32 bytes).
    Removing at32f425_crm.o(i.crm_clock_source_enable), (96 bytes).
    Removing at32f425_crm.o(i.crm_clocks_freq_get), (428 bytes).
    Removing at32f425_crm.o(i.crm_ertc_clock_enable), (20 bytes).
    Removing at32f425_crm.o(i.crm_ertc_clock_select), (20 bytes).
    Removing at32f425_crm.o(i.crm_flag_clear), (212 bytes).
    Removing at32f425_crm.o(i.crm_flag_get), (48 bytes).
    Removing at32f425_crm.o(i.crm_hext_bypass), (20 bytes).
    Removing at32f425_crm.o(i.crm_hext_stable_wait), (46 bytes).
    Removing at32f425_crm.o(i.crm_hick_clock_calibration_set), (40 bytes).
    Removing at32f425_crm.o(i.crm_hick_clock_trimming_set), (20 bytes).
    Removing at32f425_crm.o(i.crm_hick_divider_select), (20 bytes).
    Removing at32f425_crm.o(i.crm_hick_sclk_frequency_select), (28 bytes).
    Removing at32f425_crm.o(i.crm_interrupt_enable), (32 bytes).
    Removing at32f425_crm.o(i.crm_interrupt_flag_get), (176 bytes).
    Removing at32f425_crm.o(i.crm_lext_bypass), (20 bytes).
    Removing at32f425_crm.o(i.crm_periph_reset), (68 bytes).
    Removing at32f425_crm.o(i.crm_periph_sleep_mode_clock_enable), (68 bytes).
    Removing at32f425_crm.o(i.crm_pll_config), (276 bytes).
    Removing at32f425_crm.o(i.crm_pll_config2), (132 bytes).
    Removing at32f425_crm.o(i.crm_sysclk_switch), (20 bytes).
    Removing at32f425_crm.o(i.crm_sysclk_switch_status_get), (16 bytes).
    Removing at32f425_crm.o(i.crm_usb_clock_div_set), (32 bytes).
    Removing at32f425_crm.o(i.crm_usb_clock_source_select), (32 bytes).
    Removing at32f425_crm.o(i.crm_usb_div_reset), (68 bytes).
    Removing at32f425_crm.o(.constdata), (40 bytes).
    Removing at32f425_gpio.o(.rev16_text), (4 bytes).
    Removing at32f425_gpio.o(.revsh_text), (4 bytes).
    Removing at32f425_gpio.o(.rrx_text), (6 bytes).
    Removing at32f425_gpio.o(i.gpio_bits_reset), (4 bytes).
    Removing at32f425_gpio.o(i.gpio_bits_set), (4 bytes).
    Removing at32f425_gpio.o(i.gpio_bits_write), (10 bytes).
    Removing at32f425_gpio.o(i.gpio_default_para_init), (20 bytes).
    Removing at32f425_gpio.o(i.gpio_init), (122 bytes).
    Removing at32f425_gpio.o(i.gpio_input_data_bit_read), (18 bytes).
    Removing at32f425_gpio.o(i.gpio_input_data_read), (8 bytes).
    Removing at32f425_gpio.o(i.gpio_output_data_bit_read), (18 bytes).
    Removing at32f425_gpio.o(i.gpio_output_data_read), (8 bytes).
    Removing at32f425_gpio.o(i.gpio_pin_mux_config), (66 bytes).
    Removing at32f425_gpio.o(i.gpio_pin_wp_config), (18 bytes).
    Removing at32f425_gpio.o(i.gpio_pins_huge_driven_config), (18 bytes).
    Removing at32f425_gpio.o(i.gpio_port_write), (4 bytes).
    Removing at32f425_gpio.o(i.gpio_reset), (160 bytes).
    Removing at32f425_usart.o(.rev16_text), (4 bytes).
    Removing at32f425_usart.o(.revsh_text), (4 bytes).
    Removing at32f425_usart.o(.rrx_text), (6 bytes).
    Removing at32f425_usart.o(i.usart_break_bit_num_set), (10 bytes).
    Removing at32f425_usart.o(i.usart_break_send), (12 bytes).
    Removing at32f425_usart.o(i.usart_clock_config), (28 bytes).
    Removing at32f425_usart.o(i.usart_clock_enable), (10 bytes).
    Removing at32f425_usart.o(i.usart_data_receive), (8 bytes).
    Removing at32f425_usart.o(i.usart_data_transmit), (8 bytes).
    Removing at32f425_usart.o(i.usart_de_polarity_set), (10 bytes).
    Removing at32f425_usart.o(i.usart_dma_receiver_enable), (10 bytes).
    Removing at32f425_usart.o(i.usart_dma_transmitter_enable), (10 bytes).
    Removing at32f425_usart.o(i.usart_enable), (10 bytes).
    Removing at32f425_usart.o(i.usart_flag_clear), (18 bytes).
    Removing at32f425_usart.o(i.usart_flag_get), (16 bytes).
    Removing at32f425_usart.o(i.usart_hardware_flow_control_set), (102 bytes).
    Removing at32f425_usart.o(i.usart_id_bit_num_set), (10 bytes).
    Removing at32f425_usart.o(i.usart_init), (164 bytes).
    Removing at32f425_usart.o(i.usart_interrupt_enable), (54 bytes).
    Removing at32f425_usart.o(i.usart_interrupt_flag_get), (176 bytes).
    Removing at32f425_usart.o(i.usart_irda_low_power_enable), (10 bytes).
    Removing at32f425_usart.o(i.usart_irda_mode_enable), (10 bytes).
    Removing at32f425_usart.o(i.usart_irda_smartcard_division_set), (10 bytes).
    Removing at32f425_usart.o(i.usart_lin_mode_enable), (10 bytes).
    Removing at32f425_usart.o(i.usart_parity_selection_config), (76 bytes).
    Removing at32f425_usart.o(i.usart_receiver_enable), (10 bytes).
    Removing at32f425_usart.o(i.usart_receiver_mute_enable), (10 bytes).
    Removing at32f425_usart.o(i.usart_reset), (120 bytes).
    Removing at32f425_usart.o(i.usart_rs485_delay_time_config), (18 bytes).
    Removing at32f425_usart.o(i.usart_rs485_mode_enable), (10 bytes).
    Removing at32f425_usart.o(i.usart_single_line_halfduplex_select), (10 bytes).
    Removing at32f425_usart.o(i.usart_smartcard_guard_time_set), (10 bytes).
    Removing at32f425_usart.o(i.usart_smartcard_mode_enable), (10 bytes).
    Removing at32f425_usart.o(i.usart_smartcard_nack_set), (10 bytes).
    Removing at32f425_usart.o(i.usart_transmit_receive_pin_swap), (10 bytes).
    Removing at32f425_usart.o(i.usart_transmitter_enable), (10 bytes).
    Removing at32f425_usart.o(i.usart_wakeup_id_set), (46 bytes).
    Removing at32f425_usart.o(i.usart_wakeup_mode_set), (10 bytes).
    Removing at32f425_misc.o(.rev16_text), (4 bytes).
    Removing at32f425_misc.o(.revsh_text), (4 bytes).
    Removing at32f425_misc.o(.rrx_text), (6 bytes).
    Removing at32f425_misc.o(i.nvic_irq_enable), (200 bytes).
    Removing at32f425_misc.o(i.nvic_lowpower_mode_config), (32 bytes).
    Removing at32f425_misc.o(i.nvic_priority_group_config), (40 bytes).
    Removing at32f425_misc.o(i.nvic_system_reset), (44 bytes).
    Removing at32f425_misc.o(i.nvic_vector_table_set), (20 bytes).
    Removing at32f425_misc.o(i.systick_clock_source_config), (40 bytes).
    Removing at32f425_dma.o(.rev16_text), (4 bytes).
    Removing at32f425_dma.o(.revsh_text), (4 bytes).
    Removing at32f425_dma.o(.rrx_text), (6 bytes).
    Removing at32f425_dma.o(i.dma_channel_enable), (10 bytes).
    Removing at32f425_dma.o(i.dma_data_number_get), (8 bytes).
    Removing at32f425_dma.o(i.dma_data_number_set), (4 bytes).
    Removing at32f425_dma.o(i.dma_default_para_init), (24 bytes).
    Removing at32f425_dma.o(i.dma_flag_clear), (12 bytes).
    Removing at32f425_dma.o(i.dma_flag_get), (28 bytes).
    Removing at32f425_dma.o(i.dma_flexible_config), (152 bytes).
    Removing at32f425_dma.o(i.dma_init), (92 bytes).
    Removing at32f425_dma.o(i.dma_interrupt_enable), (18 bytes).
    Removing at32f425_dma.o(i.dma_interrupt_flag_get), (28 bytes).
    Removing at32f425_dma.o(i.dma_reset), (56 bytes).
    Removing at32f425_adc.o(.rev16_text), (4 bytes).
    Removing at32f425_adc.o(.revsh_text), (4 bytes).
    Removing at32f425_adc.o(.rrx_text), (6 bytes).
    Removing at32f425_adc.o(i.adc_base_config), (44 bytes).
    Removing at32f425_adc.o(i.adc_base_default_para_init), (14 bytes).
    Removing at32f425_adc.o(i.adc_calibration_init), (12 bytes).
    Removing at32f425_adc.o(i.adc_calibration_init_status_get), (18 bytes).
    Removing at32f425_adc.o(i.adc_calibration_start), (12 bytes).
    Removing at32f425_adc.o(i.adc_calibration_status_get), (18 bytes).
    Removing at32f425_adc.o(i.adc_dma_mode_enable), (10 bytes).
    Removing at32f425_adc.o(i.adc_enable), (10 bytes).
    Removing at32f425_adc.o(i.adc_flag_clear), (6 bytes).
    Removing at32f425_adc.o(i.adc_flag_get), (16 bytes).
    Removing at32f425_adc.o(i.adc_interrupt_enable), (22 bytes).
    Removing at32f425_adc.o(i.adc_interrupt_flag_get), (84 bytes).
    Removing at32f425_adc.o(i.adc_ordinary_channel_set), (168 bytes).
    Removing at32f425_adc.o(i.adc_ordinary_conversion_data_get), (8 bytes).
    Removing at32f425_adc.o(i.adc_ordinary_conversion_trigger_set), (52 bytes).
    Removing at32f425_adc.o(i.adc_ordinary_oversample_enable), (14 bytes).
    Removing at32f425_adc.o(i.adc_ordinary_oversample_restart_set), (14 bytes).
    Removing at32f425_adc.o(i.adc_ordinary_oversample_trig_enable), (14 bytes).
    Removing at32f425_adc.o(i.adc_ordinary_part_count_set), (12 bytes).
    Removing at32f425_adc.o(i.adc_ordinary_part_mode_enable), (10 bytes).
    Removing at32f425_adc.o(i.adc_ordinary_software_trigger_enable), (10 bytes).
    Removing at32f425_adc.o(i.adc_ordinary_software_trigger_status_get), (18 bytes).
    Removing at32f425_adc.o(i.adc_oversample_ratio_shift_set), (22 bytes).
    Removing at32f425_adc.o(i.adc_preempt_auto_mode_enable), (10 bytes).
    Removing at32f425_adc.o(i.adc_preempt_channel_length_set), (12 bytes).
    Removing at32f425_adc.o(i.adc_preempt_channel_set), (142 bytes).
    Removing at32f425_adc.o(i.adc_preempt_conversion_data_get), (50 bytes).
    Removing at32f425_adc.o(i.adc_preempt_conversion_trigger_set), (52 bytes).
    Removing at32f425_adc.o(i.adc_preempt_offset_value_set), (62 bytes).
    Removing at32f425_adc.o(i.adc_preempt_oversample_enable), (14 bytes).
    Removing at32f425_adc.o(i.adc_preempt_part_mode_enable), (10 bytes).
    Removing at32f425_adc.o(i.adc_preempt_software_trigger_enable), (10 bytes).
    Removing at32f425_adc.o(i.adc_preempt_software_trigger_status_get), (18 bytes).
    Removing at32f425_adc.o(i.adc_reset), (36 bytes).
    Removing at32f425_adc.o(i.adc_tempersensor_vintrv_enable), (20 bytes).
    Removing at32f425_adc.o(i.adc_voltage_monitor_enable), (32 bytes).
    Removing at32f425_adc.o(i.adc_voltage_monitor_single_channel_select), (10 bytes).
    Removing at32f425_adc.o(i.adc_voltage_monitor_threshold_value_set), (18 bytes).
    Removing at32f425_acc.o(.rev16_text), (4 bytes).
    Removing at32f425_acc.o(.revsh_text), (4 bytes).
    Removing at32f425_acc.o(.rrx_text), (6 bytes).
    Removing at32f425_acc.o(i.acc_calibration_mode_enable), (48 bytes).
    Removing at32f425_acc.o(i.acc_flag_clear), (12 bytes).
    Removing at32f425_acc.o(i.acc_flag_get), (32 bytes).
    Removing at32f425_acc.o(i.acc_hickcal_get), (12 bytes).
    Removing at32f425_acc.o(i.acc_hicktrim_get), (16 bytes).
    Removing at32f425_acc.o(i.acc_interrupt_enable), (36 bytes).
    Removing at32f425_acc.o(i.acc_interrupt_flag_get), (72 bytes).
    Removing at32f425_acc.o(i.acc_read_c1), (12 bytes).
    Removing at32f425_acc.o(i.acc_read_c2), (12 bytes).
    Removing at32f425_acc.o(i.acc_read_c3), (12 bytes).
    Removing at32f425_acc.o(i.acc_step_set), (20 bytes).
    Removing at32f425_acc.o(i.acc_write_c1), (12 bytes).
    Removing at32f425_acc.o(i.acc_write_c2), (12 bytes).
    Removing at32f425_acc.o(i.acc_write_c3), (12 bytes).
    Removing at32f425_can.o(.rev16_text), (4 bytes).
    Removing at32f425_can.o(.revsh_text), (4 bytes).
    Removing at32f425_can.o(.rrx_text), (6 bytes).
    Removing at32f425_can.o(i.can_base_init), (188 bytes).
    Removing at32f425_can.o(i.can_baudrate_default_para_init), (16 bytes).
    Removing at32f425_can.o(i.can_baudrate_set), (146 bytes).
    Removing at32f425_can.o(i.can_debug_transmission_prohibit), (10 bytes).
    Removing at32f425_can.o(i.can_default_para_init), (18 bytes).
    Removing at32f425_can.o(i.can_doze_mode_enter), (74 bytes).
    Removing at32f425_can.o(i.can_doze_mode_exit), (44 bytes).
    Removing at32f425_can.o(i.can_error_type_record_get), (12 bytes).
    Removing at32f425_can.o(i.can_filter_default_para_init), (22 bytes).
    Removing at32f425_can.o(i.can_filter_init), (356 bytes).
    Removing at32f425_can.o(i.can_flag_clear), (124 bytes).
    Removing at32f425_can.o(i.can_flag_get), (240 bytes).
    Removing at32f425_can.o(i.can_interrupt_enable), (18 bytes).
    Removing at32f425_can.o(i.can_interrupt_flag_get), (260 bytes).
    Removing at32f425_can.o(i.can_message_receive), (240 bytes).
    Removing at32f425_can.o(i.can_message_transmit), (312 bytes).
    Removing at32f425_can.o(i.can_operating_mode_set), (222 bytes).
    Removing at32f425_can.o(i.can_receive_error_counter_get), (10 bytes).
    Removing at32f425_can.o(i.can_receive_fifo_release), (26 bytes).
    Removing at32f425_can.o(i.can_receive_message_pending_get), (34 bytes).
    Removing at32f425_can.o(i.can_reset), (28 bytes).
    Removing at32f425_can.o(i.can_transmit_cancel), (40 bytes).
    Removing at32f425_can.o(i.can_transmit_error_counter_get), (12 bytes).
    Removing at32f425_can.o(i.can_transmit_status_get), (108 bytes).
    Removing at32f425_can.o(i.can_ttc_mode_enable), (50 bytes).
    Removing at32f425_debug.o(.rev16_text), (4 bytes).
    Removing at32f425_debug.o(.revsh_text), (4 bytes).
    Removing at32f425_debug.o(.rrx_text), (6 bytes).
    Removing at32f425_debug.o(i.debug_device_id_get), (12 bytes).
    Removing at32f425_debug.o(i.debug_periph_mode_set), (32 bytes).
    Removing at32f425_ertc.o(.rev16_text), (4 bytes).
    Removing at32f425_ertc.o(.revsh_text), (4 bytes).
    Removing at32f425_ertc.o(.rrx_text), (6 bytes).
    Removing at32f425_ertc.o(i.ertc_alarm_enable), (56 bytes).
    Removing at32f425_ertc.o(i.ertc_alarm_get), (108 bytes).
    Removing at32f425_ertc.o(i.ertc_alarm_mask_set), (36 bytes).
    Removing at32f425_ertc.o(i.ertc_alarm_set), (112 bytes).
    Removing at32f425_ertc.o(i.ertc_alarm_sub_second_get), (16 bytes).
    Removing at32f425_ertc.o(i.ertc_alarm_sub_second_set), (44 bytes).
    Removing at32f425_ertc.o(i.ertc_alarm_week_date_select), (36 bytes).
    Removing at32f425_ertc.o(i.ertc_bcd_to_num), (20 bytes).
    Removing at32f425_ertc.o(i.ertc_bpr_data_read), (28 bytes).
    Removing at32f425_ertc.o(i.ertc_bpr_data_write), (24 bytes).
    Removing at32f425_ertc.o(i.ertc_cal_output_enable), (32 bytes).
    Removing at32f425_ertc.o(i.ertc_cal_output_select), (32 bytes).
    Removing at32f425_ertc.o(i.ertc_calendar_get), (112 bytes).
    Removing at32f425_ertc.o(i.ertc_date_set), (120 bytes).
    Removing at32f425_ertc.o(i.ertc_daylight_bpr_get), (16 bytes).
    Removing at32f425_ertc.o(i.ertc_daylight_set), (68 bytes).
    Removing at32f425_ertc.o(i.ertc_direct_read_enable), (32 bytes).
    Removing at32f425_ertc.o(i.ertc_divider_set), (60 bytes).
    Removing at32f425_ertc.o(i.ertc_flag_clear), (28 bytes).
    Removing at32f425_ertc.o(i.ertc_flag_get), (24 bytes).
    Removing at32f425_ertc.o(i.ertc_hour_mode_set), (48 bytes).
    Removing at32f425_ertc.o(i.ertc_init_mode_enter), (60 bytes).
    Removing at32f425_ertc.o(i.ertc_init_mode_exit), (16 bytes).
    Removing at32f425_ertc.o(i.ertc_interrupt_enable), (92 bytes).
    Removing at32f425_ertc.o(i.ertc_interrupt_flag_get), (116 bytes).
    Removing at32f425_ertc.o(i.ertc_interrupt_get), (48 bytes).
    Removing at32f425_ertc.o(i.ertc_num_to_bcd), (36 bytes).
    Removing at32f425_ertc.o(i.ertc_output_set), (60 bytes).
    Removing at32f425_ertc.o(i.ertc_refer_clock_detect_enable), (48 bytes).
    Removing at32f425_ertc.o(i.ertc_reset), (116 bytes).
    Removing at32f425_ertc.o(i.ertc_smooth_calibration_config), (112 bytes).
    Removing at32f425_ertc.o(i.ertc_sub_second_get), (20 bytes).
    Removing at32f425_ertc.o(i.ertc_tamper_detect_freq_set), (32 bytes).
    Removing at32f425_ertc.o(i.ertc_tamper_enable), (36 bytes).
    Removing at32f425_ertc.o(i.ertc_tamper_filter_set), (32 bytes).
    Removing at32f425_ertc.o(i.ertc_tamper_precharge_set), (32 bytes).
    Removing at32f425_ertc.o(i.ertc_tamper_pull_up_enable), (40 bytes).
    Removing at32f425_ertc.o(i.ertc_tamper_timestamp_enable), (32 bytes).
    Removing at32f425_ertc.o(i.ertc_tamper_valid_edge_set), (36 bytes).
    Removing at32f425_ertc.o(i.ertc_time_adjust), (92 bytes).
    Removing at32f425_ertc.o(i.ertc_time_set), (120 bytes).
    Removing at32f425_ertc.o(i.ertc_timestamp_enable), (32 bytes).
    Removing at32f425_ertc.o(i.ertc_timestamp_get), (108 bytes).
    Removing at32f425_ertc.o(i.ertc_timestamp_sub_second_get), (12 bytes).
    Removing at32f425_ertc.o(i.ertc_timestamp_valid_edge_set), (32 bytes).
    Removing at32f425_ertc.o(i.ertc_wait_flag), (38 bytes).
    Removing at32f425_ertc.o(i.ertc_wait_update), (56 bytes).
    Removing at32f425_ertc.o(i.ertc_wakeup_clock_set), (32 bytes).
    Removing at32f425_ertc.o(i.ertc_wakeup_counter_get), (12 bytes).
    Removing at32f425_ertc.o(i.ertc_wakeup_counter_set), (32 bytes).
    Removing at32f425_ertc.o(i.ertc_wakeup_enable), (52 bytes).
    Removing at32f425_ertc.o(i.ertc_write_protect_disable), (16 bytes).
    Removing at32f425_ertc.o(i.ertc_write_protect_enable), (12 bytes).
    Removing at32f425_exint.o(.rev16_text), (4 bytes).
    Removing at32f425_exint.o(.revsh_text), (4 bytes).
    Removing at32f425_exint.o(.rrx_text), (6 bytes).
    Removing at32f425_exint.o(i.exint_default_para_init), (14 bytes).
    Removing at32f425_exint.o(i.exint_event_enable), (32 bytes).
    Removing at32f425_exint.o(i.exint_flag_clear), (12 bytes).
    Removing at32f425_exint.o(i.exint_flag_get), (28 bytes).
    Removing at32f425_exint.o(i.exint_init), (152 bytes).
    Removing at32f425_exint.o(i.exint_interrupt_enable), (32 bytes).
    Removing at32f425_exint.o(i.exint_interrupt_flag_get), (36 bytes).
    Removing at32f425_exint.o(i.exint_reset), (40 bytes).
    Removing at32f425_exint.o(i.exint_software_interrupt_event_generate), (16 bytes).
    Removing at32f425_flash.o(.rev16_text), (4 bytes).
    Removing at32f425_flash.o(.revsh_text), (4 bytes).
    Removing at32f425_flash.o(.rrx_text), (6 bytes).
    Removing at32f425_flash.o(i.flash_boot_memory_extension_mode_enable), (64 bytes).
    Removing at32f425_flash.o(i.flash_byte_program), (56 bytes).
    Removing at32f425_flash.o(i.flash_crc_calibrate), (40 bytes).
    Removing at32f425_flash.o(i.flash_em_slib_inststart_sector_get), (16 bytes).
    Removing at32f425_flash.o(i.flash_epp_set), (220 bytes).
    Removing at32f425_flash.o(i.flash_epp_status_get), (12 bytes).
    Removing at32f425_flash.o(i.flash_extension_memory_slib_enable), (88 bytes).
    Removing at32f425_flash.o(i.flash_extension_memory_slib_state_get), (24 bytes).
    Removing at32f425_flash.o(i.flash_fap_enable), (140 bytes).
    Removing at32f425_flash.o(i.flash_fap_high_level_enable), (140 bytes).
    Removing at32f425_flash.o(i.flash_fap_high_level_status_get), (16 bytes).
    Removing at32f425_flash.o(i.flash_fap_status_get), (16 bytes).
    Removing at32f425_flash.o(i.flash_flag_clear), (12 bytes).
    Removing at32f425_flash.o(i.flash_flag_get), (56 bytes).
    Removing at32f425_flash.o(i.flash_internal_all_erase), (60 bytes).
    Removing at32f425_flash.o(i.flash_interrupt_enable), (44 bytes).
    Removing at32f425_flash.o(i.flash_low_power_mode_enable), (20 bytes).
    Removing at32f425_flash.o(i.flash_slib_disable), (52 bytes).
    Removing at32f425_flash.o(i.flash_slib_enable), (148 bytes).
    Removing at32f425_flash.o(i.flash_slib_end_sector_get), (12 bytes).
    Removing at32f425_flash.o(i.flash_slib_inststart_sector_get), (16 bytes).
    Removing at32f425_flash.o(i.flash_slib_start_sector_get), (16 bytes).
    Removing at32f425_flash.o(i.flash_slib_state_get), (24 bytes).
    Removing at32f425_flash.o(i.flash_ssb_set), (92 bytes).
    Removing at32f425_flash.o(i.flash_ssb_status_get), (16 bytes).
    Removing at32f425_flash.o(i.flash_user_system_data_erase), (152 bytes).
    Removing at32f425_flash.o(i.flash_user_system_data_program), (88 bytes).
    Removing at32f425_flash.o(i.flash_word_program), (56 bytes).
    Removing at32f425_flash.o(.constdata), (8 bytes).
    Removing at32f425_pwc.o(.rev16_text), (4 bytes).
    Removing at32f425_pwc.o(.revsh_text), (4 bytes).
    Removing at32f425_pwc.o(.rrx_text), (6 bytes).
    Removing at32f425_pwc.o(i.pwc_battery_powered_domain_access), (20 bytes).
    Removing at32f425_pwc.o(i.pwc_deep_sleep_mode_enter), (48 bytes).
    Removing at32f425_pwc.o(i.pwc_flag_clear), (48 bytes).
    Removing at32f425_pwc.o(i.pwc_flag_get), (24 bytes).
    Removing at32f425_pwc.o(i.pwc_power_voltage_monitor_enable), (20 bytes).
    Removing at32f425_pwc.o(i.pwc_pvm_level_select), (20 bytes).
    Removing at32f425_pwc.o(i.pwc_reset), (24 bytes).
    Removing at32f425_pwc.o(i.pwc_sleep_mode_enter), (36 bytes).
    Removing at32f425_pwc.o(i.pwc_standby_mode_enter), (56 bytes).
    Removing at32f425_pwc.o(i.pwc_voltage_regulate_set), (48 bytes).
    Removing at32f425_pwc.o(i.pwc_wakeup_pin_enable), (32 bytes).
    Removing at32f425_scfg.o(.rev16_text), (4 bytes).
    Removing at32f425_scfg.o(.revsh_text), (4 bytes).
    Removing at32f425_scfg.o(.rrx_text), (6 bytes).
    Removing at32f425_scfg.o(i.scfg_exint_line_config), (164 bytes).
    Removing at32f425_scfg.o(i.scfg_i2s_full_duplex_config), (20 bytes).
    Removing at32f425_scfg.o(i.scfg_infrared_config), (28 bytes).
    Removing at32f425_scfg.o(i.scfg_mem_map_get), (28 bytes).
    Removing at32f425_scfg.o(i.scfg_pa11pa12_pin_remap), (20 bytes).
    Removing at32f425_scfg.o(i.scfg_pins_ultra_driven_enable), (32 bytes).
    Removing at32f425_scfg.o(i.scfg_pvm_lock_enable), (20 bytes).
    Removing at32f425_scfg.o(i.scfg_reset), (24 bytes).
    Removing at32f425_tmr.o(.rev16_text), (4 bytes).
    Removing at32f425_tmr.o(.revsh_text), (4 bytes).
    Removing at32f425_tmr.o(.rrx_text), (6 bytes).
    Removing at32f425_tmr.o(i.tmr_32_bit_function_enable), (16 bytes).
    Removing at32f425_tmr.o(i.tmr_base_init), (16 bytes).
    Removing at32f425_tmr.o(i.tmr_brk_filter_value_set), (10 bytes).
    Removing at32f425_tmr.o(i.tmr_brkdt_config), (72 bytes).
    Removing at32f425_tmr.o(i.tmr_brkdt_default_para_init), (18 bytes).
    Removing at32f425_tmr.o(i.tmr_channel1_input_select), (10 bytes).
    Removing at32f425_tmr.o(i.tmr_channel_buffer_enable), (10 bytes).
    Removing at32f425_tmr.o(i.tmr_channel_dma_select), (10 bytes).
    Removing at32f425_tmr.o(i.tmr_channel_enable), (96 bytes).
    Removing at32f425_tmr.o(i.tmr_channel_value_get), (46 bytes).
    Removing at32f425_tmr.o(i.tmr_channel_value_set), (40 bytes).
    Removing at32f425_tmr.o(i.tmr_clock_source_div_set), (10 bytes).
    Removing at32f425_tmr.o(i.tmr_cnt_dir_set), (10 bytes).
    Removing at32f425_tmr.o(i.tmr_counter_enable), (10 bytes).
    Removing at32f425_tmr.o(i.tmr_counter_value_get), (6 bytes).
    Removing at32f425_tmr.o(i.tmr_counter_value_set), (4 bytes).
    Removing at32f425_tmr.o(i.tmr_div_value_get), (6 bytes).
    Removing at32f425_tmr.o(i.tmr_div_value_set), (4 bytes).
    Removing at32f425_tmr.o(i.tmr_dma_control_config), (18 bytes).
    Removing at32f425_tmr.o(i.tmr_dma_request_enable), (22 bytes).
    Removing at32f425_tmr.o(i.tmr_encoder_mode_config), (70 bytes).
    Removing at32f425_tmr.o(i.tmr_event_sw_trigger), (8 bytes).
    Removing at32f425_tmr.o(i.tmr_external_clock_config), (28 bytes).
    Removing at32f425_tmr.o(i.tmr_external_clock_mode1_config), (44 bytes).
    Removing at32f425_tmr.o(i.tmr_external_clock_mode2_config), (36 bytes).
    Removing at32f425_tmr.o(i.tmr_flag_clear), (6 bytes).
    Removing at32f425_tmr.o(i.tmr_flag_get), (18 bytes).
    Removing at32f425_tmr.o(i.tmr_force_output_set), (66 bytes).
    Removing at32f425_tmr.o(i.tmr_hall_select), (10 bytes).
    Removing at32f425_tmr.o(i.tmr_input_channel_divider_set), (66 bytes).
    Removing at32f425_tmr.o(i.tmr_input_channel_filter_set), (66 bytes).
    Removing at32f425_tmr.o(i.tmr_input_channel_init), (304 bytes).
    Removing at32f425_tmr.o(i.tmr_input_default_para_init), (16 bytes).
    Removing at32f425_tmr.o(i.tmr_internal_clock_set), (10 bytes).
    Removing at32f425_tmr.o(i.tmr_interrupt_enable), (22 bytes).
    Removing at32f425_tmr.o(i.tmr_interrupt_flag_get), (24 bytes).
    Removing at32f425_tmr.o(i.tmr_iremap_config), (10 bytes).
    Removing at32f425_tmr.o(i.tmr_one_cycle_mode_enable), (10 bytes).
    Removing at32f425_tmr.o(i.tmr_output_channel_buffer_enable), (66 bytes).
    Removing at32f425_tmr.o(i.tmr_output_channel_config), (416 bytes).
    Removing at32f425_tmr.o(i.tmr_output_channel_immediately_set), (66 bytes).
    Removing at32f425_tmr.o(i.tmr_output_channel_mode_select), (66 bytes).
    Removing at32f425_tmr.o(i.tmr_output_channel_polarity_set), (96 bytes).
    Removing at32f425_tmr.o(i.tmr_output_channel_switch_set), (66 bytes).
    Removing at32f425_tmr.o(i.tmr_output_default_para_init), (18 bytes).
    Removing at32f425_tmr.o(i.tmr_output_enable), (10 bytes).
    Removing at32f425_tmr.o(i.tmr_overflow_event_disable), (10 bytes).
    Removing at32f425_tmr.o(i.tmr_overflow_request_source_set), (10 bytes).
    Removing at32f425_tmr.o(i.tmr_period_buffer_enable), (10 bytes).
    Removing at32f425_tmr.o(i.tmr_period_value_get), (6 bytes).
    Removing at32f425_tmr.o(i.tmr_period_value_set), (4 bytes).
    Removing at32f425_tmr.o(i.tmr_primary_mode_select), (10 bytes).
    Removing at32f425_tmr.o(i.tmr_pwm_input_config), (350 bytes).
    Removing at32f425_tmr.o(i.tmr_repetition_counter_set), (10 bytes).
    Removing at32f425_tmr.o(i.tmr_reset), (244 bytes).
    Removing at32f425_tmr.o(i.tmr_sub_mode_select), (10 bytes).
    Removing at32f425_tmr.o(i.tmr_sub_sync_mode_set), (10 bytes).
    Removing at32f425_tmr.o(i.tmr_trigger_input_select), (10 bytes).
    Removing at32f425_wdt.o(.rev16_text), (4 bytes).
    Removing at32f425_wdt.o(.revsh_text), (4 bytes).
    Removing at32f425_wdt.o(.rrx_text), (6 bytes).
    Removing at32f425_wdt.o(i.wdt_counter_reload), (16 bytes).
    Removing at32f425_wdt.o(i.wdt_divider_set), (20 bytes).
    Removing at32f425_wdt.o(i.wdt_enable), (16 bytes).
    Removing at32f425_wdt.o(i.wdt_flag_get), (24 bytes).
    Removing at32f425_wdt.o(i.wdt_register_write_enable), (24 bytes).
    Removing at32f425_wdt.o(i.wdt_reload_value_set), (12 bytes).
    Removing at32f425_wdt.o(i.wdt_window_counter_set), (20 bytes).
    Removing at32f425_wwdt.o(.rev16_text), (4 bytes).
    Removing at32f425_wwdt.o(.revsh_text), (4 bytes).
    Removing at32f425_wwdt.o(.rrx_text), (6 bytes).
    Removing at32f425_wwdt.o(i.wwdt_counter_set), (20 bytes).
    Removing at32f425_wwdt.o(i.wwdt_divider_set), (20 bytes).
    Removing at32f425_wwdt.o(i.wwdt_enable), (16 bytes).
    Removing at32f425_wwdt.o(i.wwdt_flag_clear), (12 bytes).
    Removing at32f425_wwdt.o(i.wwdt_flag_get), (16 bytes).
    Removing at32f425_wwdt.o(i.wwdt_interrupt_enable), (24 bytes).
    Removing at32f425_wwdt.o(i.wwdt_interrupt_flag_get), (36 bytes).
    Removing at32f425_wwdt.o(i.wwdt_reset), (24 bytes).
    Removing at32f425_wwdt.o(i.wwdt_window_counter_set), (20 bytes).
    Removing at32f425_int.o(.rev16_text), (4 bytes).
    Removing at32f425_int.o(.revsh_text), (4 bytes).
    Removing at32f425_int.o(.rrx_text), (6 bytes).
    Removing bsp_flash.o(.rev16_text), (4 bytes).
    Removing bsp_flash.o(.revsh_text), (4 bytes).
    Removing bsp_flash.o(.rrx_text), (6 bytes).
    Removing bsp_flash.o(i.flash_8b_write), (64 bytes).
    Removing bsp_flash.o(i.flash_read), (22 bytes).
    Removing bsp_iap.o(.rev16_text), (4 bytes).
    Removing bsp_iap.o(.revsh_text), (4 bytes).
    Removing bsp_iap.o(.rrx_text), (6 bytes).
    Removing main_1.o(.rev16_text), (4 bytes).
    Removing main_1.o(.revsh_text), (4 bytes).
    Removing main_1.o(.rrx_text), (6 bytes).

433 unused section(s) (total 17832 bytes) removed from the image.

==============================================================================

Image Symbol Table

    Local Symbols

    Symbol Name                              Value     Ov Type        Size  Object(Section)

    ../clib/angel/boardlib.s                 0x00000000   Number         0  boardinit3.o ABSOLUTE
    ../clib/angel/boardlib.s                 0x00000000   Number         0  boardinit2.o ABSOLUTE
    ../clib/angel/boardlib.s                 0x00000000   Number         0  boardinit1.o ABSOLUTE
    ../clib/angel/boardlib.s                 0x00000000   Number         0  boardshut.o ABSOLUTE
    ../clib/angel/handlers.s                 0x00000000   Number         0  __scatter_copy.o ABSOLUTE
    ../clib/angel/handlers.s                 0x00000000   Number         0  __scatter_zi.o ABSOLUTE
    ../clib/angel/kernel.s                   0x00000000   Number         0  __rtentry.o ABSOLUTE
    ../clib/angel/kernel.s                   0x00000000   Number         0  rtexit.o ABSOLUTE
    ../clib/angel/kernel.s                   0x00000000   Number         0  rtexit2.o ABSOLUTE
    ../clib/angel/kernel.s                   0x00000000   Number         0  __rtentry4.o ABSOLUTE
    ../clib/angel/kernel.s                   0x00000000   Number         0  __rtentry2.o ABSOLUTE
    ../clib/angel/rt.s                       0x00000000   Number         0  rt_raise.o ABSOLUTE
    ../clib/angel/rt.s                       0x00000000   Number         0  aeabi_ldiv0.o ABSOLUTE
    ../clib/angel/rt.s                       0x00000000   Number         0  aeabi_ldiv0_sigfpe.o ABSOLUTE
    ../clib/angel/rt.s                       0x00000000   Number         0  rt_div0.o ABSOLUTE
    ../clib/angel/scatter.s                  0x00000000   Number         0  __scatter.o ABSOLUTE
    ../clib/angel/startup.s                  0x00000000   Number         0  __main.o ABSOLUTE
    ../clib/angel/sys.s                      0x00000000   Number         0  indicate_semi.o ABSOLUTE
    ../clib/angel/sys.s                      0x00000000   Number         0  use_no_semi.o ABSOLUTE
    ../clib/angel/sys.s                      0x00000000   Number         0  libspace.o ABSOLUTE
    ../clib/angel/sys.s                      0x00000000   Number         0  sys_stackheap_outer.o ABSOLUTE
    ../clib/angel/sysapp.c                   0x00000000   Number         0  sys_exit.o ABSOLUTE
    ../clib/angel/sysapp.c                   0x00000000   Number         0  sys_wrch.o ABSOLUTE
    ../clib/angel/sysapp.c                   0x00000000   Number         0  sys_command.o ABSOLUTE
    ../clib/armsys.c                         0x00000000   Number         0  _get_argv_nomalloc.o ABSOLUTE
    ../clib/armsys.c                         0x00000000   Number         0  argv_veneer.o ABSOLUTE
    ../clib/armsys.c                         0x00000000   Number         0  argv_veneer.o ABSOLUTE
    ../clib/armsys.c                         0x00000000   Number         0  no_argv.o ABSOLUTE
    ../clib/heapalloc.c                      0x00000000   Number         0  hrguard.o ABSOLUTE
    ../clib/heapaux.c                        0x00000000   Number         0  heapauxi.o ABSOLUTE
    ../clib/libinit.s                        0x00000000   Number         0  libshutdown.o ABSOLUTE
    ../clib/libinit.s                        0x00000000   Number         0  libshutdown2.o ABSOLUTE
    ../clib/libinit.s                        0x00000000   Number         0  libinit2.o ABSOLUTE
    ../clib/libinit.s                        0x00000000   Number         0  libinit.o ABSOLUTE
    ../clib/longlong.s                       0x00000000   Number         0  lludivv7m.o ABSOLUTE
    ../clib/memcpset.s                       0x00000000   Number         0  rt_memcpy_w.o ABSOLUTE
    ../clib/memcpset.s                       0x00000000   Number         0  rt_memcpy_v6.o ABSOLUTE
    ../clib/signal.c                         0x00000000   Number         0  defsig_cppl_inner.o ABSOLUTE
    ../clib/signal.c                         0x00000000   Number         0  defsig_segv_inner.o ABSOLUTE
    ../clib/signal.c                         0x00000000   Number         0  defsig_pvfn_inner.o ABSOLUTE
    ../clib/signal.c                         0x00000000   Number         0  defsig_other.o ABSOLUTE
    ../clib/signal.c                         0x00000000   Number         0  defsig_stak_inner.o ABSOLUTE
    ../clib/signal.c                         0x00000000   Number         0  defsig_abrt_inner.o ABSOLUTE
    ../clib/signal.c                         0x00000000   Number         0  defsig_rtmem_formal.o ABSOLUTE
    ../clib/signal.c                         0x00000000   Number         0  defsig_rtmem_outer.o ABSOLUTE
    ../clib/signal.c                         0x00000000   Number         0  defsig_rtmem_inner.o ABSOLUTE
    ../clib/signal.c                         0x00000000   Number         0  defsig_fpe_outer.o ABSOLUTE
    ../clib/signal.c                         0x00000000   Number         0  defsig_rtred_inner.o ABSOLUTE
    ../clib/signal.c                         0x00000000   Number         0  defsig_fpe_formal.o ABSOLUTE
    ../clib/signal.c                         0x00000000   Number         0  __raise.o ABSOLUTE
    ../clib/signal.c                         0x00000000   Number         0  defsig_fpe_inner.o ABSOLUTE
    ../clib/signal.c                         0x00000000   Number         0  defsig_exit.o ABSOLUTE
    ../clib/signal.c                         0x00000000   Number         0  defsig_general.o ABSOLUTE
    ../clib/signal.s                         0x00000000   Number         0  defsig.o ABSOLUTE
    ../clib/stdlib.c                         0x00000000   Number         0  exit.o ABSOLUTE
    ../fplib/fpinit.s                        0x00000000   Number         0  fpinit.o ABSOLUTE
    ..\..\AT32F425_Firmware_Library_V2.1.2\libraries\cmsis\cm4\device_support\startup\mdk\startup_at32f425.s 0x00000000   Number         0  startup_at32f425.o ABSOLUTE
    ..\..\AT32F425_Firmware_Library_V2.1.2\libraries\cmsis\cm4\device_support\system_at32f425.c 0x00000000   Number         0  system_at32f425.o ABSOLUTE
    ..\..\AT32F425_Firmware_Library_V2.1.2\libraries\drivers\src\at32f425_acc.c 0x00000000   Number         0  at32f425_acc.o ABSOLUTE
    ..\..\AT32F425_Firmware_Library_V2.1.2\libraries\drivers\src\at32f425_adc.c 0x00000000   Number         0  at32f425_adc.o ABSOLUTE
    ..\..\AT32F425_Firmware_Library_V2.1.2\libraries\drivers\src\at32f425_can.c 0x00000000   Number         0  at32f425_can.o ABSOLUTE
    ..\..\AT32F425_Firmware_Library_V2.1.2\libraries\drivers\src\at32f425_crm.c 0x00000000   Number         0  at32f425_crm.o ABSOLUTE
    ..\..\AT32F425_Firmware_Library_V2.1.2\libraries\drivers\src\at32f425_debug.c 0x00000000   Number         0  at32f425_debug.o ABSOLUTE
    ..\..\AT32F425_Firmware_Library_V2.1.2\libraries\drivers\src\at32f425_dma.c 0x00000000   Number         0  at32f425_dma.o ABSOLUTE
    ..\..\AT32F425_Firmware_Library_V2.1.2\libraries\drivers\src\at32f425_ertc.c 0x00000000   Number         0  at32f425_ertc.o ABSOLUTE
    ..\..\AT32F425_Firmware_Library_V2.1.2\libraries\drivers\src\at32f425_exint.c 0x00000000   Number         0  at32f425_exint.o ABSOLUTE
    ..\..\AT32F425_Firmware_Library_V2.1.2\libraries\drivers\src\at32f425_flash.c 0x00000000   Number         0  at32f425_flash.o ABSOLUTE
    ..\..\AT32F425_Firmware_Library_V2.1.2\libraries\drivers\src\at32f425_gpio.c 0x00000000   Number         0  at32f425_gpio.o ABSOLUTE
    ..\..\AT32F425_Firmware_Library_V2.1.2\libraries\drivers\src\at32f425_misc.c 0x00000000   Number         0  at32f425_misc.o ABSOLUTE
    ..\..\AT32F425_Firmware_Library_V2.1.2\libraries\drivers\src\at32f425_pwc.c 0x00000000   Number         0  at32f425_pwc.o ABSOLUTE
    ..\..\AT32F425_Firmware_Library_V2.1.2\libraries\drivers\src\at32f425_scfg.c 0x00000000   Number         0  at32f425_scfg.o ABSOLUTE
    ..\..\AT32F425_Firmware_Library_V2.1.2\libraries\drivers\src\at32f425_tmr.c 0x00000000   Number         0  at32f425_tmr.o ABSOLUTE
    ..\..\AT32F425_Firmware_Library_V2.1.2\libraries\drivers\src\at32f425_usart.c 0x00000000   Number         0  at32f425_usart.o ABSOLUTE
    ..\..\AT32F425_Firmware_Library_V2.1.2\libraries\drivers\src\at32f425_wdt.c 0x00000000   Number         0  at32f425_wdt.o ABSOLUTE
    ..\..\AT32F425_Firmware_Library_V2.1.2\libraries\drivers\src\at32f425_wwdt.c 0x00000000   Number         0  at32f425_wwdt.o ABSOLUTE
    ..\\..\\AT32F425_Firmware_Library_V2.1.2\\libraries\\cmsis\\cm4\\device_support\\system_at32f425.c 0x00000000   Number         0  system_at32f425.o ABSOLUTE
    ..\\..\\AT32F425_Firmware_Library_V2.1.2\\libraries\\drivers\\src\\at32f425_acc.c 0x00000000   Number         0  at32f425_acc.o ABSOLUTE
    ..\\..\\AT32F425_Firmware_Library_V2.1.2\\libraries\\drivers\\src\\at32f425_adc.c 0x00000000   Number         0  at32f425_adc.o ABSOLUTE
    ..\\..\\AT32F425_Firmware_Library_V2.1.2\\libraries\\drivers\\src\\at32f425_can.c 0x00000000   Number         0  at32f425_can.o ABSOLUTE
    ..\\..\\AT32F425_Firmware_Library_V2.1.2\\libraries\\drivers\\src\\at32f425_crm.c 0x00000000   Number         0  at32f425_crm.o ABSOLUTE
    ..\\..\\AT32F425_Firmware_Library_V2.1.2\\libraries\\drivers\\src\\at32f425_debug.c 0x00000000   Number         0  at32f425_debug.o ABSOLUTE
    ..\\..\\AT32F425_Firmware_Library_V2.1.2\\libraries\\drivers\\src\\at32f425_dma.c 0x00000000   Number         0  at32f425_dma.o ABSOLUTE
    ..\\..\\AT32F425_Firmware_Library_V2.1.2\\libraries\\drivers\\src\\at32f425_ertc.c 0x00000000   Number         0  at32f425_ertc.o ABSOLUTE
    ..\\..\\AT32F425_Firmware_Library_V2.1.2\\libraries\\drivers\\src\\at32f425_exint.c 0x00000000   Number         0  at32f425_exint.o ABSOLUTE
    ..\\..\\AT32F425_Firmware_Library_V2.1.2\\libraries\\drivers\\src\\at32f425_flash.c 0x00000000   Number         0  at32f425_flash.o ABSOLUTE
    ..\\..\\AT32F425_Firmware_Library_V2.1.2\\libraries\\drivers\\src\\at32f425_gpio.c 0x00000000   Number         0  at32f425_gpio.o ABSOLUTE
    ..\\..\\AT32F425_Firmware_Library_V2.1.2\\libraries\\drivers\\src\\at32f425_misc.c 0x00000000   Number         0  at32f425_misc.o ABSOLUTE
    ..\\..\\AT32F425_Firmware_Library_V2.1.2\\libraries\\drivers\\src\\at32f425_pwc.c 0x00000000   Number         0  at32f425_pwc.o ABSOLUTE
    ..\\..\\AT32F425_Firmware_Library_V2.1.2\\libraries\\drivers\\src\\at32f425_scfg.c 0x00000000   Number         0  at32f425_scfg.o ABSOLUTE
    ..\\..\\AT32F425_Firmware_Library_V2.1.2\\libraries\\drivers\\src\\at32f425_tmr.c 0x00000000   Number         0  at32f425_tmr.o ABSOLUTE
    ..\\..\\AT32F425_Firmware_Library_V2.1.2\\libraries\\drivers\\src\\at32f425_usart.c 0x00000000   Number         0  at32f425_usart.o ABSOLUTE
    ..\\..\\AT32F425_Firmware_Library_V2.1.2\\libraries\\drivers\\src\\at32f425_wdt.c 0x00000000   Number         0  at32f425_wdt.o ABSOLUTE
    ..\\..\\AT32F425_Firmware_Library_V2.1.2\\libraries\\drivers\\src\\at32f425_wwdt.c 0x00000000   Number         0  at32f425_wwdt.o ABSOLUTE
    ..\\source\\bsp\\bsp_flash\\bsp_flash.c  0x00000000   Number         0  bsp_flash.o ABSOLUTE
    ..\\source\\bsp\\bsp_iap\\bsp_iap.c      0x00000000   Number         0  bsp_iap.o ABSOLUTE
    ..\\source\\main\\at32f425_int.c         0x00000000   Number         0  at32f425_int.o ABSOLUTE
    ..\\source\\main\\main.c                 0x00000000   Number         0  main_1.o ABSOLUTE
    ..\source\bsp\bsp_flash\bsp_flash.c      0x00000000   Number         0  bsp_flash.o ABSOLUTE
    ..\source\bsp\bsp_iap\bsp_iap.c          0x00000000   Number         0  bsp_iap.o ABSOLUTE
    ..\source\main\at32f425_int.c            0x00000000   Number         0  at32f425_int.o ABSOLUTE
    ..\source\main\main.c                    0x00000000   Number         0  main_1.o ABSOLUTE
    dc.s                                     0x00000000   Number         0  dc.o ABSOLUTE
    RESET                                    0x08000000   Section      208  startup_at32f425.o(RESET)
    !!!main                                  0x080000d0   Section        8  __main.o(!!!main)
    !!!scatter                               0x080000d8   Section       52  __scatter.o(!!!scatter)
    !!handler_copy                           0x0800010c   Section       26  __scatter_copy.o(!!handler_copy)
    !!handler_zi                             0x08000128   Section       28  __scatter_zi.o(!!handler_zi)
    .ARM.Collect$$libinit$$00000000          0x08000144   Section        2  libinit.o(.ARM.Collect$$libinit$$00000000)
    .ARM.Collect$$libinit$$00000002          0x08000146   Section        0  libinit2.o(.ARM.Collect$$libinit$$00000002)
    .ARM.Collect$$libinit$$00000004          0x08000146   Section        0  libinit2.o(.ARM.Collect$$libinit$$00000004)
    .ARM.Collect$$libinit$$0000000A          0x08000146   Section        0  libinit2.o(.ARM.Collect$$libinit$$0000000A)
    .ARM.Collect$$libinit$$0000000C          0x08000146   Section        0  libinit2.o(.ARM.Collect$$libinit$$0000000C)
    .ARM.Collect$$libinit$$0000000E          0x08000146   Section        0  libinit2.o(.ARM.Collect$$libinit$$0000000E)
    .ARM.Collect$$libinit$$00000011          0x08000146   Section        0  libinit2.o(.ARM.Collect$$libinit$$00000011)
    .ARM.Collect$$libinit$$00000013          0x08000146   Section        0  libinit2.o(.ARM.Collect$$libinit$$00000013)
    .ARM.Collect$$libinit$$00000015          0x08000146   Section        0  libinit2.o(.ARM.Collect$$libinit$$00000015)
    .ARM.Collect$$libinit$$00000017          0x08000146   Section        0  libinit2.o(.ARM.Collect$$libinit$$00000017)
    .ARM.Collect$$libinit$$00000019          0x08000146   Section        0  libinit2.o(.ARM.Collect$$libinit$$00000019)
    .ARM.Collect$$libinit$$0000001B          0x08000146   Section        0  libinit2.o(.ARM.Collect$$libinit$$0000001B)
    .ARM.Collect$$libinit$$0000001D          0x08000146   Section        0  libinit2.o(.ARM.Collect$$libinit$$0000001D)
    .ARM.Collect$$libinit$$0000001F          0x08000146   Section        0  libinit2.o(.ARM.Collect$$libinit$$0000001F)
    .ARM.Collect$$libinit$$00000021          0x08000146   Section        0  libinit2.o(.ARM.Collect$$libinit$$00000021)
    .ARM.Collect$$libinit$$00000023          0x08000146   Section        0  libinit2.o(.ARM.Collect$$libinit$$00000023)
    .ARM.Collect$$libinit$$00000025          0x08000146   Section        0  libinit2.o(.ARM.Collect$$libinit$$00000025)
    .ARM.Collect$$libinit$$0000002C          0x08000146   Section        0  libinit2.o(.ARM.Collect$$libinit$$0000002C)
    .ARM.Collect$$libinit$$0000002E          0x08000146   Section        0  libinit2.o(.ARM.Collect$$libinit$$0000002E)
    .ARM.Collect$$libinit$$00000030          0x08000146   Section        0  libinit2.o(.ARM.Collect$$libinit$$00000030)
    .ARM.Collect$$libinit$$00000032          0x08000146   Section        0  libinit2.o(.ARM.Collect$$libinit$$00000032)
    .ARM.Collect$$libinit$$00000033          0x08000146   Section        2  libinit2.o(.ARM.Collect$$libinit$$00000033)
    .ARM.Collect$$libshutdown$$00000000      0x08000148   Section        2  libshutdown.o(.ARM.Collect$$libshutdown$$00000000)
    .ARM.Collect$$libshutdown$$00000002      0x0800014a   Section        0  libshutdown2.o(.ARM.Collect$$libshutdown$$00000002)
    .ARM.Collect$$libshutdown$$00000004      0x0800014a   Section        0  libshutdown2.o(.ARM.Collect$$libshutdown$$00000004)
    .ARM.Collect$$libshutdown$$00000006      0x0800014a   Section        0  libshutdown2.o(.ARM.Collect$$libshutdown$$00000006)
    .ARM.Collect$$libshutdown$$00000009      0x0800014a   Section        0  libshutdown2.o(.ARM.Collect$$libshutdown$$00000009)
    .ARM.Collect$$libshutdown$$0000000C      0x0800014a   Section        0  libshutdown2.o(.ARM.Collect$$libshutdown$$0000000C)
    .ARM.Collect$$libshutdown$$0000000E      0x0800014a   Section        0  libshutdown2.o(.ARM.Collect$$libshutdown$$0000000E)
    .ARM.Collect$$libshutdown$$00000011      0x0800014a   Section        0  libshutdown2.o(.ARM.Collect$$libshutdown$$00000011)
    .ARM.Collect$$libshutdown$$00000012      0x0800014a   Section        2  libshutdown2.o(.ARM.Collect$$libshutdown$$00000012)
    .ARM.Collect$$rtentry$$00000000          0x0800014c   Section        0  __rtentry.o(.ARM.Collect$$rtentry$$00000000)
    .ARM.Collect$$rtentry$$00000002          0x0800014c   Section        0  __rtentry2.o(.ARM.Collect$$rtentry$$00000002)
    .ARM.Collect$$rtentry$$00000004          0x0800014c   Section        6  __rtentry4.o(.ARM.Collect$$rtentry$$00000004)
    .ARM.Collect$$rtentry$$00000009          0x08000152   Section        0  __rtentry2.o(.ARM.Collect$$rtentry$$00000009)
    .ARM.Collect$$rtentry$$0000000A          0x08000152   Section        4  __rtentry2.o(.ARM.Collect$$rtentry$$0000000A)
    .ARM.Collect$$rtentry$$0000000C          0x08000156   Section        0  __rtentry2.o(.ARM.Collect$$rtentry$$0000000C)
    .ARM.Collect$$rtentry$$0000000D          0x08000156   Section        8  __rtentry2.o(.ARM.Collect$$rtentry$$0000000D)
    .ARM.Collect$$rtexit$$00000000           0x0800015e   Section        2  rtexit.o(.ARM.Collect$$rtexit$$00000000)
    .ARM.Collect$$rtexit$$00000002           0x08000160   Section        0  rtexit2.o(.ARM.Collect$$rtexit$$00000002)
    .ARM.Collect$$rtexit$$00000003           0x08000160   Section        4  rtexit2.o(.ARM.Collect$$rtexit$$00000003)
    .ARM.Collect$$rtexit$$00000004           0x08000164   Section        6  rtexit2.o(.ARM.Collect$$rtexit$$00000004)
    .text                                    0x0800016c   Section       64  startup_at32f425.o(.text)
    .text                                    0x080001ac   Section      138  rt_memcpy_v6.o(.text)
    .text                                    0x08000236   Section        0  heapauxi.o(.text)
    .text                                    0x0800023c   Section      100  rt_memcpy_w.o(.text)
    .text                                    0x080002a0   Section       74  sys_stackheap_outer.o(.text)
    .text                                    0x080002ea   Section        0  exit.o(.text)
    .text                                    0x080002fc   Section        8  libspace.o(.text)
    .text                                    0x08000304   Section        0  sys_exit.o(.text)
    .text                                    0x08000310   Section        2  use_no_semi.o(.text)
    .text                                    0x08000312   Section        0  indicate_semi.o(.text)
    i.BusFault_Handler                       0x08000312   Section        0  at32f425_int.o(i.BusFault_Handler)
    i.DebugMon_Handler                       0x08000316   Section        0  at32f425_int.o(i.DebugMon_Handler)
    i.HardFault_Handler                      0x08000318   Section        0  at32f425_int.o(i.HardFault_Handler)
    i.MemManage_Handler                      0x0800031c   Section        0  at32f425_int.o(i.MemManage_Handler)
    i.NMI_Handler                            0x08000320   Section        0  at32f425_int.o(i.NMI_Handler)
    i.PendSV_Handler                         0x08000322   Section        0  at32f425_int.o(i.PendSV_Handler)
    i.SVC_Handler                            0x08000324   Section        0  at32f425_int.o(i.SVC_Handler)
    i.SysTick_Handler                        0x08000326   Section        0  at32f425_int.o(i.SysTick_Handler)
    i.SystemInit                             0x08000328   Section        0  system_at32f425.o(i.SystemInit)
    i.UsageFault_Handler                     0x08000394   Section        0  at32f425_int.o(i.UsageFault_Handler)
    i.__NVIC_ClearPendingIRQ                 0x08000398   Section        0  bsp_iap.o(i.__NVIC_ClearPendingIRQ)
    __NVIC_ClearPendingIRQ                   0x08000399   Thumb Code    22  bsp_iap.o(i.__NVIC_ClearPendingIRQ)
    i.app_load                               0x080003b4   Section        0  bsp_iap.o(i.app_load)
    i.crm_periph_clock_enable                0x08000460   Section        0  at32f425_crm.o(i.crm_periph_clock_enable)
    i.crm_reset                              0x080004a4   Section        0  at32f425_crm.o(i.crm_reset)
    i.flash_1kb_write                        0x08000508   Section        0  bsp_flash.o(i.flash_1kb_write)
    i.flash_halfword_program                 0x08000548   Section        0  at32f425_flash.o(i.flash_halfword_program)
    i.flash_lock                             0x08000580   Section        0  at32f425_flash.o(i.flash_lock)
    i.flash_operation_status_get             0x08000594   Section        0  at32f425_flash.o(i.flash_operation_status_get)
    i.flash_operation_wait_for               0x080005c8   Section        0  at32f425_flash.o(i.flash_operation_wait_for)
    i.flash_sector_erase                     0x080005ec   Section        0  at32f425_flash.o(i.flash_sector_erase)
    i.flash_unlock                           0x0800062c   Section        0  at32f425_flash.o(i.flash_unlock)
    i.flash_write                            0x08000644   Section        0  bsp_flash.o(i.flash_write)
    i.main                                   0x0800065c   Section        0  main_1.o(i.main)
    i.nvic_irq_disable                       0x080006bc   Section        0  at32f425_misc.o(i.nvic_irq_disable)
    .data                                    0x20000000   Section        4  bsp_iap.o(.data)
    .bss                                     0x20000004   Section     1037  main_1.o(.bss)
    .bss                                     0x20000414   Section       96  libspace.o(.bss)
    HEAP                                     0x20000478   Section      512  startup_at32f425.o(HEAP)
    Heap_Mem                                 0x20000478   Data         512  startup_at32f425.o(HEAP)
    STACK                                    0x20000678   Section     1024  startup_at32f425.o(STACK)
    Stack_Mem                                0x20000678   Data        1024  startup_at32f425.o(STACK)
    __initial_sp                             0x20000a78   Data           0  startup_at32f425.o(STACK)

    Global Symbols

    Symbol Name                              Value     Ov Type        Size  Object(Section)

    BuildAttributes$$THM_ISAv4$E$P$D$K$B$S$7EM$PE$A:L22UL41UL21$X:L11$S22US41US21$IEEE1$IW$USESV6$~STKCKD$USESV7$~SHL$OSPACE$ROPI$EBA8$UX$STANDARDLIB$REQ8$PRES8$EABIv2 0x00000000   Number         0  anon$$obj.o ABSOLUTE
    __ARM_use_no_argv                        0x00000000   Number         0  main_1.o ABSOLUTE
    __ARM_exceptions_init                     - Undefined Weak Reference
    __alloca_initialize                       - Undefined Weak Reference
    __arm_fini_                               - Undefined Weak Reference
    __arm_preinit_                            - Undefined Weak Reference
    __cpp_initialize__aeabi_                  - Undefined Weak Reference
    __cxa_finalize                            - Undefined Weak Reference
    __rt_locale                               - Undefined Weak Reference
    __sigvec_lookup                           - Undefined Weak Reference
    _atexit_init                              - Undefined Weak Reference
    _call_atexit_fns                          - Undefined Weak Reference
    _clock_init                               - Undefined Weak Reference
    _fp_trap_init                             - Undefined Weak Reference
    _fp_trap_shutdown                         - Undefined Weak Reference
    _get_lc_collate                           - Undefined Weak Reference
    _get_lc_ctype                             - Undefined Weak Reference
    _get_lc_monetary                          - Undefined Weak Reference
    _get_lc_numeric                           - Undefined Weak Reference
    _get_lc_time                              - Undefined Weak Reference
    _getenv_init                              - Undefined Weak Reference
    _handle_redirection                       - Undefined Weak Reference
    _init_alloc                               - Undefined Weak Reference
    _init_user_alloc                          - Undefined Weak Reference
    _initio                                   - Undefined Weak Reference
    _rand_init                                - Undefined Weak Reference
    _signal_finish                            - Undefined Weak Reference
    _signal_init                              - Undefined Weak Reference
    _terminate_alloc                          - Undefined Weak Reference
    _terminate_user_alloc                     - Undefined Weak Reference
    _terminateio                              - Undefined Weak Reference
    __Vectors_Size                           0x000000d0   Number         0  startup_at32f425.o ABSOLUTE
    __Vectors                                0x08000000   Data           4  startup_at32f425.o(RESET)
    __Vectors_End                            0x080000d0   Data           0  startup_at32f425.o(RESET)
    __main                                   0x080000d1   Thumb Code     8  __main.o(!!!main)
    __scatterload                            0x080000d9   Thumb Code     0  __scatter.o(!!!scatter)
    __scatterload_rt2                        0x080000d9   Thumb Code    44  __scatter.o(!!!scatter)
    __scatterload_rt2_thumb_only             0x080000d9   Thumb Code     0  __scatter.o(!!!scatter)
    __scatterload_null                       0x080000e7   Thumb Code     0  __scatter.o(!!!scatter)
    __scatterload_copy                       0x0800010d   Thumb Code    26  __scatter_copy.o(!!handler_copy)
    __scatterload_zeroinit                   0x08000129   Thumb Code    28  __scatter_zi.o(!!handler_zi)
    __rt_lib_init                            0x08000145   Thumb Code     0  libinit.o(.ARM.Collect$$libinit$$00000000)
    __rt_lib_init_alloca_1                   0x08000147   Thumb Code     0  libinit2.o(.ARM.Collect$$libinit$$0000002E)
    __rt_lib_init_argv_1                     0x08000147   Thumb Code     0  libinit2.o(.ARM.Collect$$libinit$$0000002C)
    __rt_lib_init_atexit_1                   0x08000147   Thumb Code     0  libinit2.o(.ARM.Collect$$libinit$$0000001B)
    __rt_lib_init_clock_1                    0x08000147   Thumb Code     0  libinit2.o(.ARM.Collect$$libinit$$00000021)
    __rt_lib_init_cpp_1                      0x08000147   Thumb Code     0  libinit2.o(.ARM.Collect$$libinit$$00000032)
    __rt_lib_init_exceptions_1               0x08000147   Thumb Code     0  libinit2.o(.ARM.Collect$$libinit$$00000030)
    __rt_lib_init_fp_1                       0x08000147   Thumb Code     0  libinit2.o(.ARM.Collect$$libinit$$00000002)
    __rt_lib_init_fp_trap_1                  0x08000147   Thumb Code     0  libinit2.o(.ARM.Collect$$libinit$$0000001F)
    __rt_lib_init_getenv_1                   0x08000147   Thumb Code     0  libinit2.o(.ARM.Collect$$libinit$$00000023)
    __rt_lib_init_heap_1                     0x08000147   Thumb Code     0  libinit2.o(.ARM.Collect$$libinit$$0000000A)
    __rt_lib_init_lc_collate_1               0x08000147   Thumb Code     0  libinit2.o(.ARM.Collect$$libinit$$00000011)
    __rt_lib_init_lc_ctype_1                 0x08000147   Thumb Code     0  libinit2.o(.ARM.Collect$$libinit$$00000013)
    __rt_lib_init_lc_monetary_1              0x08000147   Thumb Code     0  libinit2.o(.ARM.Collect$$libinit$$00000015)
    __rt_lib_init_lc_numeric_1               0x08000147   Thumb Code     0  libinit2.o(.ARM.Collect$$libinit$$00000017)
    __rt_lib_init_lc_time_1                  0x08000147   Thumb Code     0  libinit2.o(.ARM.Collect$$libinit$$00000019)
    __rt_lib_init_preinit_1                  0x08000147   Thumb Code     0  libinit2.o(.ARM.Collect$$libinit$$00000004)
    __rt_lib_init_rand_1                     0x08000147   Thumb Code     0  libinit2.o(.ARM.Collect$$libinit$$0000000E)
    __rt_lib_init_return                     0x08000147   Thumb Code     0  libinit2.o(.ARM.Collect$$libinit$$00000033)
    __rt_lib_init_signal_1                   0x08000147   Thumb Code     0  libinit2.o(.ARM.Collect$$libinit$$0000001D)
    __rt_lib_init_stdio_1                    0x08000147   Thumb Code     0  libinit2.o(.ARM.Collect$$libinit$$00000025)
    __rt_lib_init_user_alloc_1               0x08000147   Thumb Code     0  libinit2.o(.ARM.Collect$$libinit$$0000000C)
    __rt_lib_shutdown                        0x08000149   Thumb Code     0  libshutdown.o(.ARM.Collect$$libshutdown$$00000000)
    __rt_lib_shutdown_cpp_1                  0x0800014b   Thumb Code     0  libshutdown2.o(.ARM.Collect$$libshutdown$$00000004)
    __rt_lib_shutdown_fini_1                 0x0800014b   Thumb Code     0  libshutdown2.o(.ARM.Collect$$libshutdown$$00000002)
    __rt_lib_shutdown_fp_trap_1              0x0800014b   Thumb Code     0  libshutdown2.o(.ARM.Collect$$libshutdown$$00000009)
    __rt_lib_shutdown_heap_1                 0x0800014b   Thumb Code     0  libshutdown2.o(.ARM.Collect$$libshutdown$$00000011)
    __rt_lib_shutdown_return                 0x0800014b   Thumb Code     0  libshutdown2.o(.ARM.Collect$$libshutdown$$00000012)
    __rt_lib_shutdown_signal_1               0x0800014b   Thumb Code     0  libshutdown2.o(.ARM.Collect$$libshutdown$$0000000C)
    __rt_lib_shutdown_stdio_1                0x0800014b   Thumb Code     0  libshutdown2.o(.ARM.Collect$$libshutdown$$00000006)
    __rt_lib_shutdown_user_alloc_1           0x0800014b   Thumb Code     0  libshutdown2.o(.ARM.Collect$$libshutdown$$0000000E)
    __rt_entry                               0x0800014d   Thumb Code     0  __rtentry.o(.ARM.Collect$$rtentry$$00000000)
    __rt_entry_presh_1                       0x0800014d   Thumb Code     0  __rtentry2.o(.ARM.Collect$$rtentry$$00000002)
    __rt_entry_sh                            0x0800014d   Thumb Code     0  __rtentry4.o(.ARM.Collect$$rtentry$$00000004)
    __rt_entry_li                            0x08000153   Thumb Code     0  __rtentry2.o(.ARM.Collect$$rtentry$$0000000A)
    __rt_entry_postsh_1                      0x08000153   Thumb Code     0  __rtentry2.o(.ARM.Collect$$rtentry$$00000009)
    __rt_entry_main                          0x08000157   Thumb Code     0  __rtentry2.o(.ARM.Collect$$rtentry$$0000000D)
    __rt_entry_postli_1                      0x08000157   Thumb Code     0  __rtentry2.o(.ARM.Collect$$rtentry$$0000000C)
    __rt_exit                                0x0800015f   Thumb Code     0  rtexit.o(.ARM.Collect$$rtexit$$00000000)
    __rt_exit_ls                             0x08000161   Thumb Code     0  rtexit2.o(.ARM.Collect$$rtexit$$00000003)
    __rt_exit_prels_1                        0x08000161   Thumb Code     0  rtexit2.o(.ARM.Collect$$rtexit$$00000002)
    __rt_exit_exit                           0x08000165   Thumb Code     0  rtexit2.o(.ARM.Collect$$rtexit$$00000004)
    Reset_Handler                            0x0800016d   Thumb Code     8  startup_at32f425.o(.text)
    ACC_IRQHandler                           0x08000187   Thumb Code     0  startup_at32f425.o(.text)
    ADC1_IRQHandler                          0x08000187   Thumb Code     0  startup_at32f425.o(.text)
    CAN1_IRQHandler                          0x08000187   Thumb Code     0  startup_at32f425.o(.text)
    CRM_IRQHandler                           0x08000187   Thumb Code     0  startup_at32f425.o(.text)
    DMA1_Channel1_IRQHandler                 0x08000187   Thumb Code     0  startup_at32f425.o(.text)
    DMA1_Channel3_2_IRQHandler               0x08000187   Thumb Code     0  startup_at32f425.o(.text)
    DMA1_Channel7_4_IRQHandler               0x08000187   Thumb Code     0  startup_at32f425.o(.text)
    ERTC_IRQHandler                          0x08000187   Thumb Code     0  startup_at32f425.o(.text)
    EXINT15_4_IRQHandler                     0x08000187   Thumb Code     0  startup_at32f425.o(.text)
    EXINT1_0_IRQHandler                      0x08000187   Thumb Code     0  startup_at32f425.o(.text)
    EXINT3_2_IRQHandler                      0x08000187   Thumb Code     0  startup_at32f425.o(.text)
    FLASH_IRQHandler                         0x08000187   Thumb Code     0  startup_at32f425.o(.text)
    I2C1_ERR_IRQHandler                      0x08000187   Thumb Code     0  startup_at32f425.o(.text)
    I2C1_EVT_IRQHandler                      0x08000187   Thumb Code     0  startup_at32f425.o(.text)
    I2C2_ERR_IRQHandler                      0x08000187   Thumb Code     0  startup_at32f425.o(.text)
    I2C2_EVT_IRQHandler                      0x08000187   Thumb Code     0  startup_at32f425.o(.text)
    OTGFS1_IRQHandler                        0x08000187   Thumb Code     0  startup_at32f425.o(.text)
    PVM_IRQHandler                           0x08000187   Thumb Code     0  startup_at32f425.o(.text)
    SPI1_IRQHandler                          0x08000187   Thumb Code     0  startup_at32f425.o(.text)
    SPI2_IRQHandler                          0x08000187   Thumb Code     0  startup_at32f425.o(.text)
    SPI3_IRQHandler                          0x08000187   Thumb Code     0  startup_at32f425.o(.text)
    TMR13_GLOBAL_IRQHandler                  0x08000187   Thumb Code     0  startup_at32f425.o(.text)
    TMR14_GLOBAL_IRQHandler                  0x08000187   Thumb Code     0  startup_at32f425.o(.text)
    TMR15_GLOBAL_IRQHandler                  0x08000187   Thumb Code     0  startup_at32f425.o(.text)
    TMR16_GLOBAL_IRQHandler                  0x08000187   Thumb Code     0  startup_at32f425.o(.text)
    TMR17_GLOBAL_IRQHandler                  0x08000187   Thumb Code     0  startup_at32f425.o(.text)
    TMR1_BRK_OVF_TRG_HALL_IRQHandler         0x08000187   Thumb Code     0  startup_at32f425.o(.text)
    TMR1_CH_IRQHandler                       0x08000187   Thumb Code     0  startup_at32f425.o(.text)
    TMR2_GLOBAL_IRQHandler                   0x08000187   Thumb Code     0  startup_at32f425.o(.text)
    TMR3_GLOBAL_IRQHandler                   0x08000187   Thumb Code     0  startup_at32f425.o(.text)
    TMR6_GLOBAL_IRQHandler                   0x08000187   Thumb Code     0  startup_at32f425.o(.text)
    TMR7_GLOBAL_IRQHandler                   0x08000187   Thumb Code     0  startup_at32f425.o(.text)
    USART1_IRQHandler                        0x08000187   Thumb Code     0  startup_at32f425.o(.text)
    USART2_IRQHandler                        0x08000187   Thumb Code     0  startup_at32f425.o(.text)
    USART4_3_IRQHandler                      0x08000187   Thumb Code     0  startup_at32f425.o(.text)
    WWDT_IRQHandler                          0x08000187   Thumb Code     0  startup_at32f425.o(.text)
    __user_initial_stackheap                 0x08000189   Thumb Code     0  startup_at32f425.o(.text)
    __aeabi_memcpy                           0x080001ad   Thumb Code     0  rt_memcpy_v6.o(.text)
    __rt_memcpy                              0x080001ad   Thumb Code   138  rt_memcpy_v6.o(.text)
    _memcpy_lastbytes                        0x08000213   Thumb Code     0  rt_memcpy_v6.o(.text)
    __use_two_region_memory                  0x08000237   Thumb Code     2  heapauxi.o(.text)
    __rt_heap_escrow$2region                 0x08000239   Thumb Code     2  heapauxi.o(.text)
    __rt_heap_expand$2region                 0x0800023b   Thumb Code     2  heapauxi.o(.text)
    __aeabi_memcpy4                          0x0800023d   Thumb Code     0  rt_memcpy_w.o(.text)
    __aeabi_memcpy8                          0x0800023d   Thumb Code     0  rt_memcpy_w.o(.text)
    __rt_memcpy_w                            0x0800023d   Thumb Code   100  rt_memcpy_w.o(.text)
    _memcpy_lastbytes_aligned                0x08000285   Thumb Code     0  rt_memcpy_w.o(.text)
    __user_setup_stackheap                   0x080002a1   Thumb Code    74  sys_stackheap_outer.o(.text)
    exit                                     0x080002eb   Thumb Code    18  exit.o(.text)
    __user_libspace                          0x080002fd   Thumb Code     8  libspace.o(.text)
    __user_perproc_libspace                  0x080002fd   Thumb Code     0  libspace.o(.text)
    __user_perthread_libspace                0x080002fd   Thumb Code     0  libspace.o(.text)
    _sys_exit                                0x08000305   Thumb Code     8  sys_exit.o(.text)
    __I$use$semihosting                      0x08000311   Thumb Code     0  use_no_semi.o(.text)
    __use_no_semihosting_swi                 0x08000311   Thumb Code     2  use_no_semi.o(.text)
    BusFault_Handler                         0x08000313   Thumb Code     4  at32f425_int.o(i.BusFault_Handler)
    __semihosting_library_function           0x08000313   Thumb Code     0  indicate_semi.o(.text)
    DebugMon_Handler                         0x08000317   Thumb Code     2  at32f425_int.o(i.DebugMon_Handler)
    HardFault_Handler                        0x08000319   Thumb Code     4  at32f425_int.o(i.HardFault_Handler)
    MemManage_Handler                        0x0800031d   Thumb Code     4  at32f425_int.o(i.MemManage_Handler)
    NMI_Handler                              0x08000321   Thumb Code     2  at32f425_int.o(i.NMI_Handler)
    PendSV_Handler                           0x08000323   Thumb Code     2  at32f425_int.o(i.PendSV_Handler)
    SVC_Handler                              0x08000325   Thumb Code     2  at32f425_int.o(i.SVC_Handler)
    SysTick_Handler                          0x08000327   Thumb Code     2  at32f425_int.o(i.SysTick_Handler)
    SystemInit                               0x08000329   Thumb Code    96  system_at32f425.o(i.SystemInit)
    UsageFault_Handler                       0x08000395   Thumb Code     4  at32f425_int.o(i.UsageFault_Handler)
    app_load                                 0x080003b5   Thumb Code   156  bsp_iap.o(i.app_load)
    crm_periph_clock_enable                  0x08000461   Thumb Code    62  at32f425_crm.o(i.crm_periph_clock_enable)
    crm_reset                                0x080004a5   Thumb Code    90  at32f425_crm.o(i.crm_reset)
    flash_1kb_write                          0x08000509   Thumb Code    62  bsp_flash.o(i.flash_1kb_write)
    flash_halfword_program                   0x08000549   Thumb Code    50  at32f425_flash.o(i.flash_halfword_program)
    flash_lock                               0x08000581   Thumb Code    16  at32f425_flash.o(i.flash_lock)
    flash_operation_status_get               0x08000595   Thumb Code    48  at32f425_flash.o(i.flash_operation_status_get)
    flash_operation_wait_for                 0x080005c9   Thumb Code    36  at32f425_flash.o(i.flash_operation_wait_for)
    flash_sector_erase                       0x080005ed   Thumb Code    58  at32f425_flash.o(i.flash_sector_erase)
    flash_unlock                             0x0800062d   Thumb Code    12  at32f425_flash.o(i.flash_unlock)
    flash_write                              0x08000645   Thumb Code    20  bsp_flash.o(i.flash_write)
    main                                     0x0800065d   Thumb Code    76  main_1.o(i.main)
    nvic_irq_disable                         0x080006bd   Thumb Code    38  at32f425_misc.o(i.nvic_irq_disable)
    Region$$Table$$Base                      0x080006e8   Number         0  anon$$obj.o(Region$$Table)
    Region$$Table$$Limit                     0x08000708   Number         0  anon$$obj.o(Region$$Table)
    jump_to_app                              0x20000000   Data           4  bsp_iap.o(.data)
    fw_info                                  0x20000004   Data          13  main_1.o(.bss)
    buffer                                   0x20000011   Data        1024  main_1.o(.bss)
    __libspace_start                         0x20000414   Data          96  libspace.o(.bss)
    __temporary_stack_top$libspace           0x20000474   Data           0  libspace.o(.bss)



==============================================================================

Memory Map of the image

  Image Entry point : 0x080000d1

  Load Region LR_IROM1 (Base: 0x08000000, Size: 0x0000070c, Max: 0x00001000, ABSOLUTE)

    Execution Region ER_IROM1 (Exec base: 0x08000000, Load base: 0x08000000, Size: 0x00000708, Max: 0x00001000, ABSOLUTE)

    Exec Addr    Load Addr    Size         Type   Attr      Idx    E Section Name        Object

    0x08000000   0x08000000   0x000000d0   Data   RO          134    RESET               startup_at32f425.o
    0x080000d0   0x080000d0   0x00000008   Code   RO         2869  * !!!main             c_w.l(__main.o)
    0x080000d8   0x080000d8   0x00000034   Code   RO         3040    !!!scatter          c_w.l(__scatter.o)
    0x0800010c   0x0800010c   0x0000001a   Code   RO         3042    !!handler_copy      c_w.l(__scatter_copy.o)
    0x08000126   0x08000126   0x00000002   PAD
    0x08000128   0x08000128   0x0000001c   Code   RO         3044    !!handler_zi        c_w.l(__scatter_zi.o)
    0x08000144   0x08000144   0x00000002   Code   RO         2908    .ARM.Collect$$libinit$$00000000  c_w.l(libinit.o)
    0x08000146   0x08000146   0x00000000   Code   RO         2921    .ARM.Collect$$libinit$$00000002  c_w.l(libinit2.o)
    0x08000146   0x08000146   0x00000000   Code   RO         2923    .ARM.Collect$$libinit$$00000004  c_w.l(libinit2.o)
    0x08000146   0x08000146   0x00000000   Code   RO         2926    .ARM.Collect$$libinit$$0000000A  c_w.l(libinit2.o)
    0x08000146   0x08000146   0x00000000   Code   RO         2928    .ARM.Collect$$libinit$$0000000C  c_w.l(libinit2.o)
    0x08000146   0x08000146   0x00000000   Code   RO         2930    .ARM.Collect$$libinit$$0000000E  c_w.l(libinit2.o)
    0x08000146   0x08000146   0x00000000   Code   RO         2933    .ARM.Collect$$libinit$$00000011  c_w.l(libinit2.o)
    0x08000146   0x08000146   0x00000000   Code   RO         2935    .ARM.Collect$$libinit$$00000013  c_w.l(libinit2.o)
    0x08000146   0x08000146   0x00000000   Code   RO         2937    .ARM.Collect$$libinit$$00000015  c_w.l(libinit2.o)
    0x08000146   0x08000146   0x00000000   Code   RO         2939    .ARM.Collect$$libinit$$00000017  c_w.l(libinit2.o)
    0x08000146   0x08000146   0x00000000   Code   RO         2941    .ARM.Collect$$libinit$$00000019  c_w.l(libinit2.o)
    0x08000146   0x08000146   0x00000000   Code   RO         2943    .ARM.Collect$$libinit$$0000001B  c_w.l(libinit2.o)
    0x08000146   0x08000146   0x00000000   Code   RO         2945    .ARM.Collect$$libinit$$0000001D  c_w.l(libinit2.o)
    0x08000146   0x08000146   0x00000000   Code   RO         2947    .ARM.Collect$$libinit$$0000001F  c_w.l(libinit2.o)
    0x08000146   0x08000146   0x00000000   Code   RO         2949    .ARM.Collect$$libinit$$00000021  c_w.l(libinit2.o)
    0x08000146   0x08000146   0x00000000   Code   RO         2951    .ARM.Collect$$libinit$$00000023  c_w.l(libinit2.o)
    0x08000146   0x08000146   0x00000000   Code   RO         2953    .ARM.Collect$$libinit$$00000025  c_w.l(libinit2.o)
    0x08000146   0x08000146   0x00000000   Code   RO         2957    .ARM.Collect$$libinit$$0000002C  c_w.l(libinit2.o)
    0x08000146   0x08000146   0x00000000   Code   RO         2959    .ARM.Collect$$libinit$$0000002E  c_w.l(libinit2.o)
    0x08000146   0x08000146   0x00000000   Code   RO         2961    .ARM.Collect$$libinit$$00000030  c_w.l(libinit2.o)
    0x08000146   0x08000146   0x00000000   Code   RO         2963    .ARM.Collect$$libinit$$00000032  c_w.l(libinit2.o)
    0x08000146   0x08000146   0x00000002   Code   RO         2964    .ARM.Collect$$libinit$$00000033  c_w.l(libinit2.o)
    0x08000148   0x08000148   0x00000002   Code   RO         2995    .ARM.Collect$$libshutdown$$00000000  c_w.l(libshutdown.o)
    0x0800014a   0x0800014a   0x00000000   Code   RO         3021    .ARM.Collect$$libshutdown$$00000002  c_w.l(libshutdown2.o)
    0x0800014a   0x0800014a   0x00000000   Code   RO         3023    .ARM.Collect$$libshutdown$$00000004  c_w.l(libshutdown2.o)
    0x0800014a   0x0800014a   0x00000000   Code   RO         3025    .ARM.Collect$$libshutdown$$00000006  c_w.l(libshutdown2.o)
    0x0800014a   0x0800014a   0x00000000   Code   RO         3028    .ARM.Collect$$libshutdown$$00000009  c_w.l(libshutdown2.o)
    0x0800014a   0x0800014a   0x00000000   Code   RO         3031    .ARM.Collect$$libshutdown$$0000000C  c_w.l(libshutdown2.o)
    0x0800014a   0x0800014a   0x00000000   Code   RO         3033    .ARM.Collect$$libshutdown$$0000000E  c_w.l(libshutdown2.o)
    0x0800014a   0x0800014a   0x00000000   Code   RO         3036    .ARM.Collect$$libshutdown$$00000011  c_w.l(libshutdown2.o)
    0x0800014a   0x0800014a   0x00000002   Code   RO         3037    .ARM.Collect$$libshutdown$$00000012  c_w.l(libshutdown2.o)
    0x0800014c   0x0800014c   0x00000000   Code   RO         2871    .ARM.Collect$$rtentry$$00000000  c_w.l(__rtentry.o)
    0x0800014c   0x0800014c   0x00000000   Code   RO         2879    .ARM.Collect$$rtentry$$00000002  c_w.l(__rtentry2.o)
    0x0800014c   0x0800014c   0x00000006   Code   RO         2891    .ARM.Collect$$rtentry$$00000004  c_w.l(__rtentry4.o)
    0x08000152   0x08000152   0x00000000   Code   RO         2881    .ARM.Collect$$rtentry$$00000009  c_w.l(__rtentry2.o)
    0x08000152   0x08000152   0x00000004   Code   RO         2882    .ARM.Collect$$rtentry$$0000000A  c_w.l(__rtentry2.o)
    0x08000156   0x08000156   0x00000000   Code   RO         2884    .ARM.Collect$$rtentry$$0000000C  c_w.l(__rtentry2.o)
    0x08000156   0x08000156   0x00000008   Code   RO         2885    .ARM.Collect$$rtentry$$0000000D  c_w.l(__rtentry2.o)
    0x0800015e   0x0800015e   0x00000002   Code   RO         2912    .ARM.Collect$$rtexit$$00000000  c_w.l(rtexit.o)
    0x08000160   0x08000160   0x00000000   Code   RO         2968    .ARM.Collect$$rtexit$$00000002  c_w.l(rtexit2.o)
    0x08000160   0x08000160   0x00000004   Code   RO         2969    .ARM.Collect$$rtexit$$00000003  c_w.l(rtexit2.o)
    0x08000164   0x08000164   0x00000006   Code   RO         2970    .ARM.Collect$$rtexit$$00000004  c_w.l(rtexit2.o)
    0x0800016a   0x0800016a   0x00000002   PAD
    0x0800016c   0x0800016c   0x00000040   Code   RO          135    .text               startup_at32f425.o
    0x080001ac   0x080001ac   0x0000008a   Code   RO         2865    .text               c_w.l(rt_memcpy_v6.o)
    0x08000236   0x08000236   0x00000006   Code   RO         2867    .text               c_w.l(heapauxi.o)
    0x0800023c   0x0800023c   0x00000064   Code   RO         2876    .text               c_w.l(rt_memcpy_w.o)
    0x080002a0   0x080002a0   0x0000004a   Code   RO         2895    .text               c_w.l(sys_stackheap_outer.o)
    0x080002ea   0x080002ea   0x00000012   Code   RO         2897    .text               c_w.l(exit.o)
    0x080002fc   0x080002fc   0x00000008   Code   RO         2909    .text               c_w.l(libspace.o)
    0x08000304   0x08000304   0x0000000c   Code   RO         2965    .text               c_w.l(sys_exit.o)
    0x08000310   0x08000310   0x00000002   Code   RO         2984    .text               c_w.l(use_no_semi.o)
    0x08000312   0x08000312   0x00000000   Code   RO         2986    .text               c_w.l(indicate_semi.o)
    0x08000312   0x08000312   0x00000004   Code   RO         2672    i.BusFault_Handler  at32f425_int.o
    0x08000316   0x08000316   0x00000002   Code   RO         2673    i.DebugMon_Handler  at32f425_int.o
    0x08000318   0x08000318   0x00000004   Code   RO         2674    i.HardFault_Handler  at32f425_int.o
    0x0800031c   0x0800031c   0x00000004   Code   RO         2675    i.MemManage_Handler  at32f425_int.o
    0x08000320   0x08000320   0x00000002   Code   RO         2676    i.NMI_Handler       at32f425_int.o
    0x08000322   0x08000322   0x00000002   Code   RO         2677    i.PendSV_Handler    at32f425_int.o
    0x08000324   0x08000324   0x00000002   Code   RO         2678    i.SVC_Handler       at32f425_int.o
    0x08000326   0x08000326   0x00000002   Code   RO         2679    i.SysTick_Handler   at32f425_int.o
    0x08000328   0x08000328   0x0000006c   Code   RO            4    i.SystemInit        system_at32f425.o
    0x08000394   0x08000394   0x00000004   Code   RO         2680    i.UsageFault_Handler  at32f425_int.o
    0x08000398   0x08000398   0x0000001c   Code   RO         2792    i.__NVIC_ClearPendingIRQ  bsp_iap.o
    0x080003b4   0x080003b4   0x000000ac   Code   RO         2793    i.app_load          bsp_iap.o
    0x08000460   0x08000460   0x00000044   Code   RO          165    i.crm_periph_clock_enable  at32f425_crm.o
    0x080004a4   0x080004a4   0x00000064   Code   RO          170    i.crm_reset         at32f425_crm.o
    0x08000508   0x08000508   0x0000003e   Code   RO         2747    i.flash_1kb_write   bsp_flash.o
    0x08000546   0x08000546   0x00000002   PAD
    0x08000548   0x08000548   0x00000038   Code   RO         1815    i.flash_halfword_program  at32f425_flash.o
    0x08000580   0x08000580   0x00000014   Code   RO         1818    i.flash_lock        at32f425_flash.o
    0x08000594   0x08000594   0x00000034   Code   RO         1820    i.flash_operation_status_get  at32f425_flash.o
    0x080005c8   0x080005c8   0x00000024   Code   RO         1821    i.flash_operation_wait_for  at32f425_flash.o
    0x080005ec   0x080005ec   0x00000040   Code   RO         1822    i.flash_sector_erase  at32f425_flash.o
    0x0800062c   0x0800062c   0x00000018   Code   RO         1831    i.flash_unlock      at32f425_flash.o
    0x08000644   0x08000644   0x00000018   Code   RO         2750    i.flash_write       bsp_flash.o
    0x0800065c   0x0800065c   0x00000060   Code   RO         2834    i.main              main_1.o
    0x080006bc   0x080006bc   0x0000002c   Code   RO          699    i.nvic_irq_disable  at32f425_misc.o
    0x080006e8   0x080006e8   0x00000020   Data   RO         3038    Region$$Table       anon$$obj.o


    Execution Region RW_IRAM1 (Exec base: 0x20000000, Load base: 0x08000708, Size: 0x00000a78, Max: 0x00005000, ABSOLUTE)

    Exec Addr    Load Addr    Size         Type   Attr      Idx    E Section Name        Object

    0x20000000   0x08000708   0x00000004   Data   RW         2794    .data               bsp_iap.o
    0x20000004        -       0x0000040d   Zero   RW         2835    .bss                main_1.o
    0x20000411   0x0800070c   0x00000003   PAD
    0x20000414        -       0x00000060   Zero   RW         2910    .bss                c_w.l(libspace.o)
    0x20000474   0x0800070c   0x00000004   PAD
    0x20000478        -       0x00000200   Zero   RW          133    HEAP                startup_at32f425.o
    0x20000678        -       0x00000400   Zero   RW          132    STACK               startup_at32f425.o


==============================================================================

Image component sizes


      Code (inc. data)   RO Data    RW Data    ZI Data      Debug   Object Name

       168         16          0          0          0       1230   at32f425_crm.o
       252         32          0          0          0       3854   at32f425_flash.o
        26          0          0          0          0       3978   at32f425_int.o
        44          6          0          0          0      30910   at32f425_misc.o
        86          4          0          0          0       1724   bsp_flash.o
       200         22          0          4          0      37440   bsp_iap.o
        96         20          0          0       1037       1396   main_1.o
        64         26        208          0       1536        948   startup_at32f425.o
       108         12          0          0          0      26913   system_at32f425.o

    ----------------------------------------------------------------------
      1046        138        240          4       2576     108393   Object Totals
         0          0         32          0          0          0   (incl. Generated)
         2          0          0          0          3          0   (incl. Padding)

    ----------------------------------------------------------------------

      Code (inc. data)   RO Data    RW Data    ZI Data      Debug   Library Member Name

         8          0          0          0          0         68   __main.o
         0          0          0          0          0          0   __rtentry.o
        12          0          0          0          0          0   __rtentry2.o
         6          0          0          0          0          0   __rtentry4.o
        52          8          0          0          0          0   __scatter.o
        26          0          0          0          0          0   __scatter_copy.o
        28          0          0          0          0          0   __scatter_zi.o
        18          0          0          0          0         80   exit.o
         6          0          0          0          0        152   heapauxi.o
         0          0          0          0          0          0   indicate_semi.o
         2          0          0          0          0          0   libinit.o
         2          0          0          0          0          0   libinit2.o
         2          0          0          0          0          0   libshutdown.o
         2          0          0          0          0          0   libshutdown2.o
         8          4          0          0         96         68   libspace.o
       138          0          0          0          0         68   rt_memcpy_v6.o
       100          0          0          0          0         80   rt_memcpy_w.o
         2          0          0          0          0          0   rtexit.o
        10          0          0          0          0          0   rtexit2.o
        12          4          0          0          0         68   sys_exit.o
        74          0          0          0          0         80   sys_stackheap_outer.o
         2          0          0          0          0         68   use_no_semi.o

    ----------------------------------------------------------------------
       514         16          0          0        100        732   Library Totals
         4          0          0          0          4          0   (incl. Padding)

    ----------------------------------------------------------------------

      Code (inc. data)   RO Data    RW Data    ZI Data      Debug   Library Name

       510         16          0          0         96        732   c_w.l

    ----------------------------------------------------------------------
       514         16          0          0        100        732   Library Totals

    ----------------------------------------------------------------------

==============================================================================


      Code (inc. data)   RO Data    RW Data    ZI Data      Debug   

      1560        154        240          4       2676     107769   Grand Totals
      1560        154        240          4       2676     107769   ELF Image Totals
      1560        154        240          4          0          0   ROM Totals

==============================================================================

    Total RO  Size (Code + RO Data)                 1800 (   1.76kB)
    Total RW  Size (RW Data + ZI Data)              2680 (   2.62kB)
    Total ROM Size (Code + RO Data + RW Data)       1804 (   1.76kB)

==============================================================================

