<html>
<body>
<pre>
<h1>µVision Build Log</h1>
<h2>Tool Versions:</h2>
IDE-Version: ¦ÌVision V5.35.0.0
Copyright (C) 2021 ARM Ltd and ARM Germany GmbH. All rights reserved.
License Information: 0 1505719209@qq.com, 0, LIC=AK1BF-6GXJJ-KUW4L-0RS7P-WTZ5S-3S3Y4
 
Tool Versions:
Toolchain:       MDK-ARM Professional  Version: 5.35.0.2
Toolchain Path:  D:\Keil_v5\ARM\ARMCC\Bin
C Compiler:      Armcc.exe V5.06 update 7 (build 960)
Assembler:       Armasm.exe V5.06 update 7 (build 960)
Linker/Locator:  ArmLink.exe V5.06 update 7 (build 960)
Library Manager: ArmAr.exe V5.06 update 7 (build 960)
Hex Converter:   FromElf.exe V5.06 update 7 (build 960)
CPU DLL:         SARMCM3.DLL V5.35.0.2
Dialog DLL:      DCM.DLL V1.17.3.0
Target DLL:      CMSIS_AGDI.dll V1.33.0.0
Dialog DLL:      TCM.DLL V1.53.0.0
 
<h2>Project:</h2>
D:\USER\AT32\FBoard-c2\Bootloader\proj_mdk_at32_kboard\proj_mdk\proj_mdk_at32_kboard.uvprojx
Project File Date:  11/13/2024

<h2>Output:</h2>
*** Using Compiler 'V5.06 update 7 (build 960)', folder: 'D:\Keil_v5\ARM\ARMCC\Bin'
Rebuild target 'proj_mdk_at32_kboard'
Note: source file '..\source\main\main.c' - object file renamed from '.\objects\main.o' to '.\objects\main_1.o'.
assembling startup_at32f425.s...
compiling at32f425_flash.c...
compiling system_at32f425.c...
compiling at32f425_can.c...
compiling at32f425_adc.c...
compiling at32f425_usart.c...
compiling at32f425_misc.c...
compiling at32f425_dma.c...
compiling at32f425_acc.c...
compiling at32f425_gpio.c...
compiling at32f425_debug.c...
compiling at32f425_exint.c...
compiling at32f425_pwc.c...
compiling at32f425_crm.c...
compiling at32f425_scfg.c...
compiling at32f425_ertc.c...
compiling at32f425_wdt.c...
compiling at32f425_int.c...
compiling at32f425_wwdt.c...
compiling bsp_flash.c...
compiling bsp_iap.c...
..\source\bsp\bsp_iap\bsp_iap.c(30): warning:  #1-D: last line of file ends without a newline
  }
..\source\bsp\bsp_iap\bsp_iap.c: 1 warning, 0 errors
compiling main.c...
compiling at32f425_tmr.c...
linking...
Program Size: Code=1560 RO-data=240 RW-data=4 ZI-data=2676  
FromELF: creating hex file...
After Build - User command #1: D:\Keil_v5\ARM\ARMCC\bin\fromelf.exe  --bin --output .\Objects\A01-3_V100.bin .\Objects\proj_mdk_at32_kboard.axf
".\objects\proj_mdk_at32_kboard.axf" - 0 Error(s), 1 Warning(s).

<h2>Software Packages used:</h2>

Package Vendor: ArteryTek
                
                ArteryTek.AT32F425_DFP.2.1.3
                ArteryTek AT32F425 Series Device Support,Drivers

<h2>Collection of Component include folders:</h2>
  D:\Keil_v5\ARM\PACK\ArteryTek\AT32F425_DFP\2.1.3\Device\Include

<h2>Collection of Component Files used:</h2>
Build Time Elapsed:  00:00:01
</pre>
</body>
</html>
