<html>
<body>
<pre>
<h1>µVision Build Log</h1>
<h2>Tool Versions:</h2>
IDE-Version: ¦ÌVision V5.35.0.0
Copyright (C) 2021 ARM Ltd and ARM Germany GmbH. All rights reserved.
License Information: 0 1505719209@qq.com, 0, LIC=AK1BF-6GXJJ-KUW4L-0RS7P-WTZ5S-3S3Y4
 
Tool Versions:
Toolchain:       MDK-ARM Professional  Version: 5.35.0.2
Toolchain Path:  D:\Keil_v5\ARM\ARMCC\Bin
C Compiler:      Armcc.exe V5.06 update 7 (build 960)
Assembler:       Armasm.exe V5.06 update 7 (build 960)
Linker/Locator:  ArmLink.exe V5.06 update 7 (build 960)
Library Manager: ArmAr.exe V5.06 update 7 (build 960)
Hex Converter:   FromElf.exe V5.06 update 7 (build 960)
CPU DLL:         SARMCM3.DLL V5.35.0.2
Dialog DLL:      DCM.DLL V1.17.3.0
Target DLL:      CMSIS_AGDI.dll V1.33.0.0
Dialog DLL:      TCM.DLL V1.53.0.0
 
<h2>Project:</h2>
D:\USER\AT32\AT32F425_Firmware_Library_V2.1.2\proj_mdk_at32_kboard\proj_mdk\printf.uvprojx
Project File Date:  09/30/2024

<h2>Output:</h2>
*** Using Compiler 'V5.06 update 7 (build 960)', folder: 'D:\Keil_v5\ARM\ARMCC\Bin'
Rebuild target 'printf'
assembling startup_at32f425.s...
compiling at32f425_clock.c...
compiling at32f425_int.c...
compiling main.c...
compiling at32f425_usart.c...
compiling system_at32f425.c...
compiling at32f425_misc.c...
compiling at32f425_gpio.c...
compiling at32f425_board.c...
compiling at32f425_crm.c...
linking...
Program Size: Code=3990 RO-data=374 RW-data=56 ZI-data=1632  
FromELF: creating hex file...
".\objects\printf.axf" - 0 Error(s), 0 Warning(s).

<h2>Software Packages used:</h2>

Package Vendor: ArteryTek
                
                ArteryTek.AT32F425_DFP.2.1.3
                ArteryTek AT32F425 Series Device Support,Drivers

<h2>Collection of Component include folders:</h2>
  D:\Keil_v5\ARM\PACK\ArteryTek\AT32F425_DFP\2.1.3\Device\Include

<h2>Collection of Component Files used:</h2>
Build Time Elapsed:  00:00:00
</pre>
</body>
</html>
